✓ Initialized. View run at 
https://modal.com/apps/softgeek23/main/ap-adTg4wFhScC0Y4QFlZH8sj
Building image im-sZPqk6clUoPAiz2vf92WUt

=> Step 0: FROM base

=> Step 1: RUN apt-get update
Get:1 http://deb.debian.org/debian bookworm InRelease [151 kB]
Get:2 http://deb.debian.org/debian bookworm-updates InRelease [55.4 kB]
Get:3 http://deb.debian.org/debian-security bookworm-security InRelease [34.8 kB]
Get:4 http://deb.debian.org/debian bookworm/main amd64 Packages [8790 kB]
Get:5 http://deb.debian.org/debian bookworm-updates/main amd64 Packages.diff/Index [21.8 kB]
Ign:5 http://deb.debian.org/debian bookworm-updates/main amd64 Packages.diff/Index
Get:6 http://deb.debian.org/debian bookworm-updates/main amd64 Packages [6924 B]
Get:7 http://deb.debian.org/debian-security bookworm-security/main amd64 Packages [349 kB]
Fetched 9410 kB in 1s (8578 kB/s)
Reading package lists...

=> Step 2: RUN apt-get install -y build-essential
Reading package lists...
Building dependency tree...
Reading state information...
build-essential is already the newest version (12.9).
0 upgraded, 0 newly installed, 0 to remove and 62 not upgraded.
Saving image...
Image saved, took 446.50ms

Built image im-sZPqk6clUoPAiz2vf92WUt in 3.55s


Building image im-q62nHgDfIOp94NWmQai7zs

=> Step 0: FROM base

=> Step 1: RUN python -m pip install huggingface-hub==0.35.3 numpy==2.3.3 torch==2.8.0 torchao==0.13.0 transformers==4.56.2
Looking in indexes: http://pypi-mirror.modal.local:5555/simple
Collecting huggingface-hub==0.35.3
  Downloading http://pypi-mirror.modal.local:5555/simple/huggingface-hub/huggingface_hub-0.35.3-py3-none-any.whl.metadata (14 kB)
Collecting numpy==2.3.3
  Downloading http://pypi-mirror.modal.local:5555/simple/numpy/numpy-2.3.3-cp312-cp312-manylinux_2_27_x86_64.manylinux_2_28_x86_64.whl.metadata (62 kB)
Collecting torch==2.8.0
  Downloading http://pypi-mirror.modal.local:5555/simple/torch/torch-2.8.0-cp312-cp312-manylinux_2_28_x86_64.whl.metadata (30 kB)
Collecting torchao==0.13.0
  Downloading http://pypi-mirror.modal.local:5555/simple/torchao/torchao-0.13.0-1-cp39-abi3-manylinux_2_24_x86_64.manylinux_2_28_x86_64.whl.metadata (19 kB)
Collecting transformers==4.56.2
  Downloading http://pypi-mirror.modal.local:5555/simple/transformers/transformers-4.56.2-py3-none-any.whl.metadata (40 kB)
Collecting filelock (from huggingface-hub==0.35.3)
  Downloading http://pypi-mirror.modal.local:5555/simple/filelock/filelock-4.0.12-py3-none-any.whl.metadata (2.0 kB)
Collecting fsspec>=2023.5.0 (from huggingface-hub==0.35.3)
  Downloading http://pypi-mirror.modal.local:5555/simple/fsspec/fsspec-2026.9.0-py3-none-any.whl.metadata (10 kB)
Collecting packaging>=20.9 (from huggingface-hub==0.35.3)
  Downloading http://pypi-mirror.modal.local:5555/simple/packaging/packaging-26.3-py3-none-any.whl.metadata (3.5 kB)
Collecting pyyaml>=5.1 (from huggingface-hub==0.35.3)
  Downloading http://pypi-mirror.modal.local:5555/simple/pyyaml/pyyaml-6.0.3-cp312-cp312-manylinux2014_x86_64.manylinux_2_17_x86_64.manylinux_2_28_x86_64.whl.metadata (2.4 kB)
Collecting requests (from huggingface-hub==0.35.3)
  Downloading http://pypi-mirror.modal.local:5555/simple/requests/requests-2.34.2-py3-none-any.whl.metadata (4.8 kB)
Collecting tqdm>=4.42.1 (from huggingface-hub==0.35.3)
  Downloading http://pypi-mirror.modal.local:5555/simple/tqdm/tqdm-4.70.1-py3-none-any.whl.metadata (57 kB)
Collecting typing-extensions>=3.7.4.3 (from huggingface-hub==0.35.3)
  Downloading http://pypi-mirror.modal.local:5555/simple/typing-extensions/typing_extensions-4.16.0-py3-none-any.whl.metadata (3.3 kB)
Collecting hf-xet<2.0.0,>=1.1.3 (from huggingface-hub==0.35.3)
  Downloading http://pypi-mirror.modal.local:5555/simple/hf-xet/hf_xet-1.7.0-cp38-abi3-manylinux2014_x86_64.manylinux_2_17_x86_64.whl.metadata (4.9 kB)
Collecting setuptools (from torch==2.8.0)
  Downloading http://pypi-mirror.modal.local:5555/simple/setuptools/setuptools-84.0.0-py3-none-any.whl.metadata (6.6 kB)
Collecting sympy>=1.13.3 (from torch==2.8.0)
  Downloading http://pypi-mirror.modal.local:5555/simple/sympy/sympy-1.14.0-py3-none-any.whl.metadata (12 kB)
Collecting networkx (from torch==2.8.0)
  Downloading http://pypi-mirror.modal.local:5555/simple/networkx/networkx-3.7-py3-none-any.whl.metadata (6.7 kB)
Collecting jinja2 (from torch==2.8.0)
  Downloading http://pypi-mirror.modal.local:5555/simple/jinja2/jinja2-3.1.6-py3-none-any.whl.metadata (2.9 kB)
Collecting nvidia-cuda-nvrtc-cu12==12.8.93 (from torch==2.8.0)
  Downloading http://pypi-mirror.modal.local:5555/simple/nvidia-cuda-nvrtc-cu12/nvidia_cuda_nvrtc_cu12-12.8.93-py3-none-manylinux2010_x86_64.manylinux_2_12_x86_64.whl.metadata (1.7 kB)
Collecting nvidia-cuda-runtime-cu12==12.8.90 (from torch==2.8.0)
  Downloading http://pypi-mirror.modal.local:5555/simple/nvidia-cuda-runtime-cu12/nvidia_cuda_runtime_cu12-12.8.90-py3-none-manylinux2014_x86_64.manylinux_2_17_x86_64.whl.metadata (1.7 kB)
Collecting nvidia-cuda-cupti-cu12==12.8.90 (from torch==2.8.0)
  Downloading http://pypi-mirror.modal.local:5555/simple/nvidia-cuda-cupti-cu12/nvidia_cuda_cupti_cu12-12.8.90-py3-none-manylinux2014_x86_64.manylinux_2_17_x86_64.whl.metadata (1.7 kB)
Collecting nvidia-cudnn-cu12==9.10.2.21 (from torch==2.8.0)
  Downloading http://pypi-mirror.modal.local:5555/simple/nvidia-cudnn-cu12/nvidia_cudnn_cu12-9.10.2.21-py3-none-manylinux_2_27_x86_64.whl.metadata (1.8 kB)
Collecting nvidia-cublas-cu12==12.8.4.1 (from torch==2.8.0)
  Downloading http://pypi-mirror.modal.local:5555/simple/nvidia-cublas-cu12/nvidia_cublas_cu12-12.8.4.1-py3-none-manylinux_2_27_x86_64.whl.metadata (1.7 kB)
Collecting nvidia-cufft-cu12==11.3.3.83 (from torch==2.8.0)
  Downloading http://pypi-mirror.modal.local:5555/simple/nvidia-cufft-cu12/nvidia_cufft_cu12-11.3.3.83-py3-none-manylinux2014_x86_64.manylinux_2_17_x86_64.whl.metadata (1.7 kB)
Collecting nvidia-curand-cu12==10.3.9.90 (from torch==2.8.0)
  Downloading http://pypi-mirror.modal.local:5555/simple/nvidia-curand-cu12/nvidia_curand_cu12-10.3.9.90-py3-none-manylinux_2_27_x86_64.whl.metadata (1.7 kB)
Collecting nvidia-cusolver-cu12==11.7.3.90 (from torch==2.8.0)
  Downloading http://pypi-mirror.modal.local:5555/simple/nvidia-cusolver-cu12/nvidia_cusolver_cu12-11.7.3.90-py3-none-manylinux_2_27_x86_64.whl.metadata (1.8 kB)
Collecting nvidia-cusparse-cu12==12.5.8.93 (from torch==2.8.0)
  Downloading http://pypi-mirror.modal.local:5555/simple/nvidia-cusparse-cu12/nvidia_cusparse_cu12-12.5.8.93-py3-none-manylinux2014_x86_64.manylinux_2_17_x86_64.whl.metadata (1.8 kB)
Collecting nvidia-cusparselt-cu12==0.7.1 (from torch==2.8.0)
  Downloading http://pypi-mirror.modal.local:5555/simple/nvidia-cusparselt-cu12/nvidia_cusparselt_cu12-0.7.1-py3-none-manylinux2014_x86_64.whl.metadata (7.0 kB)
Collecting nvidia-nccl-cu12==2.27.3 (from torch==2.8.0)
  Downloading http://pypi-mirror.modal.local:5555/simple/nvidia-nccl-cu12/nvidia_nccl_cu12-2.27.3-py3-none-manylinux2014_x86_64.manylinux_2_17_x86_64.whl.metadata (2.0 kB)
Collecting nvidia-nvtx-cu12==12.8.90 (from torch==2.8.0)
  Downloading http://pypi-mirror.modal.local:5555/simple/nvidia-nvtx-cu12/nvidia_nvtx_cu12-12.8.90-py3-none-manylinux2014_x86_64.manylinux_2_17_x86_64.whl.metadata (1.8 kB)
Collecting nvidia-nvjitlink-cu12==12.8.93 (from torch==2.8.0)
  Downloading http://pypi-mirror.modal.local:5555/simple/nvidia-nvjitlink-cu12/nvidia_nvjitlink_cu12-12.8.93-py3-none-manylinux2010_x86_64.manylinux_2_12_x86_64.whl.metadata (1.7 kB)
Collecting nvidia-cufile-cu12==1.13.1.3 (from torch==2.8.0)
  Downloading http://pypi-mirror.modal.local:5555/simple/nvidia-cufile-cu12/nvidia_cufile_cu12-1.13.1.3-py3-none-manylinux2014_x86_64.manylinux_2_17_x86_64.whl.metadata (1.7 kB)
Collecting triton==3.4.0 (from torch==2.8.0)
  Downloading http://pypi-mirror.modal.local:5555/simple/triton/triton-3.4.0-cp312-cp312-manylinux_2_27_x86_64.manylinux_2_28_x86_64.whl.metadata (1.7 kB)
Collecting regex!=2019.12.17 (from transformers==4.56.2)
  Downloading http://pypi-mirror.modal.local:5555/simple/regex/regex-2026.9.29-cp312-cp312-manylinux2014_x86_64.manylinux_2_17_x86_64.manylinux_2_28_x86_64.whl.metadata (40 kB)
Collecting tokenizers<=0.23.0,>=0.22.0 (from transformers==4.56.2)
  Downloading http://pypi-mirror.modal.local:5555/simple/tokenizers/tokenizers-0.22.2-cp39-abi3-manylinux_2_17_x86_64.manylinux2014_x86_64.whl.metadata (7.3 kB)
Collecting safetensors>=0.4.3 (from transformers==4.56.2)
  Downloading http://pypi-mirror.modal.local:5555/simple/safetensors/safetensors-0.8.0-cp310-abi3-manylinux_2_17_x86_64.manylinux2014_x86_64.whl.metadata (4.2 kB)
Collecting mpmath<1.4,>=1.1.0 (from sympy>=1.13.3->torch==2.8.0)
  Downloading http://pypi-mirror.modal.local:5555/simple/mpmath/mpmath-1.3.0-py3-none-any.whl.metadata (8.6 kB)
Collecting MarkupSafe>=2.0 (from jinja2->torch==2.8.0)
  Downloading http://pypi-mirror.modal.local:5555/simple/markupsafe/markupsafe-3.0.4-cp312-cp312-manylinux2014_x86_64.manylinux_2_17_x86_64.manylinux_2_28_x86_64.whl.metadata (2.7 kB)
Collecting charset_normalizer<4,>=2 (from requests->huggingface-hub==0.35.3)
  Downloading http://pypi-mirror.modal.local:5555/simple/charset-normalizer/charset_normalizer-3.5.2-cp312-cp312-manylinux2014_x86_64.manylinux_2_17_x86_64.manylinux_2_28_x86_64.whl.metadata (46 kB)
Collecting idna<4,>=2.5 (from requests->huggingface-hub==0.35.3)
  Downloading http://pypi-mirror.modal.local:5555/simple/idna/idna-3.20-py3-none-any.whl.metadata (7.2 kB)
Collecting urllib3<3,>=1.26 (from requests->huggingface-hub==0.35.3)
  Downloading http://pypi-mirror.modal.local:5555/simple/urllib3/urllib3-2.8.0-py3-none-any.whl.metadata (7.4 kB)
Collecting certifi>=2023.5.7 (from requests->huggingface-hub==0.35.3)
  Downloading http://pypi-mirror.modal.local:5555/simple/certifi/certifi-2026.7.22-py3-none-any.whl.metadata (2.5 kB)
Downloading http://pypi-mirror.modal.local:5555/simple/huggingface-hub/huggingface_hub-0.35.3-py3-none-any.whl (564 kB)
   ━━━━━━━━━━━━━━━━━━━━━━━━━━━━━━━━━━━━━━━━ 564.3/564.3 kB 1.1 GB/s eta 0:00:00
Downloading http://pypi-mirror.modal.local:5555/simple/numpy/numpy-2.3.3-cp312-cp312-manylinux_2_27_x86_64.manylinux_2_28_x86_64.whl (16.6 MB)
   ━━━━━━━━━━━━━━━━━━━━━━━━━━━━━━━━━━━━━━━━ 16.6/16.6 MB 284.5 MB/s eta 0:00:00
Downloading http://pypi-mirror.modal.local:5555/simple/torch/torch-2.8.0-cp312-cp312-manylinux_2_28_x86_64.whl (887.9 MB)
   ━━━━━━━━━━━━━━━━━━━━━━━━━━━━━━━━━━━━━━━ 887.9/887.9 MB 465.8 MB/s eta 0:00:00
Downloading http://pypi-mirror.modal.local:5555/simple/torchao/torchao-0.13.0-1-cp39-abi3-manylinux_2_24_x86_64.manylinux_2_28_x86_64.whl (6.9 MB)
   ━━━━━━━━━━━━━━━━━━━━━━━━━━━━━━━━━━━━━━━━ 6.9/6.9 MB 264.4 MB/s eta 0:00:00
Downloading http://pypi-mirror.modal.local:5555/simple/transformers/transformers-4.56.2-py3-none-any.whl (11.6 MB)
   ━━━━━━━━━━━━━━━━━━━━━━━━━━━━━━━━━━━━━━━━ 11.6/11.6 MB 203.4 MB/s eta 0:00:00
Downloading http://pypi-mirror.modal.local:5555/simple/nvidia-cublas-cu12/nvidia_cublas_cu12-12.8.4.1-py3-none-manylinux_2_27_x86_64.whl (594.3 MB)
   ━━━━━━━━━━━━━━━━━━━━━━━━━━━━━━━━━━━━━━━ 594.3/594.3 MB 466.6 MB/s eta 0:00:00
Downloading http://pypi-mirror.modal.local:5555/simple/nvidia-cuda-cupti-cu12/nvidia_cuda_cupti_cu12-12.8.90-py3-none-manylinux2014_x86_64.manylinux_2_17_x86_64.whl (10.2 MB)
   ━━━━━━━━━━━━━━━━━━━━━━━━━━━━━━━━━━━━━━━━ 10.2/10.2 MB 474.3 MB/s eta 0:00:00
Downloading http://pypi-mirror.modal.local:5555/simple/nvidia-cuda-nvrtc-cu12/nvidia_cuda_nvrtc_cu12-12.8.93-py3-none-manylinux2010_x86_64.manylinux_2_12_x86_64.whl (88.0 MB)
   ━━━━━━━━━━━━━━━━━━━━━━━━━━━━━━━━━━━━━━━━ 88.0/88.0 MB 467.4 MB/s eta 0:00:00
Downloading http://pypi-mirror.modal.local:5555/simple/nvidia-cuda-runtime-cu12/nvidia_cuda_runtime_cu12-12.8.90-py3-none-manylinux2014_x86_64.manylinux_2_17_x86_64.whl (954 kB)
   ━━━━━━━━━━━━━━━━━━━━━━━━━━━━━━━━━━━━━━━ 954.8/954.8 kB 904.0 MB/s eta 0:00:00
Downloading http://pypi-mirror.modal.local:5555/simple/nvidia-cudnn-cu12/nvidia_cudnn_cu12-9.10.2.21-py3-none-manylinux_2_27_x86_64.whl (706.8 MB)
   ━━━━━━━━━━━━━━━━━━━━━━━━━━━━━━━━━━━━━━━ 706.8/706.8 MB 469.1 MB/s eta 0:00:00
Downloading http://pypi-mirror.modal.local:5555/simple/nvidia-cufft-cu12/nvidia_cufft_cu12-11.3.3.83-py3-none-manylinux2014_x86_64.manylinux_2_17_x86_64.whl (193.1 MB)
   ━━━━━━━━━━━━━━━━━━━━━━━━━━━━━━━━━━━━━━━ 193.1/193.1 MB 476.4 MB/s eta 0:00:00
Downloading http://pypi-mirror.modal.local:5555/simple/nvidia-cufile-cu12/nvidia_cufile_cu12-1.13.1.3-py3-none-manylinux2014_x86_64.manylinux_2_17_x86_64.whl (1.2 MB)
   ━━━━━━━━━━━━━━━━━━━━━━━━━━━━━━━━━━━━━━━━ 1.2/1.2 MB 651.0 MB/s eta 0:00:00
Downloading http://pypi-mirror.modal.local:5555/simple/nvidia-curand-cu12/nvidia_curand_cu12-10.3.9.90-py3-none-manylinux_2_27_x86_64.whl (63.6 MB)
   ━━━━━━━━━━━━━━━━━━━━━━━━━━━━━━━━━━━━━━━━ 63.6/63.6 MB 467.2 MB/s eta 0:00:00
Downloading http://pypi-mirror.modal.local:5555/simple/nvidia-cusolver-cu12/nvidia_cusolver_cu12-11.7.3.90-py3-none-manylinux_2_27_x86_64.whl (267.5 MB)
   ━━━━━━━━━━━━━━━━━━━━━━━━━━━━━━━━━━━━━━━ 267.5/267.5 MB 471.6 MB/s eta 0:00:00
Downloading http://pypi-mirror.modal.local:5555/simple/nvidia-cusparse-cu12/nvidia_cusparse_cu12-12.5.8.93-py3-none-manylinux2014_x86_64.manylinux_2_17_x86_64.whl (288.2 MB)
   ━━━━━━━━━━━━━━━━━━━━━━━━━━━━━━━━━━━━━━━ 288.2/288.2 MB 477.4 MB/s eta 0:00:00
Downloading http://pypi-mirror.modal.local:5555/simple/nvidia-cusparselt-cu12/nvidia_cusparselt_cu12-0.7.1-py3-none-manylinux2014_x86_64.whl (287.2 MB)
   ━━━━━━━━━━━━━━━━━━━━━━━━━━━━━━━━━━━━━━━ 287.2/287.2 MB 475.8 MB/s eta 0:00:00
Downloading http://pypi-mirror.modal.local:5555/simple/nvidia-nccl-cu12/nvidia_nccl_cu12-2.27.3-py3-none-manylinux2014_x86_64.manylinux_2_17_x86_64.whl (322.4 MB)
   ━━━━━━━━━━━━━━━━━━━━━━━━━━━━━━━━━━━━━━━ 322.4/322.4 MB 468.1 MB/s eta 0:00:00
Downloading http://pypi-mirror.modal.local:5555/simple/nvidia-nvjitlink-cu12/nvidia_nvjitlink_cu12-12.8.93-py3-none-manylinux2010_x86_64.manylinux_2_12_x86_64.whl (39.3 MB)
   ━━━━━━━━━━━━━━━━━━━━━━━━━━━━━━━━━━━━━━━━ 39.3/39.3 MB 461.3 MB/s eta 0:00:00
Downloading http://pypi-mirror.modal.local:5555/simple/nvidia-nvtx-cu12/nvidia_nvtx_cu12-12.8.90-py3-none-manylinux2014_x86_64.manylinux_2_17_x86_64.whl (89 kB)
Downloading http://pypi-mirror.modal.local:5555/simple/triton/triton-3.4.0-cp312-cp312-manylinux_2_27_x86_64.manylinux_2_28_x86_64.whl (155.6 MB)
   ━━━━━━━━━━━━━━━━━━━━━━━━━━━━━━━━━━━━━━━ 155.6/155.6 MB 475.2 MB/s eta 0:00:00
Downloading http://pypi-mirror.modal.local:5555/simple/hf-xet/hf_xet-1.7.0-cp38-abi3-manylinux2014_x86_64.manylinux_2_17_x86_64.whl (4.2 MB)
   ━━━━━━━━━━━━━━━━━━━━━━━━━━━━━━━━━━━━━━━━ 4.2/4.2 MB 512.2 MB/s eta 0:00:00
Downloading http://pypi-mirror.modal.local:5555/simple/tokenizers/tokenizers-0.22.2-cp39-abi3-manylinux_2_17_x86_64.manylinux2014_x86_64.whl (3.3 MB)
   ━━━━━━━━━━━━━━━━━━━━━━━━━━━━━━━━━━━━━━━━ 3.3/3.3 MB 494.0 MB/s eta 0:00:00
Downloading http://pypi-mirror.modal.local:5555/simple/fsspec/fsspec-2026.9.0-py3-none-any.whl (221 kB)
Downloading http://pypi-mirror.modal.local:5555/simple/packaging/packaging-26.3-py3-none-any.whl (129 kB)
Downloading http://pypi-mirror.modal.local:5555/simple/pyyaml/pyyaml-6.0.3-cp312-cp312-manylinux2014_x86_64.manylinux_2_17_x86_64.manylinux_2_28_x86_64.whl (807 kB)
   ━━━━━━━━━━━━━━━━━━━━━━━━━━━━━━━━━━━━━━━ 807.9/807.9 kB 603.3 MB/s eta 0:00:00
Downloading http://pypi-mirror.modal.local:5555/simple/regex/regex-2026.9.29-cp312-cp312-manylinux2014_x86_64.manylinux_2_17_x86_64.manylinux_2_28_x86_64.whl (807 kB)
   ━━━━━━━━━━━━━━━━━━━━━━━━━━━━━━━━━━━━━━━ 807.8/807.8 kB 728.0 MB/s eta 0:00:00
Downloading http://pypi-mirror.modal.local:5555/simple/safetensors/safetensors-0.8.0-cp310-abi3-manylinux_2_17_x86_64.manylinux2014_x86_64.whl (516 kB)
Downloading http://pypi-mirror.modal.local:5555/simple/setuptools/setuptools-84.0.0-py3-none-any.whl (818 kB)
   ━━━━━━━━━━━━━━━━━━━━━━━━━━━━━━━━━━━━━━━ 818.2/818.2 kB 633.1 MB/s eta 0:00:00
Downloading http://pypi-mirror.modal.local:5555/simple/sympy/sympy-1.14.0-py3-none-any.whl (6.3 MB)
   ━━━━━━━━━━━━━━━━━━━━━━━━━━━━━━━━━━━━━━━━ 6.3/6.3 MB 427.2 MB/s eta 0:00:00
Downloading http://pypi-mirror.modal.local:5555/simple/mpmath/mpmath-1.3.0-py3-none-any.whl (536 kB)
   ━━━━━━━━━━━━━━━━━━━━━━━━━━━━━━━━━━━━━━━━ 536.2/536.2 kB 1.1 GB/s eta 0:00:00
Downloading http://pypi-mirror.modal.local:5555/simple/tqdm/tqdm-4.70.1-py3-none-any.whl (80 kB)
Downloading http://pypi-mirror.modal.local:5555/simple/typing-extensions/typing_extensions-4.16.0-py3-none-any.whl (45 kB)
Downloading http://pypi-mirror.modal.local:5555/simple/filelock/filelock-4.0.12-py3-none-any.whl (111 kB)
Downloading http://pypi-mirror.modal.local:5555/simple/jinja2/jinja2-3.1.6-py3-none-any.whl (134 kB)
Downloading http://pypi-mirror.modal.local:5555/simple/markupsafe/markupsafe-3.0.4-cp312-cp312-manylinux2014_x86_64.manylinux_2_17_x86_64.manylinux_2_28_x86_64.whl (22 kB)
Downloading http://pypi-mirror.modal.local:5555/simple/networkx/networkx-3.7-py3-none-any.whl (2.1 MB)
   ━━━━━━━━━━━━━━━━━━━━━━━━━━━━━━━━━━━━━━━━ 2.1/2.1 MB 504.6 MB/s eta 0:00:00
Downloading http://pypi-mirror.modal.local:5555/simple/requests/requests-2.34.2-py3-none-any.whl (73 kB)
Downloading http://pypi-mirror.modal.local:5555/simple/charset-normalizer/charset_normalizer-3.5.2-cp312-cp312-manylinux2014_x86_64.manylinux_2_17_x86_64.manylinux_2_28_x86_64.whl (257 kB)
Downloading http://pypi-mirror.modal.local:5555/simple/idna/idna-3.20-py3-none-any.whl (69 kB)
Downloading http://pypi-mirror.modal.local:5555/simple/urllib3/urllib3-2.8.0-py3-none-any.whl (135 kB)
Downloading http://pypi-mirror.modal.local:5555/simple/certifi/certifi-2026.7.22-py3-none-any.whl (136 kB)
Installing collected packages: torchao, nvidia-cusparselt-cu12, mpmath, urllib3, typing-extensions, tqdm, sympy, setuptools, safetensors, regex, pyyaml, packaging, nvidia-nvtx-cu12, nvidia-nvjitlink-cu12, nvidia-nccl-cu12, nvidia-curand-cu12, nvidia-cufile-cu12, nvidia-cuda-runtime-cu12, nvidia-cuda-nvrtc-cu12, nvidia-cuda-cupti-cu12, nvidia-cublas-cu12, numpy, networkx, MarkupSafe, idna, hf-xet, fsspec, filelock, charset_normalizer, certifi, triton, requests, nvidia-cusparse-cu12, nvidia-cufft-cu12, nvidia-cudnn-cu12, jinja2, nvidia-cusolver-cu12, huggingface-hub, torch, tokenizers, transformers

Successfully installed MarkupSafe-3.0.4 certifi-2026.7.22 charset_normalizer-3.5.2 filelock-4.0.12 fsspec-2026.9.0 hf-xet-1.7.0 huggingface-hub-0.35.3 idna-3.20 jinja2-3.1.6 mpmath-1.3.0 networkx-3.7 numpy-2.3.3 nvidia-cublas-cu12-12.8.4.1 nvidia-cuda-cupti-cu12-12.8.90 nvidia-cuda-nvrtc-cu12-12.8.93 nvidia-cuda-runtime-cu12-12.8.90 nvidia-cudnn-cu12-9.10.2.21 nvidia-cufft-cu12-11.3.3.83 nvidia-cufile-cu12-1.13.1.3 nvidia-curand-cu12-10.3.9.90 nvidia-cusolver-cu12-11.7.3.90 nvidia-cusparse-cu12-12.5.8.93 nvidia-cusparselt-cu12-0.7.1 nvidia-nccl-cu12-2.27.3 nvidia-nvjitlink-cu12-12.8.93 nvidia-nvtx-cu12-12.8.90 packaging-26.3 pyyaml-6.0.3 regex-2026.9.29 requests-2.34.2 safetensors-0.8.0 setuptools-84.0.0 sympy-1.14.0 tokenizers-0.22.2 torch-2.8.0 torchao-0.13.0 tqdm-4.70.1 transformers-4.56.2 triton-3.4.0 typing-extensions-4.16.0 urllib3-2.8.0

[notice] A new release of pip is available: 25.1.1 -> 26.2.1
[notice] To update, run: pip install --upgrade pip
Saving image...
Image saved, took 1.91s

Built image im-q62nHgDfIOp94NWmQai7zs in 74.71s


Building image im-x7Ad4zVgwuHdUdNqmP8Y4l

=> Step 0: FROM base

=> Step 1: ENV HF_HOME=/cache/hf

=> Step 2: ENV HF_HUB_OFFLINE=1
Saving image...
Image saved, took 2.05s

Built image im-x7Ad4zVgwuHdUdNqmP8Y4l in 3.76s


✓ Created objects.
├── ✓ Uploaded 
│   /Users/mokshnirvaan/Desktop/ThirdMoment/pilot/kernel_experiment.py
└── ✓ Created Function evaluate.
`torch_dtype` is deprecated! Use `dtype` instead!
`torch_dtype` is deprecated! Use `dtype` instead!
/usr/local/lib/python3.12/site-packages/torch/_inductor/compile_fx.py:282: UserWarning: TensorFloat32 tensor cores for float32 matrix multiplication available but not enabled. Consider setting `torch.set_float32_matmul_precision('high')` for better performance.
  warnings.warn(
/usr/local/lib/python3.12/site-packages/torch/_inductor/compile_fx.py:282: UserWarning: TensorFloat32 tensor cores for float32 matrix multiplication available but not enabled. Consider setting `torch.set_float32_matmul_precision('high')` for better performance.
  warnings.warn(
`torch_dtype` is deprecated! Use `dtype` instead!
`torch_dtype` is deprecated! Use `dtype` instead!
/usr/local/lib/python3.12/site-packages/torch/_inductor/compile_fx.py:282: UserWarning: TensorFloat32 tensor cores for float32 matrix multiplication available but not enabled. Consider setting `torch.set_float32_matmul_precision('high')` for better performance.
  warnings.warn(
/usr/local/lib/python3.12/site-packages/torch/_inductor/compile_fx.py:282: UserWarning: TensorFloat32 tensor cores for float32 matrix multiplication available but not enabled. Consider setting `torch.set_float32_matmul_precision('high')` for better performance.
  warnings.warn(
AUTOTUNE int_mm(4096x2048, 2048x2048)
strides: [2048, 1], [1, 2048]
dtypes: torch.int8, torch.int8
  _int_mm 0.2202 ms 100.0% 
  triton_mm_36 0.2355 ms 93.5% ACC_TYPE='tl.int32', ALLOW_TF32=False, BLOCK_K=128, BLOCK_M=256, BLOCK_N=128, EVEN_K=True, GROUP_M=8, USE_FAST_ACCUM=False, num_stages=3, num_warps=8
  triton_mm_35 0.2447 ms 90.0% ACC_TYPE='tl.int32', ALLOW_TF32=False, BLOCK_K=128, BLOCK_M=128, BLOCK_N=256, EVEN_K=True, GROUP_M=8, USE_FAST_ACCUM=False, num_stages=3, num_warps=8
  triton_mm_27 0.2591 ms 85.0% ACC_TYPE='tl.int32', ALLOW_TF32=False, BLOCK_K=32, BLOCK_M=64, BLOCK_N=128, EVEN_K=True, GROUP_M=8, USE_FAST_ACCUM=False, num_stages=3, num_warps=4
  triton_mm_28 0.2744 ms 80.2% ACC_TYPE='tl.int32', ALLOW_TF32=False, BLOCK_K=32, BLOCK_M=128, BLOCK_N=64, EVEN_K=True, GROUP_M=8, USE_FAST_ACCUM=False, num_stages=3, num_warps=4
  triton_mm_34 0.2744 ms 80.2% ACC_TYPE='tl.int32', ALLOW_TF32=False, BLOCK_K=64, BLOCK_M=64, BLOCK_N=64, EVEN_K=True, GROUP_M=8, USE_FAST_ACCUM=False, num_stages=3, num_warps=8
  triton_mm_29 0.2908 ms 75.7% ACC_TYPE='tl.int32', ALLOW_TF32=False, BLOCK_K=32, BLOCK_M=64, BLOCK_N=128, EVEN_K=True, GROUP_M=8, USE_FAST_ACCUM=False, num_stages=4, num_warps=8
  triton_mm_30 0.2959 ms 74.4% ACC_TYPE='tl.int32', ALLOW_TF32=False, BLOCK_K=32, BLOCK_M=128, BLOCK_N=64, EVEN_K=True, GROUP_M=8, USE_FAST_ACCUM=False, num_stages=4, num_warps=8
  triton_mm_33 0.3021 ms 72.9% ACC_TYPE='tl.int32', ALLOW_TF32=False, BLOCK_K=32, BLOCK_M=128, BLOCK_N=128, EVEN_K=True, GROUP_M=8, USE_FAST_ACCUM=False, num_stages=2, num_warps=8
  triton_mm_26 0.3308 ms 66.6% ACC_TYPE='tl.int32', ALLOW_TF32=False, BLOCK_K=32, BLOCK_M=64, BLOCK_N=64, EVEN_K=True, GROUP_M=8, USE_FAST_ACCUM=False, num_stages=2, num_warps=4
SingleProcess AUTOTUNE benchmarking takes 0.4496 seconds and 0.0004 seconds precompiling for 12 choices
AUTOTUNE int_mm(4096x6144, 6144x2048)
strides: [6144, 1], [1, 6144]
dtypes: torch.int8, torch.int8
  _int_mm 0.5386 ms 100.0% 
  triton_mm_58 0.6113 ms 88.1% ACC_TYPE='tl.int32', ALLOW_TF32=False, BLOCK_K=128, BLOCK_M=256, BLOCK_N=128, EVEN_K=True, GROUP_M=8, USE_FAST_ACCUM=False, num_stages=3, num_warps=8
  triton_mm_57 0.6472 ms 83.2% ACC_TYPE='tl.int32', ALLOW_TF32=False, BLOCK_K=128, BLOCK_M=128, BLOCK_N=256, EVEN_K=True, GROUP_M=8, USE_FAST_ACCUM=False, num_stages=3, num_warps=8
  triton_mm_56 0.8223 ms 65.5% ACC_TYPE='tl.int32', ALLOW_TF32=False, BLOCK_K=64, BLOCK_M=64, BLOCK_N=64, EVEN_K=True, GROUP_M=8, USE_FAST_ACCUM=False, num_stages=3, num_warps=8
  triton_mm_50 0.8888 ms 60.6% ACC_TYPE='tl.int32', ALLOW_TF32=False, BLOCK_K=32, BLOCK_M=128, BLOCK_N=64, EVEN_K=True, GROUP_M=8, USE_FAST_ACCUM=False, num_stages=3, num_warps=4
  triton_mm_49 0.8929 ms 60.3% ACC_TYPE='tl.int32', ALLOW_TF32=False, BLOCK_K=32, BLOCK_M=64, BLOCK_N=128, EVEN_K=True, GROUP_M=8, USE_FAST_ACCUM=False, num_stages=3, num_warps=4
  triton_mm_52 0.9062 ms 59.4% ACC_TYPE='tl.int32', ALLOW_TF32=False, BLOCK_K=32, BLOCK_M=128, BLOCK_N=64, EVEN_K=True, GROUP_M=8, USE_FAST_ACCUM=False, num_stages=4, num_warps=8
  triton_mm_51 0.9369 ms 57.5% ACC_TYPE='tl.int32', ALLOW_TF32=False, BLOCK_K=32, BLOCK_M=64, BLOCK_N=128, EVEN_K=True, GROUP_M=8, USE_FAST_ACCUM=False, num_stages=4, num_warps=8
  triton_mm_55 0.9472 ms 56.9% ACC_TYPE='tl.int32', ALLOW_TF32=False, BLOCK_K=32, BLOCK_M=128, BLOCK_N=128, EVEN_K=True, GROUP_M=8, USE_FAST_ACCUM=False, num_stages=2, num_warps=8
  triton_mm_48 1.0639 ms 50.6% ACC_TYPE='tl.int32', ALLOW_TF32=False, BLOCK_K=32, BLOCK_M=64, BLOCK_N=64, EVEN_K=True, GROUP_M=8, USE_FAST_ACCUM=False, num_stages=2, num_warps=4
SingleProcess AUTOTUNE benchmarking takes 0.4711 seconds and 0.0003 seconds precompiling for 12 choices
AUTOTUNE mm(64x1, 1x256)
strides: [1, 1], [0, 1]
dtypes: torch.float32, torch.float32
  triton_mm_11 0.0174 ms 100.0% ACC_TYPE='tl.float32', ALLOW_TF32=False, BLOCK_K=16, BLOCK_M=32, BLOCK_N=32, EVEN_K=False, GROUP_M=8, USE_FAST_ACCUM=False, num_stages=1, num_warps=2
  triton_mm_12 0.0174 ms 100.0% ACC_TYPE='tl.float32', ALLOW_TF32=False, BLOCK_K=16, BLOCK_M=32, BLOCK_N=32, EVEN_K=False, GROUP_M=8, USE_FAST_ACCUM=False, num_stages=2, num_warps=4
  triton_mm_13 0.0174 ms 100.0% ACC_TYPE='tl.float32', ALLOW_TF32=False, BLOCK_K=16, BLOCK_M=32, BLOCK_N=64, EVEN_K=False, GROUP_M=8, USE_FAST_ACCUM=False, num_stages=5, num_warps=8
  triton_mm_15 0.0174 ms 100.0% ACC_TYPE='tl.float32', ALLOW_TF32=False, BLOCK_K=16, BLOCK_M=64, BLOCK_N=32, EVEN_K=False, GROUP_M=8, USE_FAST_ACCUM=False, num_stages=5, num_warps=4
  triton_mm_17 0.0174 ms 100.0% ACC_TYPE='tl.float32', ALLOW_TF32=False, BLOCK_K=16, BLOCK_M=64, BLOCK_N=64, EVEN_K=False, GROUP_M=8, USE_FAST_ACCUM=False, num_stages=3, num_warps=8
  triton_mm_18 0.0174 ms 100.0% ACC_TYPE='tl.float32', ALLOW_TF32=False, BLOCK_K=16, BLOCK_M=64, BLOCK_N=64, EVEN_K=False, GROUP_M=8, USE_FAST_ACCUM=False, num_stages=5, num_warps=4
  triton_mm_21 0.0174 ms 100.0% ACC_TYPE='tl.float32', ALLOW_TF32=False, BLOCK_K=16, BLOCK_M=64, BLOCK_N=128, EVEN_K=False, GROUP_M=8, USE_FAST_ACCUM=False, num_stages=4, num_warps=4
  triton_mm_23 0.0174 ms 100.0% ACC_TYPE='tl.float32', ALLOW_TF32=False, BLOCK_K=16, BLOCK_M=64, BLOCK_N=64, EVEN_K=False, GROUP_M=8, USE_FAST_ACCUM=False, num_stages=4, num_warps=8
  triton_mm_25 0.0174 ms 100.0% ACC_TYPE='tl.float32', ALLOW_TF32=False, BLOCK_K=16, BLOCK_M=64, BLOCK_N=128, EVEN_K=False, GROUP_M=8, USE_FAST_ACCUM=False, num_stages=5, num_warps=8
  triton_mm_19 0.0174 ms 99.8% ACC_TYPE='tl.float32', ALLOW_TF32=False, BLOCK_K=16, BLOCK_M=64, BLOCK_N=128, EVEN_K=False, GROUP_M=8, USE_FAST_ACCUM=False, num_stages=3, num_warps=4
SingleProcess AUTOTUNE benchmarking takes 0.2299 seconds and 0.0003 seconds precompiling for 16 choices
AUTOTUNE int_mm(4096x2048, 2048x4096)
strides: [2048, 1], [1, 2048]
dtypes: torch.int8, torch.int8
  triton_mm_10 0.4434 ms 100.0% ACC_TYPE='tl.int32', ALLOW_TF32=False, BLOCK_K=128, BLOCK_M=256, BLOCK_N=128, EVEN_K=True, GROUP_M=8, USE_FAST_ACCUM=False, num_stages=3, num_warps=8
  _int_mm 0.4475 ms 99.1% 
  triton_mm_9 0.4628 ms 95.8% ACC_TYPE='tl.int32', ALLOW_TF32=False, BLOCK_K=128, BLOCK_M=128, BLOCK_N=256, EVEN_K=True, GROUP_M=8, USE_FAST_ACCUM=False, num_stages=3, num_warps=8
  triton_mm_1 0.5120 ms 86.6% ACC_TYPE='tl.int32', ALLOW_TF32=False, BLOCK_K=32, BLOCK_M=64, BLOCK_N=128, EVEN_K=True, GROUP_M=8, USE_FAST_ACCUM=False, num_stages=3, num_warps=4
  triton_mm_2 0.5140 ms 86.3% ACC_TYPE='tl.int32', ALLOW_TF32=False, BLOCK_K=32, BLOCK_M=128, BLOCK_N=64, EVEN_K=True, GROUP_M=8, USE_FAST_ACCUM=False, num_stages=3, num_warps=4
  triton_mm_8 0.5468 ms 81.1% ACC_TYPE='tl.int32', ALLOW_TF32=False, BLOCK_K=64, BLOCK_M=64, BLOCK_N=64, EVEN_K=True, GROUP_M=8, USE_FAST_ACCUM=False, num_stages=3, num_warps=8
  triton_mm_3 0.5591 ms 79.3% ACC_TYPE='tl.int32', ALLOW_TF32=False, BLOCK_K=32, BLOCK_M=64, BLOCK_N=128, EVEN_K=True, GROUP_M=8, USE_FAST_ACCUM=False, num_stages=4, num_warps=8
  triton_mm_4 0.5755 ms 77.0% ACC_TYPE='tl.int32', ALLOW_TF32=False, BLOCK_K=32, BLOCK_M=128, BLOCK_N=64, EVEN_K=True, GROUP_M=8, USE_FAST_ACCUM=False, num_stages=4, num_warps=8
  triton_mm_7 0.6154 ms 72.0% ACC_TYPE='tl.int32', ALLOW_TF32=False, BLOCK_K=32, BLOCK_M=128, BLOCK_N=128, EVEN_K=True, GROUP_M=8, USE_FAST_ACCUM=False, num_stages=2, num_warps=8
  triton_mm_0 0.6717 ms 66.0% ACC_TYPE='tl.int32', ALLOW_TF32=False, BLOCK_K=32, BLOCK_M=64, BLOCK_N=64, EVEN_K=True, GROUP_M=8, USE_FAST_ACCUM=False, num_stages=2, num_warps=4
SingleProcess AUTOTUNE benchmarking takes 0.4580 seconds and 0.0009 seconds precompiling for 12 choices
AUTOTUNE int_mm(4096x2048, 2048x12288)
strides: [2048, 1], [1, 2048]
dtypes: torch.int8, torch.int8
  triton_mm_46 1.2790 ms 100.0% ACC_TYPE='tl.int32', ALLOW_TF32=False, BLOCK_K=128, BLOCK_M=128, BLOCK_N=256, EVEN_K=True, GROUP_M=8, USE_FAST_ACCUM=False, num_stages=3, num_warps=8
  _int_mm 1.3116 ms 97.5% 
  triton_mm_47 1.4602 ms 87.6% ACC_TYPE='tl.int32', ALLOW_TF32=False, BLOCK_K=128, BLOCK_M=256, BLOCK_N=128, EVEN_K=True, GROUP_M=8, USE_FAST_ACCUM=False, num_stages=3, num_warps=8
  triton_mm_45 1.5954 ms 80.2% ACC_TYPE='tl.int32', ALLOW_TF32=False, BLOCK_K=64, BLOCK_M=64, BLOCK_N=64, EVEN_K=True, GROUP_M=8, USE_FAST_ACCUM=False, num_stages=3, num_warps=8
  triton_mm_39 1.6159 ms 79.2% ACC_TYPE='tl.int32', ALLOW_TF32=False, BLOCK_K=32, BLOCK_M=128, BLOCK_N=64, EVEN_K=True, GROUP_M=8, USE_FAST_ACCUM=False, num_stages=3, num_warps=4
  triton_mm_38 1.6712 ms 76.5% ACC_TYPE='tl.int32', ALLOW_TF32=False, BLOCK_K=32, BLOCK_M=64, BLOCK_N=128, EVEN_K=True, GROUP_M=8, USE_FAST_ACCUM=False, num_stages=3, num_warps=4
  triton_mm_44 1.7623 ms 72.6% ACC_TYPE='tl.int32', ALLOW_TF32=False, BLOCK_K=32, BLOCK_M=128, BLOCK_N=128, EVEN_K=True, GROUP_M=8, USE_FAST_ACCUM=False, num_stages=2, num_warps=8
  triton_mm_40 1.7869 ms 71.6% ACC_TYPE='tl.int32', ALLOW_TF32=False, BLOCK_K=32, BLOCK_M=64, BLOCK_N=128, EVEN_K=True, GROUP_M=8, USE_FAST_ACCUM=False, num_stages=4, num_warps=8
  triton_mm_41 1.8627 ms 68.7% ACC_TYPE='tl.int32', ALLOW_TF32=False, BLOCK_K=32, BLOCK_M=128, BLOCK_N=64, EVEN_K=True, GROUP_M=8, USE_FAST_ACCUM=False, num_stages=4, num_warps=8
  triton_mm_37 1.8719 ms 68.3% ACC_TYPE='tl.int32', ALLOW_TF32=False, BLOCK_K=32, BLOCK_M=64, BLOCK_N=64, EVEN_K=True, GROUP_M=8, USE_FAST_ACCUM=False, num_stages=2, num_warps=4
SingleProcess AUTOTUNE benchmarking takes 0.5444 seconds and 0.0005 seconds precompiling for 12 choices
AUTOTUNE mm(64x1, 1x256)
strides: [1, 1], [0, 1]
dtypes: torch.float32, torch.float32
  triton_mm_11 0.0266 ms 100.0% ACC_TYPE='tl.float32', ALLOW_TF32=False, BLOCK_K=16, BLOCK_M=32, BLOCK_N=32, EVEN_K=False, GROUP_M=8, USE_FAST_ACCUM=False, num_stages=1, num_warps=2
  triton_mm_12 0.0266 ms 100.0% ACC_TYPE='tl.float32', ALLOW_TF32=False, BLOCK_K=16, BLOCK_M=32, BLOCK_N=32, EVEN_K=False, GROUP_M=8, USE_FAST_ACCUM=False, num_stages=2, num_warps=4
  triton_mm_13 0.0266 ms 100.0% ACC_TYPE='tl.float32', ALLOW_TF32=False, BLOCK_K=16, BLOCK_M=32, BLOCK_N=64, EVEN_K=False, GROUP_M=8, USE_FAST_ACCUM=False, num_stages=5, num_warps=8
  triton_mm_14 0.0266 ms 100.0% ACC_TYPE='tl.float32', ALLOW_TF32=False, BLOCK_K=16, BLOCK_M=64, BLOCK_N=32, EVEN_K=False, GROUP_M=8, USE_FAST_ACCUM=False, num_stages=5, num_warps=8
  triton_mm_16 0.0266 ms 100.0% ACC_TYPE='tl.float32', ALLOW_TF32=False, BLOCK_K=16, BLOCK_M=64, BLOCK_N=64, EVEN_K=False, GROUP_M=8, USE_FAST_ACCUM=False, num_stages=2, num_warps=4
  triton_mm_17 0.0266 ms 100.0% ACC_TYPE='tl.float32', ALLOW_TF32=False, BLOCK_K=16, BLOCK_M=64, BLOCK_N=64, EVEN_K=False, GROUP_M=8, USE_FAST_ACCUM=False, num_stages=3, num_warps=8
  triton_mm_19 0.0266 ms 100.0% ACC_TYPE='tl.float32', ALLOW_TF32=False, BLOCK_K=16, BLOCK_M=64, BLOCK_N=128, EVEN_K=False, GROUP_M=8, USE_FAST_ACCUM=False, num_stages=3, num_warps=4
  triton_mm_20 0.0266 ms 100.0% ACC_TYPE='tl.float32', ALLOW_TF32=False, BLOCK_K=16, BLOCK_M=64, BLOCK_N=128, EVEN_K=False, GROUP_M=8, USE_FAST_ACCUM=False, num_stages=4, num_warps=8
  triton_mm_21 0.0266 ms 100.0% ACC_TYPE='tl.float32', ALLOW_TF32=False, BLOCK_K=16, BLOCK_M=64, BLOCK_N=128, EVEN_K=False, GROUP_M=8, USE_FAST_ACCUM=False, num_stages=4, num_warps=4
  triton_mm_22 0.0266 ms 100.0% ACC_TYPE='tl.float32', ALLOW_TF32=False, BLOCK_K=16, BLOCK_M=64, BLOCK_N=64, EVEN_K=False, GROUP_M=8, USE_FAST_ACCUM=False, num_stages=3, num_warps=4
SingleProcess AUTOTUNE benchmarking takes 1.0388 seconds and 0.0004 seconds precompiling for 16 choices
AUTOTUNE int_mm(4096x2048, 2048x4096)
strides: [2048, 1], [1, 2048]
dtypes: torch.int8, torch.int8
  triton_mm_8 0.5294 ms 100.0% ACC_TYPE='tl.int32', ALLOW_TF32=False, BLOCK_K=64, BLOCK_M=64, BLOCK_N=64, EVEN_K=True, GROUP_M=8, USE_FAST_ACCUM=False, num_stages=3, num_warps=8
  triton_mm_2 0.5530 ms 95.7% ACC_TYPE='tl.int32', ALLOW_TF32=False, BLOCK_K=32, BLOCK_M=128, BLOCK_N=64, EVEN_K=True, GROUP_M=8, USE_FAST_ACCUM=False, num_stages=3, num_warps=4
  triton_mm_3 0.5560 ms 95.2% ACC_TYPE='tl.int32', ALLOW_TF32=False, BLOCK_K=32, BLOCK_M=64, BLOCK_N=128, EVEN_K=True, GROUP_M=8, USE_FAST_ACCUM=False, num_stages=4, num_warps=8
  triton_mm_4 0.5571 ms 95.0% ACC_TYPE='tl.int32', ALLOW_TF32=False, BLOCK_K=32, BLOCK_M=128, BLOCK_N=64, EVEN_K=True, GROUP_M=8, USE_FAST_ACCUM=False, num_stages=4, num_warps=8
  triton_mm_1 0.5612 ms 94.3% ACC_TYPE='tl.int32', ALLOW_TF32=False, BLOCK_K=32, BLOCK_M=64, BLOCK_N=128, EVEN_K=True, GROUP_M=8, USE_FAST_ACCUM=False, num_stages=3, num_warps=4
  triton_mm_0 0.5693 ms 93.0% ACC_TYPE='tl.int32', ALLOW_TF32=False, BLOCK_K=32, BLOCK_M=64, BLOCK_N=64, EVEN_K=True, GROUP_M=8, USE_FAST_ACCUM=False, num_stages=2, num_warps=4
  triton_mm_9 0.6164 ms 85.9% ACC_TYPE='tl.int32', ALLOW_TF32=False, BLOCK_K=128, BLOCK_M=128, BLOCK_N=256, EVEN_K=True, GROUP_M=8, USE_FAST_ACCUM=False, num_stages=3, num_warps=8
  triton_mm_10 0.6216 ms 85.2% ACC_TYPE='tl.int32', ALLOW_TF32=False, BLOCK_K=128, BLOCK_M=256, BLOCK_N=128, EVEN_K=True, GROUP_M=8, USE_FAST_ACCUM=False, num_stages=3, num_warps=8
  triton_mm_7 0.6420 ms 82.5% ACC_TYPE='tl.int32', ALLOW_TF32=False, BLOCK_K=32, BLOCK_M=128, BLOCK_N=128, EVEN_K=True, GROUP_M=8, USE_FAST_ACCUM=False, num_stages=2, num_warps=8
  _int_mm 0.6687 ms 79.2% 
SingleProcess AUTOTUNE benchmarking takes 0.4823 seconds and 0.0011 seconds precompiling for 12 choices
AUTOTUNE int_mm(4096x2048, 2048x2048)
strides: [2048, 1], [1, 2048]
dtypes: torch.int8, torch.int8
  triton_mm_34 0.2714 ms 100.0% ACC_TYPE='tl.int32', ALLOW_TF32=False, BLOCK_K=64, BLOCK_M=64, BLOCK_N=64, EVEN_K=True, GROUP_M=8, USE_FAST_ACCUM=False, num_stages=3, num_warps=8
  triton_mm_30 0.2796 ms 97.1% ACC_TYPE='tl.int32', ALLOW_TF32=False, BLOCK_K=32, BLOCK_M=128, BLOCK_N=64, EVEN_K=True, GROUP_M=8, USE_FAST_ACCUM=False, num_stages=4, num_warps=8
  triton_mm_27 0.2816 ms 96.4% ACC_TYPE='tl.int32', ALLOW_TF32=False, BLOCK_K=32, BLOCK_M=64, BLOCK_N=128, EVEN_K=True, GROUP_M=8, USE_FAST_ACCUM=False, num_stages=3, num_warps=4
  triton_mm_29 0.2826 ms 96.0% ACC_TYPE='tl.int32', ALLOW_TF32=False, BLOCK_K=32, BLOCK_M=64, BLOCK_N=128, EVEN_K=True, GROUP_M=8, USE_FAST_ACCUM=False, num_stages=4, num_warps=8
  triton_mm_28 0.2836 ms 95.7% ACC_TYPE='tl.int32', ALLOW_TF32=False, BLOCK_K=32, BLOCK_M=128, BLOCK_N=64, EVEN_K=True, GROUP_M=8, USE_FAST_ACCUM=False, num_stages=3, num_warps=4
  triton_mm_26 0.2867 ms 94.6% ACC_TYPE='tl.int32', ALLOW_TF32=False, BLOCK_K=32, BLOCK_M=64, BLOCK_N=64, EVEN_K=True, GROUP_M=8, USE_FAST_ACCUM=False, num_stages=2, num_warps=4
  triton_mm_33 0.3471 ms 78.2% ACC_TYPE='tl.int32', ALLOW_TF32=False, BLOCK_K=32, BLOCK_M=128, BLOCK_N=128, EVEN_K=True, GROUP_M=8, USE_FAST_ACCUM=False, num_stages=2, num_warps=8
  triton_mm_35 0.3604 ms 75.3% ACC_TYPE='tl.int32', ALLOW_TF32=False, BLOCK_K=128, BLOCK_M=128, BLOCK_N=256, EVEN_K=True, GROUP_M=8, USE_FAST_ACCUM=False, num_stages=3, num_warps=8
  triton_mm_36 0.3604 ms 75.3% ACC_TYPE='tl.int32', ALLOW_TF32=False, BLOCK_K=128, BLOCK_M=256, BLOCK_N=128, EVEN_K=True, GROUP_M=8, USE_FAST_ACCUM=False, num_stages=3, num_warps=8
  _int_mm 0.3779 ms 71.8% 
SingleProcess AUTOTUNE benchmarking takes 0.4704 seconds and 0.0010 seconds precompiling for 12 choices
AUTOTUNE int_mm(4096x2048, 2048x12288)
strides: [2048, 1], [1, 2048]
dtypes: torch.int8, torch.int8
  triton_mm_45 1.5503 ms 100.0% ACC_TYPE='tl.int32', ALLOW_TF32=False, BLOCK_K=64, BLOCK_M=64, BLOCK_N=64, EVEN_K=True, GROUP_M=8, USE_FAST_ACCUM=False, num_stages=3, num_warps=8
  triton_mm_37 1.6425 ms 94.4% ACC_TYPE='tl.int32', ALLOW_TF32=False, BLOCK_K=32, BLOCK_M=64, BLOCK_N=64, EVEN_K=True, GROUP_M=8, USE_FAST_ACCUM=False, num_stages=2, num_warps=4
  triton_mm_40 1.6579 ms 93.5% ACC_TYPE='tl.int32', ALLOW_TF32=False, BLOCK_K=32, BLOCK_M=64, BLOCK_N=128, EVEN_K=True, GROUP_M=8, USE_FAST_ACCUM=False, num_stages=4, num_warps=8
  triton_mm_39 1.6609 ms 93.3% ACC_TYPE='tl.int32', ALLOW_TF32=False, BLOCK_K=32, BLOCK_M=128, BLOCK_N=64, EVEN_K=True, GROUP_M=8, USE_FAST_ACCUM=False, num_stages=3, num_warps=4
  triton_mm_46 1.6876 ms 91.9% ACC_TYPE='tl.int32', ALLOW_TF32=False, BLOCK_K=128, BLOCK_M=128, BLOCK_N=256, EVEN_K=True, GROUP_M=8, USE_FAST_ACCUM=False, num_stages=3, num_warps=8
  triton_mm_47 1.6947 ms 91.5% ACC_TYPE='tl.int32', ALLOW_TF32=False, BLOCK_K=128, BLOCK_M=256, BLOCK_N=128, EVEN_K=True, GROUP_M=8, USE_FAST_ACCUM=False, num_stages=3, num_warps=8
  triton_mm_38 1.6968 ms 91.4% ACC_TYPE='tl.int32', ALLOW_TF32=False, BLOCK_K=32, BLOCK_M=64, BLOCK_N=128, EVEN_K=True, GROUP_M=8, USE_FAST_ACCUM=False, num_stages=3, num_warps=4
  triton_mm_41 1.7101 ms 90.7% ACC_TYPE='tl.int32', ALLOW_TF32=False, BLOCK_K=32, BLOCK_M=128, BLOCK_N=64, EVEN_K=True, GROUP_M=8, USE_FAST_ACCUM=False, num_stages=4, num_warps=8
  _int_mm 1.7531 ms 88.4% 
  triton_mm_44 1.9180 ms 80.8% ACC_TYPE='tl.int32', ALLOW_TF32=False, BLOCK_K=32, BLOCK_M=128, BLOCK_N=128, EVEN_K=True, GROUP_M=8, USE_FAST_ACCUM=False, num_stages=2, num_warps=8
SingleProcess AUTOTUNE benchmarking takes 0.5584 seconds and 0.0010 seconds precompiling for 12 choices
AUTOTUNE int_mm(4096x6144, 6144x2048)
strides: [6144, 1], [1, 6144]
dtypes: torch.int8, torch.int8
  triton_mm_56 0.7905 ms 100.0% ACC_TYPE='tl.int32', ALLOW_TF32=False, BLOCK_K=64, BLOCK_M=64, BLOCK_N=64, EVEN_K=True, GROUP_M=8, USE_FAST_ACCUM=False, num_stages=3, num_warps=8
  triton_mm_52 0.8192 ms 96.5% ACC_TYPE='tl.int32', ALLOW_TF32=False, BLOCK_K=32, BLOCK_M=128, BLOCK_N=64, EVEN_K=True, GROUP_M=8, USE_FAST_ACCUM=False, num_stages=4, num_warps=8
  triton_mm_48 0.8499 ms 93.0% ACC_TYPE='tl.int32', ALLOW_TF32=False, BLOCK_K=32, BLOCK_M=64, BLOCK_N=64, EVEN_K=True, GROUP_M=8, USE_FAST_ACCUM=False, num_stages=2, num_warps=4
  triton_mm_50 0.8530 ms 92.7% ACC_TYPE='tl.int32', ALLOW_TF32=False, BLOCK_K=32, BLOCK_M=128, BLOCK_N=64, EVEN_K=True, GROUP_M=8, USE_FAST_ACCUM=False, num_stages=3, num_warps=4
  triton_mm_49 0.8663 ms 91.3% ACC_TYPE='tl.int32', ALLOW_TF32=False, BLOCK_K=32, BLOCK_M=64, BLOCK_N=128, EVEN_K=True, GROUP_M=8, USE_FAST_ACCUM=False, num_stages=3, num_warps=4
  triton_mm_51 0.8929 ms 88.5% ACC_TYPE='tl.int32', ALLOW_TF32=False, BLOCK_K=32, BLOCK_M=64, BLOCK_N=128, EVEN_K=True, GROUP_M=8, USE_FAST_ACCUM=False, num_stages=4, num_warps=8
  _int_mm 0.9912 ms 79.8% 
  triton_mm_57 0.9984 ms 79.2% ACC_TYPE='tl.int32', ALLOW_TF32=False, BLOCK_K=128, BLOCK_M=128, BLOCK_N=256, EVEN_K=True, GROUP_M=8, USE_FAST_ACCUM=False, num_stages=3, num_warps=8
  triton_mm_58 1.0199 ms 77.5% ACC_TYPE='tl.int32', ALLOW_TF32=False, BLOCK_K=128, BLOCK_M=256, BLOCK_N=128, EVEN_K=True, GROUP_M=8, USE_FAST_ACCUM=False, num_stages=3, num_warps=8
  triton_mm_55 1.0803 ms 73.2% ACC_TYPE='tl.int32', ALLOW_TF32=False, BLOCK_K=32, BLOCK_M=128, BLOCK_N=128, EVEN_K=True, GROUP_M=8, USE_FAST_ACCUM=False, num_stages=2, num_warps=8
SingleProcess AUTOTUNE benchmarking takes 0.5032 seconds and 0.0010 seconds precompiling for 12 choices
AUTOTUNE mm(64x1, 1x256)
strides: [1, 1], [0, 1]
dtypes: torch.float32, torch.float32
  triton_mm_19 0.0061 ms 100.0% ACC_TYPE='tl.float32', ALLOW_TF32=False, BLOCK_K=16, BLOCK_M=64, BLOCK_N=128, EVEN_K=False, GROUP_M=8, USE_FAST_ACCUM=False, num_stages=3, num_warps=4
  triton_mm_24 0.0062 ms 99.0% ACC_TYPE='tl.float32', ALLOW_TF32=False, BLOCK_K=16, BLOCK_M=64, BLOCK_N=128, EVEN_K=False, GROUP_M=8, USE_FAST_ACCUM=False, num_stages=2, num_warps=8
  triton_mm_14 0.0205 ms 30.0% ACC_TYPE='tl.float32', ALLOW_TF32=False, BLOCK_K=16, BLOCK_M=64, BLOCK_N=32, EVEN_K=False, GROUP_M=8, USE_FAST_ACCUM=False, num_stages=5, num_warps=8
  triton_mm_11 0.0266 ms 23.1% ACC_TYPE='tl.float32', ALLOW_TF32=False, BLOCK_K=16, BLOCK_M=32, BLOCK_N=32, EVEN_K=False, GROUP_M=8, USE_FAST_ACCUM=False, num_stages=1, num_warps=2
  triton_mm_12 0.0266 ms 23.1% ACC_TYPE='tl.float32', ALLOW_TF32=False, BLOCK_K=16, BLOCK_M=32, BLOCK_N=32, EVEN_K=False, GROUP_M=8, USE_FAST_ACCUM=False, num_stages=2, num_warps=4
  triton_mm_15 0.0266 ms 23.1% ACC_TYPE='tl.float32', ALLOW_TF32=False, BLOCK_K=16, BLOCK_M=64, BLOCK_N=32, EVEN_K=False, GROUP_M=8, USE_FAST_ACCUM=False, num_stages=5, num_warps=4
  triton_mm_16 0.0266 ms 23.1% ACC_TYPE='tl.float32', ALLOW_TF32=False, BLOCK_K=16, BLOCK_M=64, BLOCK_N=64, EVEN_K=False, GROUP_M=8, USE_FAST_ACCUM=False, num_stages=2, num_warps=4
  triton_mm_18 0.0266 ms 23.1% ACC_TYPE='tl.float32', ALLOW_TF32=False, BLOCK_K=16, BLOCK_M=64, BLOCK_N=64, EVEN_K=False, GROUP_M=8, USE_FAST_ACCUM=False, num_stages=5, num_warps=4
  triton_mm_22 0.0266 ms 23.1% ACC_TYPE='tl.float32', ALLOW_TF32=False, BLOCK_K=16, BLOCK_M=64, BLOCK_N=64, EVEN_K=False, GROUP_M=8, USE_FAST_ACCUM=False, num_stages=3, num_warps=4
  triton_mm_25 0.0266 ms 23.1% ACC_TYPE='tl.float32', ALLOW_TF32=False, BLOCK_K=16, BLOCK_M=64, BLOCK_N=128, EVEN_K=False, GROUP_M=8, USE_FAST_ACCUM=False, num_stages=5, num_warps=8
SingleProcess AUTOTUNE benchmarking takes 0.3294 seconds and 0.0005 seconds precompiling for 16 choices
AUTOTUNE int_mm(8192x2048, 2048x2048)
strides: [2048, 1], [1, 2048]
dtypes: torch.int8, torch.int8
  triton_mm_1283 0.4393 ms 100.0% ACC_TYPE='tl.int32', ALLOW_TF32=False, BLOCK_K=128, BLOCK_M=256, BLOCK_N=128, EVEN_K=True, GROUP_M=8, USE_FAST_ACCUM=False, num_stages=3, num_warps=8
  _int_mm 0.4454 ms 98.6% 
  triton_mm_1282 0.4506 ms 97.5% ACC_TYPE='tl.int32', ALLOW_TF32=False, BLOCK_K=128, BLOCK_M=128, BLOCK_N=256, EVEN_K=True, GROUP_M=8, USE_FAST_ACCUM=False, num_stages=3, num_warps=8
  triton_mm_1274 0.5038 ms 87.2% ACC_TYPE='tl.int32', ALLOW_TF32=False, BLOCK_K=32, BLOCK_M=64, BLOCK_N=128, EVEN_K=True, GROUP_M=8, USE_FAST_ACCUM=False, num_stages=3, num_warps=4
  triton_mm_1275 0.5406 ms 81.3% ACC_TYPE='tl.int32', ALLOW_TF32=False, BLOCK_K=32, BLOCK_M=128, BLOCK_N=64, EVEN_K=True, GROUP_M=8, USE_FAST_ACCUM=False, num_stages=3, num_warps=4
  triton_mm_1281 0.5466 ms 80.4% ACC_TYPE='tl.int32', ALLOW_TF32=False, BLOCK_K=64, BLOCK_M=64, BLOCK_N=64, EVEN_K=True, GROUP_M=8, USE_FAST_ACCUM=False, num_stages=3, num_warps=8
  triton_mm_1277 0.5684 ms 77.3% ACC_TYPE='tl.int32', ALLOW_TF32=False, BLOCK_K=32, BLOCK_M=128, BLOCK_N=64, EVEN_K=True, GROUP_M=8, USE_FAST_ACCUM=False, num_stages=4, num_warps=8
  triton_mm_1276 0.5726 ms 76.7% ACC_TYPE='tl.int32', ALLOW_TF32=False, BLOCK_K=32, BLOCK_M=64, BLOCK_N=128, EVEN_K=True, GROUP_M=8, USE_FAST_ACCUM=False, num_stages=4, num_warps=8
  triton_mm_1280 0.6134 ms 71.6% ACC_TYPE='tl.int32', ALLOW_TF32=False, BLOCK_K=32, BLOCK_M=128, BLOCK_N=128, EVEN_K=True, GROUP_M=8, USE_FAST_ACCUM=False, num_stages=2, num_warps=8
  triton_mm_1273 0.6420 ms 68.4% ACC_TYPE='tl.int32', ALLOW_TF32=False, BLOCK_K=32, BLOCK_M=64, BLOCK_N=64, EVEN_K=True, GROUP_M=8, USE_FAST_ACCUM=False, num_stages=2, num_warps=4
SingleProcess AUTOTUNE benchmarking takes 0.4485 seconds and 0.0003 seconds precompiling for 12 choices
AUTOTUNE int_mm(8192x6144, 6144x2048)
strides: [6144, 1], [1, 6144]
dtypes: torch.int8, torch.int8
  _int_mm 1.0742 ms 100.0% 
  triton_mm_1305 1.1889 ms 90.4% ACC_TYPE='tl.int32', ALLOW_TF32=False, BLOCK_K=128, BLOCK_M=256, BLOCK_N=128, EVEN_K=True, GROUP_M=8, USE_FAST_ACCUM=False, num_stages=3, num_warps=8
  triton_mm_1304 1.2616 ms 85.1% ACC_TYPE='tl.int32', ALLOW_TF32=False, BLOCK_K=128, BLOCK_M=128, BLOCK_N=256, EVEN_K=True, GROUP_M=8, USE_FAST_ACCUM=False, num_stages=3, num_warps=8
  triton_mm_1303 1.6611 ms 64.7% ACC_TYPE='tl.int32', ALLOW_TF32=False, BLOCK_K=64, BLOCK_M=64, BLOCK_N=64, EVEN_K=True, GROUP_M=8, USE_FAST_ACCUM=False, num_stages=3, num_warps=8
  triton_mm_1297 1.7756 ms 60.5% ACC_TYPE='tl.int32', ALLOW_TF32=False, BLOCK_K=32, BLOCK_M=128, BLOCK_N=64, EVEN_K=True, GROUP_M=8, USE_FAST_ACCUM=False, num_stages=3, num_warps=4
  triton_mm_1296 1.7828 ms 60.3% ACC_TYPE='tl.int32', ALLOW_TF32=False, BLOCK_K=32, BLOCK_M=64, BLOCK_N=128, EVEN_K=True, GROUP_M=8, USE_FAST_ACCUM=False, num_stages=3, num_warps=4
  triton_mm_1299 1.8391 ms 58.4% ACC_TYPE='tl.int32', ALLOW_TF32=False, BLOCK_K=32, BLOCK_M=128, BLOCK_N=64, EVEN_K=True, GROUP_M=8, USE_FAST_ACCUM=False, num_stages=4, num_warps=8
  triton_mm_1298 1.8586 ms 57.8% ACC_TYPE='tl.int32', ALLOW_TF32=False, BLOCK_K=32, BLOCK_M=64, BLOCK_N=128, EVEN_K=True, GROUP_M=8, USE_FAST_ACCUM=False, num_stages=4, num_warps=8
  triton_mm_1302 1.8944 ms 56.7% ACC_TYPE='tl.int32', ALLOW_TF32=False, BLOCK_K=32, BLOCK_M=128, BLOCK_N=128, EVEN_K=True, GROUP_M=8, USE_FAST_ACCUM=False, num_stages=2, num_warps=8
  triton_mm_1295 1.9814 ms 54.2% ACC_TYPE='tl.int32', ALLOW_TF32=False, BLOCK_K=32, BLOCK_M=64, BLOCK_N=64, EVEN_K=True, GROUP_M=8, USE_FAST_ACCUM=False, num_stages=2, num_warps=4
SingleProcess AUTOTUNE benchmarking takes 0.5403 seconds and 0.0002 seconds precompiling for 12 choices
AUTOTUNE int_mm(4096x2048, 2048x4096)
strides: [2048, 1], [1, 2048]
dtypes: torch.int8, torch.int8
  triton_mm_8 0.5294 ms 100.0% ACC_TYPE='tl.int32', ALLOW_TF32=False, BLOCK_K=64, BLOCK_M=64, BLOCK_N=64, EVEN_K=True, GROUP_M=8, USE_FAST_ACCUM=False, num_stages=3, num_warps=8
  triton_mm_2 0.5550 ms 95.4% ACC_TYPE='tl.int32', ALLOW_TF32=False, BLOCK_K=32, BLOCK_M=128, BLOCK_N=64, EVEN_K=True, GROUP_M=8, USE_FAST_ACCUM=False, num_stages=3, num_warps=4
  triton_mm_4 0.5581 ms 94.9% ACC_TYPE='tl.int32', ALLOW_TF32=False, BLOCK_K=32, BLOCK_M=128, BLOCK_N=64, EVEN_K=True, GROUP_M=8, USE_FAST_ACCUM=False, num_stages=4, num_warps=8
  triton_mm_1 0.5601 ms 94.5% ACC_TYPE='tl.int32', ALLOW_TF32=False, BLOCK_K=32, BLOCK_M=64, BLOCK_N=128, EVEN_K=True, GROUP_M=8, USE_FAST_ACCUM=False, num_stages=3, num_warps=4
  triton_mm_0 0.5662 ms 93.5% ACC_TYPE='tl.int32', ALLOW_TF32=False, BLOCK_K=32, BLOCK_M=64, BLOCK_N=64, EVEN_K=True, GROUP_M=8, USE_FAST_ACCUM=False, num_stages=2, num_warps=4
  triton_mm_3 0.5693 ms 93.0% ACC_TYPE='tl.int32', ALLOW_TF32=False, BLOCK_K=32, BLOCK_M=64, BLOCK_N=128, EVEN_K=True, GROUP_M=8, USE_FAST_ACCUM=False, num_stages=4, num_warps=8
  triton_mm_9 0.6185 ms 85.6% ACC_TYPE='tl.int32', ALLOW_TF32=False, BLOCK_K=128, BLOCK_M=128, BLOCK_N=256, EVEN_K=True, GROUP_M=8, USE_FAST_ACCUM=False, num_stages=3, num_warps=8
  triton_mm_10 0.6226 ms 85.0% ACC_TYPE='tl.int32', ALLOW_TF32=False, BLOCK_K=128, BLOCK_M=256, BLOCK_N=128, EVEN_K=True, GROUP_M=8, USE_FAST_ACCUM=False, num_stages=3, num_warps=8
  triton_mm_7 0.6461 ms 81.9% ACC_TYPE='tl.int32', ALLOW_TF32=False, BLOCK_K=32, BLOCK_M=128, BLOCK_N=128, EVEN_K=True, GROUP_M=8, USE_FAST_ACCUM=False, num_stages=2, num_warps=8
  _int_mm 0.6666 ms 79.4% 
SingleProcess AUTOTUNE benchmarking takes 0.5007 seconds and 0.0013 seconds precompiling for 12 choices
AUTOTUNE int_mm(4096x2048, 2048x2048)
strides: [2048, 1], [1, 2048]
dtypes: torch.int8, torch.int8
  triton_mm_34 0.2714 ms 100.0% ACC_TYPE='tl.int32', ALLOW_TF32=False, BLOCK_K=64, BLOCK_M=64, BLOCK_N=64, EVEN_K=True, GROUP_M=8, USE_FAST_ACCUM=False, num_stages=3, num_warps=8
  triton_mm_30 0.2796 ms 97.1% ACC_TYPE='tl.int32', ALLOW_TF32=False, BLOCK_K=32, BLOCK_M=128, BLOCK_N=64, EVEN_K=True, GROUP_M=8, USE_FAST_ACCUM=False, num_stages=4, num_warps=8
  triton_mm_27 0.2806 ms 96.7% ACC_TYPE='tl.int32', ALLOW_TF32=False, BLOCK_K=32, BLOCK_M=64, BLOCK_N=128, EVEN_K=True, GROUP_M=8, USE_FAST_ACCUM=False, num_stages=3, num_warps=4
  triton_mm_29 0.2826 ms 96.0% ACC_TYPE='tl.int32', ALLOW_TF32=False, BLOCK_K=32, BLOCK_M=64, BLOCK_N=128, EVEN_K=True, GROUP_M=8, USE_FAST_ACCUM=False, num_stages=4, num_warps=8
  triton_mm_28 0.2836 ms 95.7% ACC_TYPE='tl.int32', ALLOW_TF32=False, BLOCK_K=32, BLOCK_M=128, BLOCK_N=64, EVEN_K=True, GROUP_M=8, USE_FAST_ACCUM=False, num_stages=3, num_warps=4
  triton_mm_26 0.2857 ms 95.0% ACC_TYPE='tl.int32', ALLOW_TF32=False, BLOCK_K=32, BLOCK_M=64, BLOCK_N=64, EVEN_K=True, GROUP_M=8, USE_FAST_ACCUM=False, num_stages=2, num_warps=4
  triton_mm_33 0.3461 ms 78.4% ACC_TYPE='tl.int32', ALLOW_TF32=False, BLOCK_K=32, BLOCK_M=128, BLOCK_N=128, EVEN_K=True, GROUP_M=8, USE_FAST_ACCUM=False, num_stages=2, num_warps=8
  triton_mm_35 0.3584 ms 75.7% ACC_TYPE='tl.int32', ALLOW_TF32=False, BLOCK_K=128, BLOCK_M=128, BLOCK_N=256, EVEN_K=True, GROUP_M=8, USE_FAST_ACCUM=False, num_stages=3, num_warps=8
  triton_mm_36 0.3604 ms 75.3% ACC_TYPE='tl.int32', ALLOW_TF32=False, BLOCK_K=128, BLOCK_M=256, BLOCK_N=128, EVEN_K=True, GROUP_M=8, USE_FAST_ACCUM=False, num_stages=3, num_warps=8
  _int_mm 0.3768 ms 72.0% 
SingleProcess AUTOTUNE benchmarking takes 0.4925 seconds and 0.0013 seconds precompiling for 12 choices
AUTOTUNE int_mm(8192x2048, 2048x4096)
strides: [2048, 1], [1, 2048]
dtypes: torch.int8, torch.int8
  triton_mm_1256 0.8479 ms 100.0% ACC_TYPE='tl.int32', ALLOW_TF32=False, BLOCK_K=128, BLOCK_M=128, BLOCK_N=256, EVEN_K=True, GROUP_M=8, USE_FAST_ACCUM=False, num_stages=3, num_warps=8
  triton_mm_1257 0.8479 ms 100.0% ACC_TYPE='tl.int32', ALLOW_TF32=False, BLOCK_K=128, BLOCK_M=256, BLOCK_N=128, EVEN_K=True, GROUP_M=8, USE_FAST_ACCUM=False, num_stages=3, num_warps=8
  _int_mm 0.8489 ms 99.9% 
  triton_mm_1248 1.0373 ms 81.7% ACC_TYPE='tl.int32', ALLOW_TF32=False, BLOCK_K=32, BLOCK_M=64, BLOCK_N=128, EVEN_K=True, GROUP_M=8, USE_FAST_ACCUM=False, num_stages=3, num_warps=4
  triton_mm_1249 1.0455 ms 81.1% ACC_TYPE='tl.int32', ALLOW_TF32=False, BLOCK_K=32, BLOCK_M=128, BLOCK_N=64, EVEN_K=True, GROUP_M=8, USE_FAST_ACCUM=False, num_stages=3, num_warps=4
  triton_mm_1255 1.0967 ms 77.3% ACC_TYPE='tl.int32', ALLOW_TF32=False, BLOCK_K=64, BLOCK_M=64, BLOCK_N=64, EVEN_K=True, GROUP_M=8, USE_FAST_ACCUM=False, num_stages=3, num_warps=8
  triton_mm_1250 1.1356 ms 74.7% ACC_TYPE='tl.int32', ALLOW_TF32=False, BLOCK_K=32, BLOCK_M=64, BLOCK_N=128, EVEN_K=True, GROUP_M=8, USE_FAST_ACCUM=False, num_stages=4, num_warps=8
  triton_mm_1251 1.1602 ms 73.1% ACC_TYPE='tl.int32', ALLOW_TF32=False, BLOCK_K=32, BLOCK_M=128, BLOCK_N=64, EVEN_K=True, GROUP_M=8, USE_FAST_ACCUM=False, num_stages=4, num_warps=8
  triton_mm_1254 1.1796 ms 71.9% ACC_TYPE='tl.int32', ALLOW_TF32=False, BLOCK_K=32, BLOCK_M=128, BLOCK_N=128, EVEN_K=True, GROUP_M=8, USE_FAST_ACCUM=False, num_stages=2, num_warps=8
  triton_mm_1247 1.2749 ms 66.5% ACC_TYPE='tl.int32', ALLOW_TF32=False, BLOCK_K=32, BLOCK_M=64, BLOCK_N=64, EVEN_K=True, GROUP_M=8, USE_FAST_ACCUM=False, num_stages=2, num_warps=4
SingleProcess AUTOTUNE benchmarking takes 0.4966 seconds and 0.0003 seconds precompiling for 12 choices
AUTOTUNE int_mm(4096x2048, 2048x12288)
strides: [2048, 1], [1, 2048]
dtypes: torch.int8, torch.int8
  triton_mm_45 1.5503 ms 100.0% ACC_TYPE='tl.int32', ALLOW_TF32=False, BLOCK_K=64, BLOCK_M=64, BLOCK_N=64, EVEN_K=True, GROUP_M=8, USE_FAST_ACCUM=False, num_stages=3, num_warps=8
  triton_mm_37 1.6384 ms 94.6% ACC_TYPE='tl.int32', ALLOW_TF32=False, BLOCK_K=32, BLOCK_M=64, BLOCK_N=64, EVEN_K=True, GROUP_M=8, USE_FAST_ACCUM=False, num_stages=2, num_warps=4
  triton_mm_40 1.6527 ms 93.8% ACC_TYPE='tl.int32', ALLOW_TF32=False, BLOCK_K=32, BLOCK_M=64, BLOCK_N=128, EVEN_K=True, GROUP_M=8, USE_FAST_ACCUM=False, num_stages=4, num_warps=8
  triton_mm_39 1.6568 ms 93.6% ACC_TYPE='tl.int32', ALLOW_TF32=False, BLOCK_K=32, BLOCK_M=128, BLOCK_N=64, EVEN_K=True, GROUP_M=8, USE_FAST_ACCUM=False, num_stages=3, num_warps=4
  triton_mm_46 1.6896 ms 91.8% ACC_TYPE='tl.int32', ALLOW_TF32=False, BLOCK_K=128, BLOCK_M=128, BLOCK_N=256, EVEN_K=True, GROUP_M=8, USE_FAST_ACCUM=False, num_stages=3, num_warps=8
  triton_mm_38 1.6968 ms 91.4% ACC_TYPE='tl.int32', ALLOW_TF32=False, BLOCK_K=32, BLOCK_M=64, BLOCK_N=128, EVEN_K=True, GROUP_M=8, USE_FAST_ACCUM=False, num_stages=3, num_warps=4
  triton_mm_47 1.6968 ms 91.4% ACC_TYPE='tl.int32', ALLOW_TF32=False, BLOCK_K=128, BLOCK_M=256, BLOCK_N=128, EVEN_K=True, GROUP_M=8, USE_FAST_ACCUM=False, num_stages=3, num_warps=8
  triton_mm_41 1.7050 ms 90.9% ACC_TYPE='tl.int32', ALLOW_TF32=False, BLOCK_K=32, BLOCK_M=128, BLOCK_N=64, EVEN_K=True, GROUP_M=8, USE_FAST_ACCUM=False, num_stages=4, num_warps=8
  _int_mm 1.7398 ms 89.1% 
  triton_mm_44 1.9436 ms 79.8% ACC_TYPE='tl.int32', ALLOW_TF32=False, BLOCK_K=32, BLOCK_M=128, BLOCK_N=128, EVEN_K=True, GROUP_M=8, USE_FAST_ACCUM=False, num_stages=2, num_warps=8
SingleProcess AUTOTUNE benchmarking takes 0.5663 seconds and 0.0015 seconds precompiling for 12 choices
AUTOTUNE int_mm(4096x6144, 6144x2048)
strides: [6144, 1], [1, 6144]
dtypes: torch.int8, torch.int8
  triton_mm_56 0.7905 ms 100.0% ACC_TYPE='tl.int32', ALLOW_TF32=False, BLOCK_K=64, BLOCK_M=64, BLOCK_N=64, EVEN_K=True, GROUP_M=8, USE_FAST_ACCUM=False, num_stages=3, num_warps=8
  triton_mm_52 0.8223 ms 96.1% ACC_TYPE='tl.int32', ALLOW_TF32=False, BLOCK_K=32, BLOCK_M=128, BLOCK_N=64, EVEN_K=True, GROUP_M=8, USE_FAST_ACCUM=False, num_stages=4, num_warps=8
  triton_mm_50 0.8530 ms 92.7% ACC_TYPE='tl.int32', ALLOW_TF32=False, BLOCK_K=32, BLOCK_M=128, BLOCK_N=64, EVEN_K=True, GROUP_M=8, USE_FAST_ACCUM=False, num_stages=3, num_warps=4
  triton_mm_48 0.8550 ms 92.5% ACC_TYPE='tl.int32', ALLOW_TF32=False, BLOCK_K=32, BLOCK_M=64, BLOCK_N=64, EVEN_K=True, GROUP_M=8, USE_FAST_ACCUM=False, num_stages=2, num_warps=4
  triton_mm_49 0.8632 ms 91.6% ACC_TYPE='tl.int32', ALLOW_TF32=False, BLOCK_K=32, BLOCK_M=64, BLOCK_N=128, EVEN_K=True, GROUP_M=8, USE_FAST_ACCUM=False, num_stages=3, num_warps=4
  triton_mm_51 0.8919 ms 88.6% ACC_TYPE='tl.int32', ALLOW_TF32=False, BLOCK_K=32, BLOCK_M=64, BLOCK_N=128, EVEN_K=True, GROUP_M=8, USE_FAST_ACCUM=False, num_stages=4, num_warps=8
  _int_mm 0.9923 ms 79.7% 
  triton_mm_57 0.9994 ms 79.1% ACC_TYPE='tl.int32', ALLOW_TF32=False, BLOCK_K=128, BLOCK_M=128, BLOCK_N=256, EVEN_K=True, GROUP_M=8, USE_FAST_ACCUM=False, num_stages=3, num_warps=8
  triton_mm_58 1.0189 ms 77.6% ACC_TYPE='tl.int32', ALLOW_TF32=False, BLOCK_K=128, BLOCK_M=256, BLOCK_N=128, EVEN_K=True, GROUP_M=8, USE_FAST_ACCUM=False, num_stages=3, num_warps=8
  triton_mm_55 1.0813 ms 73.1% ACC_TYPE='tl.int32', ALLOW_TF32=False, BLOCK_K=32, BLOCK_M=128, BLOCK_N=128, EVEN_K=True, GROUP_M=8, USE_FAST_ACCUM=False, num_stages=2, num_warps=8
SingleProcess AUTOTUNE benchmarking takes 0.5029 seconds and 0.0012 seconds precompiling for 12 choices
AUTOTUNE int_mm(8192x2048, 2048x12288)
strides: [2048, 1], [1, 2048]
dtypes: torch.int8, torch.int8
  triton_mm_1293 2.3624 ms 100.0% ACC_TYPE='tl.int32', ALLOW_TF32=False, BLOCK_K=128, BLOCK_M=128, BLOCK_N=256, EVEN_K=True, GROUP_M=8, USE_FAST_ACCUM=False, num_stages=3, num_warps=8
  _int_mm 2.6081 ms 90.6% 
  triton_mm_1294 3.0239 ms 78.1% ACC_TYPE='tl.int32', ALLOW_TF32=False, BLOCK_K=128, BLOCK_M=256, BLOCK_N=128, EVEN_K=True, GROUP_M=8, USE_FAST_ACCUM=False, num_stages=3, num_warps=8
  triton_mm_1292 3.1048 ms 76.1% ACC_TYPE='tl.int32', ALLOW_TF32=False, BLOCK_K=64, BLOCK_M=64, BLOCK_N=64, EVEN_K=True, GROUP_M=8, USE_FAST_ACCUM=False, num_stages=3, num_warps=8
  triton_mm_1286 3.2727 ms 72.2% ACC_TYPE='tl.int32', ALLOW_TF32=False, BLOCK_K=32, BLOCK_M=128, BLOCK_N=64, EVEN_K=True, GROUP_M=8, USE_FAST_ACCUM=False, num_stages=3, num_warps=4
  triton_mm_1285 3.3649 ms 70.2% ACC_TYPE='tl.int32', ALLOW_TF32=False, BLOCK_K=32, BLOCK_M=64, BLOCK_N=128, EVEN_K=True, GROUP_M=8, USE_FAST_ACCUM=False, num_stages=3, num_warps=4
  triton_mm_1291 3.5000 ms 67.5% ACC_TYPE='tl.int32', ALLOW_TF32=False, BLOCK_K=32, BLOCK_M=128, BLOCK_N=128, EVEN_K=True, GROUP_M=8, USE_FAST_ACCUM=False, num_stages=2, num_warps=8
  triton_mm_1284 3.6188 ms 65.3% ACC_TYPE='tl.int32', ALLOW_TF32=False, BLOCK_K=32, BLOCK_M=64, BLOCK_N=64, EVEN_K=True, GROUP_M=8, USE_FAST_ACCUM=False, num_stages=2, num_warps=4
  triton_mm_1287 3.6280 ms 65.1% ACC_TYPE='tl.int32', ALLOW_TF32=False, BLOCK_K=32, BLOCK_M=64, BLOCK_N=128, EVEN_K=True, GROUP_M=8, USE_FAST_ACCUM=False, num_stages=4, num_warps=8
  triton_mm_1288 3.6700 ms 64.4% ACC_TYPE='tl.int32', ALLOW_TF32=False, BLOCK_K=32, BLOCK_M=128, BLOCK_N=64, EVEN_K=True, GROUP_M=8, USE_FAST_ACCUM=False, num_stages=4, num_warps=8
SingleProcess AUTOTUNE benchmarking takes 0.6869 seconds and 0.0005 seconds precompiling for 12 choices
AUTOTUNE int_mm(16384x2048, 2048x2048)
strides: [2048, 1], [1, 2048]
dtypes: torch.int8, torch.int8
  _int_mm 0.8417 ms 100.0% 
  triton_mm_2530 0.8468 ms 99.4% ACC_TYPE='tl.int32', ALLOW_TF32=False, BLOCK_K=128, BLOCK_M=256, BLOCK_N=128, EVEN_K=True, GROUP_M=8, USE_FAST_ACCUM=False, num_stages=3, num_warps=8
  triton_mm_2529 0.8806 ms 95.6% ACC_TYPE='tl.int32', ALLOW_TF32=False, BLOCK_K=128, BLOCK_M=128, BLOCK_N=256, EVEN_K=True, GROUP_M=8, USE_FAST_ACCUM=False, num_stages=3, num_warps=8
  triton_mm_2521 1.0056 ms 83.7% ACC_TYPE='tl.int32', ALLOW_TF32=False, BLOCK_K=32, BLOCK_M=64, BLOCK_N=128, EVEN_K=True, GROUP_M=8, USE_FAST_ACCUM=False, num_stages=3, num_warps=4
  triton_mm_2522 1.0537 ms 79.9% ACC_TYPE='tl.int32', ALLOW_TF32=False, BLOCK_K=32, BLOCK_M=128, BLOCK_N=64, EVEN_K=True, GROUP_M=8, USE_FAST_ACCUM=False, num_stages=3, num_warps=4
  triton_mm_2528 1.0629 ms 79.2% ACC_TYPE='tl.int32', ALLOW_TF32=False, BLOCK_K=64, BLOCK_M=64, BLOCK_N=64, EVEN_K=True, GROUP_M=8, USE_FAST_ACCUM=False, num_stages=3, num_warps=8
  triton_mm_2523 1.1121 ms 75.7% ACC_TYPE='tl.int32', ALLOW_TF32=False, BLOCK_K=32, BLOCK_M=64, BLOCK_N=128, EVEN_K=True, GROUP_M=8, USE_FAST_ACCUM=False, num_stages=4, num_warps=8
  triton_mm_2524 1.1448 ms 73.5% ACC_TYPE='tl.int32', ALLOW_TF32=False, BLOCK_K=32, BLOCK_M=128, BLOCK_N=64, EVEN_K=True, GROUP_M=8, USE_FAST_ACCUM=False, num_stages=4, num_warps=8
  triton_mm_2527 1.1776 ms 71.5% ACC_TYPE='tl.int32', ALLOW_TF32=False, BLOCK_K=32, BLOCK_M=128, BLOCK_N=128, EVEN_K=True, GROUP_M=8, USE_FAST_ACCUM=False, num_stages=2, num_warps=8
  triton_mm_2520 1.2636 ms 66.6% ACC_TYPE='tl.int32', ALLOW_TF32=False, BLOCK_K=32, BLOCK_M=64, BLOCK_N=64, EVEN_K=True, GROUP_M=8, USE_FAST_ACCUM=False, num_stages=2, num_warps=4
SingleProcess AUTOTUNE benchmarking takes 0.4954 seconds and 0.0003 seconds precompiling for 12 choices
AUTOTUNE int_mm(16384x6144, 6144x2048)
strides: [6144, 1], [1, 6144]
dtypes: torch.int8, torch.int8
  _int_mm 2.0224 ms 100.0% 
  triton_mm_2552 2.2548 ms 89.7% ACC_TYPE='tl.int32', ALLOW_TF32=False, BLOCK_K=128, BLOCK_M=256, BLOCK_N=128, EVEN_K=True, GROUP_M=8, USE_FAST_ACCUM=False, num_stages=3, num_warps=8
  triton_mm_2551 2.3419 ms 86.4% ACC_TYPE='tl.int32', ALLOW_TF32=False, BLOCK_K=128, BLOCK_M=128, BLOCK_N=256, EVEN_K=True, GROUP_M=8, USE_FAST_ACCUM=False, num_stages=3, num_warps=8
  triton_mm_2550 3.1385 ms 64.4% ACC_TYPE='tl.int32', ALLOW_TF32=False, BLOCK_K=64, BLOCK_M=64, BLOCK_N=64, EVEN_K=True, GROUP_M=8, USE_FAST_ACCUM=False, num_stages=3, num_warps=8
  triton_mm_2543 3.4765 ms 58.2% ACC_TYPE='tl.int32', ALLOW_TF32=False, BLOCK_K=32, BLOCK_M=64, BLOCK_N=128, EVEN_K=True, GROUP_M=8, USE_FAST_ACCUM=False, num_stages=3, num_warps=4
  triton_mm_2544 3.5000 ms 57.8% ACC_TYPE='tl.int32', ALLOW_TF32=False, BLOCK_K=32, BLOCK_M=128, BLOCK_N=64, EVEN_K=True, GROUP_M=8, USE_FAST_ACCUM=False, num_stages=3, num_warps=4
  triton_mm_2549 3.5891 ms 56.3% ACC_TYPE='tl.int32', ALLOW_TF32=False, BLOCK_K=32, BLOCK_M=128, BLOCK_N=128, EVEN_K=True, GROUP_M=8, USE_FAST_ACCUM=False, num_stages=2, num_warps=8
  triton_mm_2545 3.7253 ms 54.3% ACC_TYPE='tl.int32', ALLOW_TF32=False, BLOCK_K=32, BLOCK_M=64, BLOCK_N=128, EVEN_K=True, GROUP_M=8, USE_FAST_ACCUM=False, num_stages=4, num_warps=8
  triton_mm_2546 3.8124 ms 53.0% ACC_TYPE='tl.int32', ALLOW_TF32=False, BLOCK_K=32, BLOCK_M=128, BLOCK_N=64, EVEN_K=True, GROUP_M=8, USE_FAST_ACCUM=False, num_stages=4, num_warps=8
  triton_mm_2542 3.9690 ms 51.0% ACC_TYPE='tl.int32', ALLOW_TF32=False, BLOCK_K=32, BLOCK_M=64, BLOCK_N=64, EVEN_K=True, GROUP_M=8, USE_FAST_ACCUM=False, num_stages=2, num_warps=4
SingleProcess AUTOTUNE benchmarking takes 0.6823 seconds and 0.0002 seconds precompiling for 12 choices
AUTOTUNE int_mm(16384x2048, 2048x4096)
strides: [2048, 1], [1, 2048]
dtypes: torch.int8, torch.int8
  _int_mm 1.6466 ms 100.0% 
  triton_mm_2503 1.6466 ms 100.0% ACC_TYPE='tl.int32', ALLOW_TF32=False, BLOCK_K=128, BLOCK_M=128, BLOCK_N=256, EVEN_K=True, GROUP_M=8, USE_FAST_ACCUM=False, num_stages=3, num_warps=8
  triton_mm_2504 1.8391 ms 89.5% ACC_TYPE='tl.int32', ALLOW_TF32=False, BLOCK_K=128, BLOCK_M=256, BLOCK_N=128, EVEN_K=True, GROUP_M=8, USE_FAST_ACCUM=False, num_stages=3, num_warps=8
  triton_mm_2496 2.0808 ms 79.1% ACC_TYPE='tl.int32', ALLOW_TF32=False, BLOCK_K=32, BLOCK_M=128, BLOCK_N=64, EVEN_K=True, GROUP_M=8, USE_FAST_ACCUM=False, num_stages=3, num_warps=4
  triton_mm_2502 2.0818 ms 79.1% ACC_TYPE='tl.int32', ALLOW_TF32=False, BLOCK_K=64, BLOCK_M=64, BLOCK_N=64, EVEN_K=True, GROUP_M=8, USE_FAST_ACCUM=False, num_stages=3, num_warps=8
  triton_mm_2495 2.1105 ms 78.0% ACC_TYPE='tl.int32', ALLOW_TF32=False, BLOCK_K=32, BLOCK_M=64, BLOCK_N=128, EVEN_K=True, GROUP_M=8, USE_FAST_ACCUM=False, num_stages=3, num_warps=4
  triton_mm_2497 2.2743 ms 72.4% ACC_TYPE='tl.int32', ALLOW_TF32=False, BLOCK_K=32, BLOCK_M=64, BLOCK_N=128, EVEN_K=True, GROUP_M=8, USE_FAST_ACCUM=False, num_stages=4, num_warps=8
  triton_mm_2501 2.3163 ms 71.1% ACC_TYPE='tl.int32', ALLOW_TF32=False, BLOCK_K=32, BLOCK_M=128, BLOCK_N=128, EVEN_K=True, GROUP_M=8, USE_FAST_ACCUM=False, num_stages=2, num_warps=8
  triton_mm_2498 2.3726 ms 69.4% ACC_TYPE='tl.int32', ALLOW_TF32=False, BLOCK_K=32, BLOCK_M=128, BLOCK_N=64, EVEN_K=True, GROUP_M=8, USE_FAST_ACCUM=False, num_stages=4, num_warps=8
  triton_mm_2494 2.5672 ms 64.1% ACC_TYPE='tl.int32', ALLOW_TF32=False, BLOCK_K=32, BLOCK_M=64, BLOCK_N=64, EVEN_K=True, GROUP_M=8, USE_FAST_ACCUM=False, num_stages=2, num_warps=4
SingleProcess AUTOTUNE benchmarking takes 0.5941 seconds and 0.0009 seconds precompiling for 12 choices
AUTOTUNE int_mm(16384x2048, 2048x12288)
strides: [2048, 1], [1, 2048]
dtypes: torch.int8, torch.int8
  triton_mm_2540 4.6244 ms 100.0% ACC_TYPE='tl.int32', ALLOW_TF32=False, BLOCK_K=128, BLOCK_M=128, BLOCK_N=256, EVEN_K=True, GROUP_M=8, USE_FAST_ACCUM=False, num_stages=3, num_warps=8
  _int_mm 5.1487 ms 89.8% 
  triton_mm_2541 6.0611 ms 76.3% ACC_TYPE='tl.int32', ALLOW_TF32=False, BLOCK_K=128, BLOCK_M=256, BLOCK_N=128, EVEN_K=True, GROUP_M=8, USE_FAST_ACCUM=False, num_stages=3, num_warps=8
  triton_mm_2539 6.3724 ms 72.6% ACC_TYPE='tl.int32', ALLOW_TF32=False, BLOCK_K=64, BLOCK_M=64, BLOCK_N=64, EVEN_K=True, GROUP_M=8, USE_FAST_ACCUM=False, num_stages=3, num_warps=8
  triton_mm_2533 6.4061 ms 72.2% ACC_TYPE='tl.int32', ALLOW_TF32=False, BLOCK_K=32, BLOCK_M=128, BLOCK_N=64, EVEN_K=True, GROUP_M=8, USE_FAST_ACCUM=False, num_stages=3, num_warps=4
  triton_mm_2532 6.6816 ms 69.2% ACC_TYPE='tl.int32', ALLOW_TF32=False, BLOCK_K=32, BLOCK_M=64, BLOCK_N=128, EVEN_K=True, GROUP_M=8, USE_FAST_ACCUM=False, num_stages=3, num_warps=4
  triton_mm_2531 6.8116 ms 67.9% ACC_TYPE='tl.int32', ALLOW_TF32=False, BLOCK_K=32, BLOCK_M=64, BLOCK_N=64, EVEN_K=True, GROUP_M=8, USE_FAST_ACCUM=False, num_stages=2, num_warps=4
  triton_mm_2538 6.9079 ms 66.9% ACC_TYPE='tl.int32', ALLOW_TF32=False, BLOCK_K=32, BLOCK_M=128, BLOCK_N=128, EVEN_K=True, GROUP_M=8, USE_FAST_ACCUM=False, num_stages=2, num_warps=8
  triton_mm_2534 7.0052 ms 66.0% ACC_TYPE='tl.int32', ALLOW_TF32=False, BLOCK_K=32, BLOCK_M=64, BLOCK_N=128, EVEN_K=True, GROUP_M=8, USE_FAST_ACCUM=False, num_stages=4, num_warps=8
  triton_mm_2535 7.3175 ms 63.2% ACC_TYPE='tl.int32', ALLOW_TF32=False, BLOCK_K=32, BLOCK_M=128, BLOCK_N=64, EVEN_K=True, GROUP_M=8, USE_FAST_ACCUM=False, num_stages=4, num_warps=8
SingleProcess AUTOTUNE benchmarking takes 0.9858 seconds and 0.0004 seconds precompiling for 12 choices
[triton] RESULT {"variant": "triton", "gpu": "NVIDIA A10", "build_warmup_s": 336.2, "dnll": {"wikitext": 0.013242014683783054, "mbpp": 0.0021722646263556754, "gsm8k": 0.013780414359644055}, "speedup": {"16": 1.456080821531233, "32": 1.4696151269092932, "64": 1.441037137427446}, "ms": {"16": 142.89663696289062, "32": 281.14329528808594, "64": 557.2444152832031}, "profile_b64": {"bf16": {"triton": 97.26716999999962, "gemm": 613.8803770000009, "attention": 73.56815000000041}, "variant": {"triton": 135.7284569999998, "rmsnorm_quant": 11.630031000000242, "gemm": 354.1411740000004, "attention": 46.049187000000146}}, "speedup_geomean": 1.4555308771425308}
[triton-ma] RESULT {"variant": "triton-ma", "gpu": "NVIDIA A10", "build_warmup_s": 385.8, "dnll": {"wikitext": 0.013242240995168686, "mbpp": 0.0021722626879932434, "gsm8k": 0.013780449517071247}, "speedup": {"16": 1.514465482129867, "32": 1.5193147720577023, "64": 1.5069799446298138}, "ms": {"16": 140.6955337524414, "32": 278.5592346191406, "64": 545.2497863769531}, "profile_b64": {"bf16": {"triton": 99.70617899999985, "gemm": 638.381724999999, "attention": 75.76760699999977}, "variant": {"triton": 126.9508630000001, "rmsnorm_quant": 11.550825999999663, "gemm": 350.0931159999998, "attention": 46.40921099999977}}, "speedup_geomean": 1.5135782237184767}
AUTOTUNE int_mm(8192x2048, 2048x4096)
strides: [2048, 1], [1, 2048]
dtypes: torch.int8, torch.int8
  triton_mm_1255 1.0373 ms 100.0% ACC_TYPE='tl.int32', ALLOW_TF32=False, BLOCK_K=64, BLOCK_M=64, BLOCK_N=64, EVEN_K=True, GROUP_M=8, USE_FAST_ACCUM=False, num_stages=3, num_warps=8
  triton_mm_1249 1.0967 ms 94.6% ACC_TYPE='tl.int32', ALLOW_TF32=False, BLOCK_K=32, BLOCK_M=128, BLOCK_N=64, EVEN_K=True, GROUP_M=8, USE_FAST_ACCUM=False, num_stages=3, num_warps=4
  triton_mm_1247 1.1018 ms 94.1% ACC_TYPE='tl.int32', ALLOW_TF32=False, BLOCK_K=32, BLOCK_M=64, BLOCK_N=64, EVEN_K=True, GROUP_M=8, USE_FAST_ACCUM=False, num_stages=2, num_warps=4
  triton_mm_1251 1.1100 ms 93.5% ACC_TYPE='tl.int32', ALLOW_TF32=False, BLOCK_K=32, BLOCK_M=128, BLOCK_N=64, EVEN_K=True, GROUP_M=8, USE_FAST_ACCUM=False, num_stages=4, num_warps=8
  triton_mm_1248 1.1121 ms 93.3% ACC_TYPE='tl.int32', ALLOW_TF32=False, BLOCK_K=32, BLOCK_M=64, BLOCK_N=128, EVEN_K=True, GROUP_M=8, USE_FAST_ACCUM=False, num_stages=3, num_warps=4
  triton_mm_1250 1.1305 ms 91.8% ACC_TYPE='tl.int32', ALLOW_TF32=False, BLOCK_K=32, BLOCK_M=64, BLOCK_N=128, EVEN_K=True, GROUP_M=8, USE_FAST_ACCUM=False, num_stages=4, num_warps=8
  triton_mm_1256 1.1346 ms 91.4% ACC_TYPE='tl.int32', ALLOW_TF32=False, BLOCK_K=128, BLOCK_M=128, BLOCK_N=256, EVEN_K=True, GROUP_M=8, USE_FAST_ACCUM=False, num_stages=3, num_warps=8
  triton_mm_1257 1.1387 ms 91.1% ACC_TYPE='tl.int32', ALLOW_TF32=False, BLOCK_K=128, BLOCK_M=256, BLOCK_N=128, EVEN_K=True, GROUP_M=8, USE_FAST_ACCUM=False, num_stages=3, num_warps=8
  _int_mm 1.1960 ms 86.7% 
  triton_mm_1254 1.2667 ms 81.9% ACC_TYPE='tl.int32', ALLOW_TF32=False, BLOCK_K=32, BLOCK_M=128, BLOCK_N=128, EVEN_K=True, GROUP_M=8, USE_FAST_ACCUM=False, num_stages=2, num_warps=8
SingleProcess AUTOTUNE benchmarking takes 0.5525 seconds and 0.0015 seconds precompiling for 12 choices
AUTOTUNE int_mm(8192x2048, 2048x2048)
strides: [2048, 1], [1, 2048]
dtypes: torch.int8, torch.int8
  triton_mm_1281 0.5294 ms 100.0% ACC_TYPE='tl.int32', ALLOW_TF32=False, BLOCK_K=64, BLOCK_M=64, BLOCK_N=64, EVEN_K=True, GROUP_M=8, USE_FAST_ACCUM=False, num_stages=3, num_warps=8
  triton_mm_1274 0.5468 ms 96.8% ACC_TYPE='tl.int32', ALLOW_TF32=False, BLOCK_K=32, BLOCK_M=64, BLOCK_N=128, EVEN_K=True, GROUP_M=8, USE_FAST_ACCUM=False, num_stages=3, num_warps=4
  triton_mm_1275 0.5509 ms 96.1% ACC_TYPE='tl.int32', ALLOW_TF32=False, BLOCK_K=32, BLOCK_M=128, BLOCK_N=64, EVEN_K=True, GROUP_M=8, USE_FAST_ACCUM=False, num_stages=3, num_warps=4
  triton_mm_1277 0.5509 ms 96.1% ACC_TYPE='tl.int32', ALLOW_TF32=False, BLOCK_K=32, BLOCK_M=128, BLOCK_N=64, EVEN_K=True, GROUP_M=8, USE_FAST_ACCUM=False, num_stages=4, num_warps=8
  triton_mm_1276 0.5581 ms 94.9% ACC_TYPE='tl.int32', ALLOW_TF32=False, BLOCK_K=32, BLOCK_M=64, BLOCK_N=128, EVEN_K=True, GROUP_M=8, USE_FAST_ACCUM=False, num_stages=4, num_warps=8
  triton_mm_1273 0.5632 ms 94.0% ACC_TYPE='tl.int32', ALLOW_TF32=False, BLOCK_K=32, BLOCK_M=64, BLOCK_N=64, EVEN_K=True, GROUP_M=8, USE_FAST_ACCUM=False, num_stages=2, num_warps=4
  triton_mm_1280 0.6185 ms 85.6% ACC_TYPE='tl.int32', ALLOW_TF32=False, BLOCK_K=32, BLOCK_M=128, BLOCK_N=128, EVEN_K=True, GROUP_M=8, USE_FAST_ACCUM=False, num_stages=2, num_warps=8
  triton_mm_1283 0.6185 ms 85.6% ACC_TYPE='tl.int32', ALLOW_TF32=False, BLOCK_K=128, BLOCK_M=256, BLOCK_N=128, EVEN_K=True, GROUP_M=8, USE_FAST_ACCUM=False, num_stages=3, num_warps=8
  triton_mm_1282 0.6205 ms 85.3% ACC_TYPE='tl.int32', ALLOW_TF32=False, BLOCK_K=128, BLOCK_M=128, BLOCK_N=256, EVEN_K=True, GROUP_M=8, USE_FAST_ACCUM=False, num_stages=3, num_warps=8
  _int_mm 0.6646 ms 79.7% 
SingleProcess AUTOTUNE benchmarking takes 0.5107 seconds and 0.0021 seconds precompiling for 12 choices
AUTOTUNE int_mm(8192x2048, 2048x12288)
strides: [2048, 1], [1, 2048]
dtypes: torch.int8, torch.int8
  triton_mm_1292 3.0822 ms 100.0% ACC_TYPE='tl.int32', ALLOW_TF32=False, BLOCK_K=64, BLOCK_M=64, BLOCK_N=64, EVEN_K=True, GROUP_M=8, USE_FAST_ACCUM=False, num_stages=3, num_warps=8
  triton_mm_1287 3.2307 ms 95.4% ACC_TYPE='tl.int32', ALLOW_TF32=False, BLOCK_K=32, BLOCK_M=64, BLOCK_N=128, EVEN_K=True, GROUP_M=8, USE_FAST_ACCUM=False, num_stages=4, num_warps=8
  triton_mm_1284 3.2389 ms 95.2% ACC_TYPE='tl.int32', ALLOW_TF32=False, BLOCK_K=32, BLOCK_M=64, BLOCK_N=64, EVEN_K=True, GROUP_M=8, USE_FAST_ACCUM=False, num_stages=2, num_warps=4
  triton_mm_1293 3.2748 ms 94.1% ACC_TYPE='tl.int32', ALLOW_TF32=False, BLOCK_K=128, BLOCK_M=128, BLOCK_N=256, EVEN_K=True, GROUP_M=8, USE_FAST_ACCUM=False, num_stages=3, num_warps=8
  triton_mm_1294 3.2891 ms 93.7% ACC_TYPE='tl.int32', ALLOW_TF32=False, BLOCK_K=128, BLOCK_M=256, BLOCK_N=128, EVEN_K=True, GROUP_M=8, USE_FAST_ACCUM=False, num_stages=3, num_warps=8
  triton_mm_1286 3.3034 ms 93.3% ACC_TYPE='tl.int32', ALLOW_TF32=False, BLOCK_K=32, BLOCK_M=128, BLOCK_N=64, EVEN_K=True, GROUP_M=8, USE_FAST_ACCUM=False, num_stages=3, num_warps=4
  _int_mm 3.3423 ms 92.2% 
  triton_mm_1285 3.3792 ms 91.2% ACC_TYPE='tl.int32', ALLOW_TF32=False, BLOCK_K=32, BLOCK_M=64, BLOCK_N=128, EVEN_K=True, GROUP_M=8, USE_FAST_ACCUM=False, num_stages=3, num_warps=4
  triton_mm_1288 3.4099 ms 90.4% ACC_TYPE='tl.int32', ALLOW_TF32=False, BLOCK_K=32, BLOCK_M=128, BLOCK_N=64, EVEN_K=True, GROUP_M=8, USE_FAST_ACCUM=False, num_stages=4, num_warps=8
  triton_mm_1291 3.8134 ms 80.8% ACC_TYPE='tl.int32', ALLOW_TF32=False, BLOCK_K=32, BLOCK_M=128, BLOCK_N=128, EVEN_K=True, GROUP_M=8, USE_FAST_ACCUM=False, num_stages=2, num_warps=8
SingleProcess AUTOTUNE benchmarking takes 0.7357 seconds and 0.0019 seconds precompiling for 12 choices
AUTOTUNE int_mm(8192x6144, 6144x2048)
strides: [6144, 1], [1, 6144]
dtypes: torch.int8, torch.int8
  triton_mm_1303 1.5647 ms 100.0% ACC_TYPE='tl.int32', ALLOW_TF32=False, BLOCK_K=64, BLOCK_M=64, BLOCK_N=64, EVEN_K=True, GROUP_M=8, USE_FAST_ACCUM=False, num_stages=3, num_warps=8
  triton_mm_1299 1.6210 ms 96.5% ACC_TYPE='tl.int32', ALLOW_TF32=False, BLOCK_K=32, BLOCK_M=128, BLOCK_N=64, EVEN_K=True, GROUP_M=8, USE_FAST_ACCUM=False, num_stages=4, num_warps=8
  triton_mm_1297 1.6845 ms 92.9% ACC_TYPE='tl.int32', ALLOW_TF32=False, BLOCK_K=32, BLOCK_M=128, BLOCK_N=64, EVEN_K=True, GROUP_M=8, USE_FAST_ACCUM=False, num_stages=3, num_warps=4
  triton_mm_1296 1.7080 ms 91.6% ACC_TYPE='tl.int32', ALLOW_TF32=False, BLOCK_K=32, BLOCK_M=64, BLOCK_N=128, EVEN_K=True, GROUP_M=8, USE_FAST_ACCUM=False, num_stages=3, num_warps=4
  triton_mm_1304 1.7418 ms 89.8% ACC_TYPE='tl.int32', ALLOW_TF32=False, BLOCK_K=128, BLOCK_M=128, BLOCK_N=256, EVEN_K=True, GROUP_M=8, USE_FAST_ACCUM=False, num_stages=3, num_warps=8
  _int_mm 1.7439 ms 89.7% 
  triton_mm_1295 1.7551 ms 89.1% ACC_TYPE='tl.int32', ALLOW_TF32=False, BLOCK_K=32, BLOCK_M=64, BLOCK_N=64, EVEN_K=True, GROUP_M=8, USE_FAST_ACCUM=False, num_stages=2, num_warps=4
  triton_mm_1298 1.7551 ms 89.1% ACC_TYPE='tl.int32', ALLOW_TF32=False, BLOCK_K=32, BLOCK_M=64, BLOCK_N=128, EVEN_K=True, GROUP_M=8, USE_FAST_ACCUM=False, num_stages=4, num_warps=8
  triton_mm_1305 1.7715 ms 88.3% ACC_TYPE='tl.int32', ALLOW_TF32=False, BLOCK_K=128, BLOCK_M=256, BLOCK_N=128, EVEN_K=True, GROUP_M=8, USE_FAST_ACCUM=False, num_stages=3, num_warps=8
  triton_mm_1302 1.9548 ms 80.0% ACC_TYPE='tl.int32', ALLOW_TF32=False, BLOCK_K=32, BLOCK_M=128, BLOCK_N=128, EVEN_K=True, GROUP_M=8, USE_FAST_ACCUM=False, num_stages=2, num_warps=8
SingleProcess AUTOTUNE benchmarking takes 0.6080 seconds and 0.0028 seconds precompiling for 12 choices
AUTOTUNE int_mm(8192x2048, 2048x4096)
strides: [2048, 1], [1, 2048]
dtypes: torch.int8, torch.int8
  triton_mm_1255 1.0383 ms 100.0% ACC_TYPE='tl.int32', ALLOW_TF32=False, BLOCK_K=64, BLOCK_M=64, BLOCK_N=64, EVEN_K=True, GROUP_M=8, USE_FAST_ACCUM=False, num_stages=3, num_warps=8
  triton_mm_1249 1.0957 ms 94.8% ACC_TYPE='tl.int32', ALLOW_TF32=False, BLOCK_K=32, BLOCK_M=128, BLOCK_N=64, EVEN_K=True, GROUP_M=8, USE_FAST_ACCUM=False, num_stages=3, num_warps=4
  triton_mm_1247 1.0977 ms 94.6% ACC_TYPE='tl.int32', ALLOW_TF32=False, BLOCK_K=32, BLOCK_M=64, BLOCK_N=64, EVEN_K=True, GROUP_M=8, USE_FAST_ACCUM=False, num_stages=2, num_warps=4
  triton_mm_1248 1.1110 ms 93.5% ACC_TYPE='tl.int32', ALLOW_TF32=False, BLOCK_K=32, BLOCK_M=64, BLOCK_N=128, EVEN_K=True, GROUP_M=8, USE_FAST_ACCUM=False, num_stages=3, num_warps=4
  triton_mm_1251 1.1110 ms 93.5% ACC_TYPE='tl.int32', ALLOW_TF32=False, BLOCK_K=32, BLOCK_M=128, BLOCK_N=64, EVEN_K=True, GROUP_M=8, USE_FAST_ACCUM=False, num_stages=4, num_warps=8
  triton_mm_1250 1.1315 ms 91.8% ACC_TYPE='tl.int32', ALLOW_TF32=False, BLOCK_K=32, BLOCK_M=64, BLOCK_N=128, EVEN_K=True, GROUP_M=8, USE_FAST_ACCUM=False, num_stages=4, num_warps=8
  triton_mm_1256 1.1315 ms 91.8% ACC_TYPE='tl.int32', ALLOW_TF32=False, BLOCK_K=128, BLOCK_M=128, BLOCK_N=256, EVEN_K=True, GROUP_M=8, USE_FAST_ACCUM=False, num_stages=3, num_warps=8
  triton_mm_1257 1.1397 ms 91.1% ACC_TYPE='tl.int32', ALLOW_TF32=False, BLOCK_K=128, BLOCK_M=256, BLOCK_N=128, EVEN_K=True, GROUP_M=8, USE_FAST_ACCUM=False, num_stages=3, num_warps=8
  _int_mm 1.2145 ms 85.5% 
  triton_mm_1254 1.2667 ms 82.0% ACC_TYPE='tl.int32', ALLOW_TF32=False, BLOCK_K=32, BLOCK_M=128, BLOCK_N=128, EVEN_K=True, GROUP_M=8, USE_FAST_ACCUM=False, num_stages=2, num_warps=8
SingleProcess AUTOTUNE benchmarking takes 0.5286 seconds and 0.0020 seconds precompiling for 12 choices
AUTOTUNE int_mm(8192x2048, 2048x2048)
strides: [2048, 1], [1, 2048]
dtypes: torch.int8, torch.int8
  triton_mm_1281 0.5304 ms 100.0% ACC_TYPE='tl.int32', ALLOW_TF32=False, BLOCK_K=64, BLOCK_M=64, BLOCK_N=64, EVEN_K=True, GROUP_M=8, USE_FAST_ACCUM=False, num_stages=3, num_warps=8
  triton_mm_1274 0.5478 ms 96.8% ACC_TYPE='tl.int32', ALLOW_TF32=False, BLOCK_K=32, BLOCK_M=64, BLOCK_N=128, EVEN_K=True, GROUP_M=8, USE_FAST_ACCUM=False, num_stages=3, num_warps=4
  triton_mm_1275 0.5509 ms 96.3% ACC_TYPE='tl.int32', ALLOW_TF32=False, BLOCK_K=32, BLOCK_M=128, BLOCK_N=64, EVEN_K=True, GROUP_M=8, USE_FAST_ACCUM=False, num_stages=3, num_warps=4
  triton_mm_1277 0.5519 ms 96.1% ACC_TYPE='tl.int32', ALLOW_TF32=False, BLOCK_K=32, BLOCK_M=128, BLOCK_N=64, EVEN_K=True, GROUP_M=8, USE_FAST_ACCUM=False, num_stages=4, num_warps=8
  triton_mm_1276 0.5601 ms 94.7% ACC_TYPE='tl.int32', ALLOW_TF32=False, BLOCK_K=32, BLOCK_M=64, BLOCK_N=128, EVEN_K=True, GROUP_M=8, USE_FAST_ACCUM=False, num_stages=4, num_warps=8
  triton_mm_1273 0.5632 ms 94.2% ACC_TYPE='tl.int32', ALLOW_TF32=False, BLOCK_K=32, BLOCK_M=64, BLOCK_N=64, EVEN_K=True, GROUP_M=8, USE_FAST_ACCUM=False, num_stages=2, num_warps=4
  triton_mm_1282 0.6154 ms 86.2% ACC_TYPE='tl.int32', ALLOW_TF32=False, BLOCK_K=128, BLOCK_M=128, BLOCK_N=256, EVEN_K=True, GROUP_M=8, USE_FAST_ACCUM=False, num_stages=3, num_warps=8
  triton_mm_1283 0.6195 ms 85.6% ACC_TYPE='tl.int32', ALLOW_TF32=False, BLOCK_K=128, BLOCK_M=256, BLOCK_N=128, EVEN_K=True, GROUP_M=8, USE_FAST_ACCUM=False, num_stages=3, num_warps=8
  triton_mm_1280 0.6369 ms 83.3% ACC_TYPE='tl.int32', ALLOW_TF32=False, BLOCK_K=32, BLOCK_M=128, BLOCK_N=128, EVEN_K=True, GROUP_M=8, USE_FAST_ACCUM=False, num_stages=2, num_warps=8
  _int_mm 0.6666 ms 79.6% 
SingleProcess AUTOTUNE benchmarking takes 0.4913 seconds and 0.0014 seconds precompiling for 12 choices
AUTOTUNE int_mm(8192x2048, 2048x12288)
strides: [2048, 1], [1, 2048]
dtypes: torch.int8, torch.int8
  triton_mm_1292 3.0812 ms 100.0% ACC_TYPE='tl.int32', ALLOW_TF32=False, BLOCK_K=64, BLOCK_M=64, BLOCK_N=64, EVEN_K=True, GROUP_M=8, USE_FAST_ACCUM=False, num_stages=3, num_warps=8
  triton_mm_1284 3.2430 ms 95.0% ACC_TYPE='tl.int32', ALLOW_TF32=False, BLOCK_K=32, BLOCK_M=64, BLOCK_N=64, EVEN_K=True, GROUP_M=8, USE_FAST_ACCUM=False, num_stages=2, num_warps=4
  triton_mm_1293 3.2727 ms 94.1% ACC_TYPE='tl.int32', ALLOW_TF32=False, BLOCK_K=128, BLOCK_M=128, BLOCK_N=256, EVEN_K=True, GROUP_M=8, USE_FAST_ACCUM=False, num_stages=3, num_warps=8
  triton_mm_1287 3.2788 ms 94.0% ACC_TYPE='tl.int32', ALLOW_TF32=False, BLOCK_K=32, BLOCK_M=64, BLOCK_N=128, EVEN_K=True, GROUP_M=8, USE_FAST_ACCUM=False, num_stages=4, num_warps=8
  triton_mm_1294 3.2829 ms 93.9% ACC_TYPE='tl.int32', ALLOW_TF32=False, BLOCK_K=128, BLOCK_M=256, BLOCK_N=128, EVEN_K=True, GROUP_M=8, USE_FAST_ACCUM=False, num_stages=3, num_warps=8
  triton_mm_1286 3.3044 ms 93.2% ACC_TYPE='tl.int32', ALLOW_TF32=False, BLOCK_K=32, BLOCK_M=128, BLOCK_N=64, EVEN_K=True, GROUP_M=8, USE_FAST_ACCUM=False, num_stages=3, num_warps=4
  _int_mm 3.3556 ms 91.8% 
  triton_mm_1285 3.3802 ms 91.2% ACC_TYPE='tl.int32', ALLOW_TF32=False, BLOCK_K=32, BLOCK_M=64, BLOCK_N=128, EVEN_K=True, GROUP_M=8, USE_FAST_ACCUM=False, num_stages=3, num_warps=4
  triton_mm_1288 3.4130 ms 90.3% ACC_TYPE='tl.int32', ALLOW_TF32=False, BLOCK_K=32, BLOCK_M=128, BLOCK_N=64, EVEN_K=True, GROUP_M=8, USE_FAST_ACCUM=False, num_stages=4, num_warps=8
  triton_mm_1291 3.8502 ms 80.0% ACC_TYPE='tl.int32', ALLOW_TF32=False, BLOCK_K=32, BLOCK_M=128, BLOCK_N=128, EVEN_K=True, GROUP_M=8, USE_FAST_ACCUM=False, num_stages=2, num_warps=8
SingleProcess AUTOTUNE benchmarking takes 0.7116 seconds and 0.0012 seconds precompiling for 12 choices
AUTOTUNE int_mm(8192x6144, 6144x2048)
strides: [6144, 1], [1, 6144]
dtypes: torch.int8, torch.int8
  triton_mm_1303 1.5657 ms 100.0% ACC_TYPE='tl.int32', ALLOW_TF32=False, BLOCK_K=64, BLOCK_M=64, BLOCK_N=64, EVEN_K=True, GROUP_M=8, USE_FAST_ACCUM=False, num_stages=3, num_warps=8
  triton_mm_1299 1.6169 ms 96.8% ACC_TYPE='tl.int32', ALLOW_TF32=False, BLOCK_K=32, BLOCK_M=128, BLOCK_N=64, EVEN_K=True, GROUP_M=8, USE_FAST_ACCUM=False, num_stages=4, num_warps=8
  triton_mm_1297 1.6794 ms 93.2% ACC_TYPE='tl.int32', ALLOW_TF32=False, BLOCK_K=32, BLOCK_M=128, BLOCK_N=64, EVEN_K=True, GROUP_M=8, USE_FAST_ACCUM=False, num_stages=3, num_warps=4
  triton_mm_1296 1.7070 ms 91.7% ACC_TYPE='tl.int32', ALLOW_TF32=False, BLOCK_K=32, BLOCK_M=64, BLOCK_N=128, EVEN_K=True, GROUP_M=8, USE_FAST_ACCUM=False, num_stages=3, num_warps=4
  _int_mm 1.7418 ms 89.9% 
  triton_mm_1304 1.7418 ms 89.9% ACC_TYPE='tl.int32', ALLOW_TF32=False, BLOCK_K=128, BLOCK_M=128, BLOCK_N=256, EVEN_K=True, GROUP_M=8, USE_FAST_ACCUM=False, num_stages=3, num_warps=8
  triton_mm_1295 1.7510 ms 89.4% ACC_TYPE='tl.int32', ALLOW_TF32=False, BLOCK_K=32, BLOCK_M=64, BLOCK_N=64, EVEN_K=True, GROUP_M=8, USE_FAST_ACCUM=False, num_stages=2, num_warps=4
  triton_mm_1298 1.7531 ms 89.3% ACC_TYPE='tl.int32', ALLOW_TF32=False, BLOCK_K=32, BLOCK_M=64, BLOCK_N=128, EVEN_K=True, GROUP_M=8, USE_FAST_ACCUM=False, num_stages=4, num_warps=8
  triton_mm_1305 1.7705 ms 88.4% ACC_TYPE='tl.int32', ALLOW_TF32=False, BLOCK_K=128, BLOCK_M=256, BLOCK_N=128, EVEN_K=True, GROUP_M=8, USE_FAST_ACCUM=False, num_stages=3, num_warps=8
  triton_mm_1302 1.9487 ms 80.3% ACC_TYPE='tl.int32', ALLOW_TF32=False, BLOCK_K=32, BLOCK_M=128, BLOCK_N=128, EVEN_K=True, GROUP_M=8, USE_FAST_ACCUM=False, num_stages=2, num_warps=8
SingleProcess AUTOTUNE benchmarking takes 0.5925 seconds and 0.0017 seconds precompiling for 12 choices
AUTOTUNE int_mm(16384x2048, 2048x4096)
strides: [2048, 1], [1, 2048]
dtypes: torch.int8, torch.int8
  triton_mm_2502 2.0562 ms 100.0% ACC_TYPE='tl.int32', ALLOW_TF32=False, BLOCK_K=64, BLOCK_M=64, BLOCK_N=64, EVEN_K=True, GROUP_M=8, USE_FAST_ACCUM=False, num_stages=3, num_warps=8
  triton_mm_2494 2.1514 ms 95.6% ACC_TYPE='tl.int32', ALLOW_TF32=False, BLOCK_K=32, BLOCK_M=64, BLOCK_N=64, EVEN_K=True, GROUP_M=8, USE_FAST_ACCUM=False, num_stages=2, num_warps=4
  triton_mm_2496 2.1576 ms 95.3% ACC_TYPE='tl.int32', ALLOW_TF32=False, BLOCK_K=32, BLOCK_M=128, BLOCK_N=64, EVEN_K=True, GROUP_M=8, USE_FAST_ACCUM=False, num_stages=3, num_warps=4
  triton_mm_2497 2.1678 ms 94.9% ACC_TYPE='tl.int32', ALLOW_TF32=False, BLOCK_K=32, BLOCK_M=64, BLOCK_N=128, EVEN_K=True, GROUP_M=8, USE_FAST_ACCUM=False, num_stages=4, num_warps=8
  triton_mm_2495 2.1862 ms 94.1% ACC_TYPE='tl.int32', ALLOW_TF32=False, BLOCK_K=32, BLOCK_M=64, BLOCK_N=128, EVEN_K=True, GROUP_M=8, USE_FAST_ACCUM=False, num_stages=3, num_warps=4
  triton_mm_2498 2.1924 ms 93.8% ACC_TYPE='tl.int32', ALLOW_TF32=False, BLOCK_K=32, BLOCK_M=128, BLOCK_N=64, EVEN_K=True, GROUP_M=8, USE_FAST_ACCUM=False, num_stages=4, num_warps=8
  triton_mm_2503 2.1975 ms 93.6% ACC_TYPE='tl.int32', ALLOW_TF32=False, BLOCK_K=128, BLOCK_M=128, BLOCK_N=256, EVEN_K=True, GROUP_M=8, USE_FAST_ACCUM=False, num_stages=3, num_warps=8
  triton_mm_2504 2.2067 ms 93.2% ACC_TYPE='tl.int32', ALLOW_TF32=False, BLOCK_K=128, BLOCK_M=256, BLOCK_N=128, EVEN_K=True, GROUP_M=8, USE_FAST_ACCUM=False, num_stages=3, num_warps=8
  _int_mm 2.2794 ms 90.2% 
  triton_mm_2501 2.5303 ms 81.3% ACC_TYPE='tl.int32', ALLOW_TF32=False, BLOCK_K=32, BLOCK_M=128, BLOCK_N=128, EVEN_K=True, GROUP_M=8, USE_FAST_ACCUM=False, num_stages=2, num_warps=8
SingleProcess AUTOTUNE benchmarking takes 0.6292 seconds and 0.0015 seconds precompiling for 12 choices
AUTOTUNE int_mm(16384x2048, 2048x2048)
strides: [2048, 1], [1, 2048]
dtypes: torch.int8, torch.int8
  triton_mm_2528 1.0383 ms 100.0% ACC_TYPE='tl.int32', ALLOW_TF32=False, BLOCK_K=64, BLOCK_M=64, BLOCK_N=64, EVEN_K=True, GROUP_M=8, USE_FAST_ACCUM=False, num_stages=3, num_warps=8
  triton_mm_2521 1.0772 ms 96.4% ACC_TYPE='tl.int32', ALLOW_TF32=False, BLOCK_K=32, BLOCK_M=64, BLOCK_N=128, EVEN_K=True, GROUP_M=8, USE_FAST_ACCUM=False, num_stages=3, num_warps=4
  triton_mm_2522 1.0854 ms 95.7% ACC_TYPE='tl.int32', ALLOW_TF32=False, BLOCK_K=32, BLOCK_M=128, BLOCK_N=64, EVEN_K=True, GROUP_M=8, USE_FAST_ACCUM=False, num_stages=3, num_warps=4
  triton_mm_2524 1.0947 ms 94.9% ACC_TYPE='tl.int32', ALLOW_TF32=False, BLOCK_K=32, BLOCK_M=128, BLOCK_N=64, EVEN_K=True, GROUP_M=8, USE_FAST_ACCUM=False, num_stages=4, num_warps=8
  triton_mm_2520 1.0957 ms 94.8% ACC_TYPE='tl.int32', ALLOW_TF32=False, BLOCK_K=32, BLOCK_M=64, BLOCK_N=64, EVEN_K=True, GROUP_M=8, USE_FAST_ACCUM=False, num_stages=2, num_warps=4
  triton_mm_2523 1.1110 ms 93.5% ACC_TYPE='tl.int32', ALLOW_TF32=False, BLOCK_K=32, BLOCK_M=64, BLOCK_N=128, EVEN_K=True, GROUP_M=8, USE_FAST_ACCUM=False, num_stages=4, num_warps=8
  triton_mm_2529 1.1315 ms 91.8% ACC_TYPE='tl.int32', ALLOW_TF32=False, BLOCK_K=128, BLOCK_M=128, BLOCK_N=256, EVEN_K=True, GROUP_M=8, USE_FAST_ACCUM=False, num_stages=3, num_warps=8
  triton_mm_2530 1.1397 ms 91.1% ACC_TYPE='tl.int32', ALLOW_TF32=False, BLOCK_K=128, BLOCK_M=256, BLOCK_N=128, EVEN_K=True, GROUP_M=8, USE_FAST_ACCUM=False, num_stages=3, num_warps=8
  _int_mm 1.2134 ms 85.6% 
  triton_mm_2527 1.2401 ms 83.7% ACC_TYPE='tl.int32', ALLOW_TF32=False, BLOCK_K=32, BLOCK_M=128, BLOCK_N=128, EVEN_K=True, GROUP_M=8, USE_FAST_ACCUM=False, num_stages=2, num_warps=8
SingleProcess AUTOTUNE benchmarking takes 0.5373 seconds and 0.0014 seconds precompiling for 12 choices
AUTOTUNE int_mm(16384x2048, 2048x12288)
strides: [2048, 1], [1, 2048]
dtypes: torch.int8, torch.int8
  triton_mm_2539 6.1440 ms 100.0% ACC_TYPE='tl.int32', ALLOW_TF32=False, BLOCK_K=64, BLOCK_M=64, BLOCK_N=64, EVEN_K=True, GROUP_M=8, USE_FAST_ACCUM=False, num_stages=3, num_warps=8
  triton_mm_2534 6.3447 ms 96.8% ACC_TYPE='tl.int32', ALLOW_TF32=False, BLOCK_K=32, BLOCK_M=64, BLOCK_N=128, EVEN_K=True, GROUP_M=8, USE_FAST_ACCUM=False, num_stages=4, num_warps=8
  triton_mm_2540 6.4451 ms 95.3% ACC_TYPE='tl.int32', ALLOW_TF32=False, BLOCK_K=128, BLOCK_M=128, BLOCK_N=256, EVEN_K=True, GROUP_M=8, USE_FAST_ACCUM=False, num_stages=3, num_warps=8
  triton_mm_2531 6.4512 ms 95.2% ACC_TYPE='tl.int32', ALLOW_TF32=False, BLOCK_K=32, BLOCK_M=64, BLOCK_N=64, EVEN_K=True, GROUP_M=8, USE_FAST_ACCUM=False, num_stages=2, num_warps=4
  triton_mm_2541 6.5004 ms 94.5% ACC_TYPE='tl.int32', ALLOW_TF32=False, BLOCK_K=128, BLOCK_M=256, BLOCK_N=128, EVEN_K=True, GROUP_M=8, USE_FAST_ACCUM=False, num_stages=3, num_warps=8
  _int_mm 6.5341 ms 94.0% 
  triton_mm_2533 6.5925 ms 93.2% ACC_TYPE='tl.int32', ALLOW_TF32=False, BLOCK_K=32, BLOCK_M=128, BLOCK_N=64, EVEN_K=True, GROUP_M=8, USE_FAST_ACCUM=False, num_stages=3, num_warps=4
  triton_mm_2532 6.7512 ms 91.0% ACC_TYPE='tl.int32', ALLOW_TF32=False, BLOCK_K=32, BLOCK_M=64, BLOCK_N=128, EVEN_K=True, GROUP_M=8, USE_FAST_ACCUM=False, num_stages=3, num_warps=4
  triton_mm_2535 6.8116 ms 90.2% ACC_TYPE='tl.int32', ALLOW_TF32=False, BLOCK_K=32, BLOCK_M=128, BLOCK_N=64, EVEN_K=True, GROUP_M=8, USE_FAST_ACCUM=False, num_stages=4, num_warps=8
  triton_mm_2538 7.6534 ms 80.3% ACC_TYPE='tl.int32', ALLOW_TF32=False, BLOCK_K=32, BLOCK_M=128, BLOCK_N=128, EVEN_K=True, GROUP_M=8, USE_FAST_ACCUM=False, num_stages=2, num_warps=8
SingleProcess AUTOTUNE benchmarking takes 0.9512 seconds and 0.0014 seconds precompiling for 12 choices
AUTOTUNE int_mm(16384x6144, 6144x2048)
strides: [6144, 1], [1, 6144]
dtypes: torch.int8, torch.int8
  triton_mm_2550 3.0863 ms 100.0% ACC_TYPE='tl.int32', ALLOW_TF32=False, BLOCK_K=64, BLOCK_M=64, BLOCK_N=64, EVEN_K=True, GROUP_M=8, USE_FAST_ACCUM=False, num_stages=3, num_warps=8
  triton_mm_2546 3.2164 ms 96.0% ACC_TYPE='tl.int32', ALLOW_TF32=False, BLOCK_K=32, BLOCK_M=128, BLOCK_N=64, EVEN_K=True, GROUP_M=8, USE_FAST_ACCUM=False, num_stages=4, num_warps=8
  triton_mm_2551 3.2246 ms 95.7% ACC_TYPE='tl.int32', ALLOW_TF32=False, BLOCK_K=128, BLOCK_M=128, BLOCK_N=256, EVEN_K=True, GROUP_M=8, USE_FAST_ACCUM=False, num_stages=3, num_warps=8
  _int_mm 3.2451 ms 95.1% 
  triton_mm_2552 3.2768 ms 94.2% ACC_TYPE='tl.int32', ALLOW_TF32=False, BLOCK_K=128, BLOCK_M=256, BLOCK_N=128, EVEN_K=True, GROUP_M=8, USE_FAST_ACCUM=False, num_stages=3, num_warps=8
  triton_mm_2544 3.3495 ms 92.1% ACC_TYPE='tl.int32', ALLOW_TF32=False, BLOCK_K=32, BLOCK_M=128, BLOCK_N=64, EVEN_K=True, GROUP_M=8, USE_FAST_ACCUM=False, num_stages=3, num_warps=4
  triton_mm_2543 3.3914 ms 91.0% ACC_TYPE='tl.int32', ALLOW_TF32=False, BLOCK_K=32, BLOCK_M=64, BLOCK_N=128, EVEN_K=True, GROUP_M=8, USE_FAST_ACCUM=False, num_stages=3, num_warps=4
  triton_mm_2542 3.4591 ms 89.2% ACC_TYPE='tl.int32', ALLOW_TF32=False, BLOCK_K=32, BLOCK_M=64, BLOCK_N=64, EVEN_K=True, GROUP_M=8, USE_FAST_ACCUM=False, num_stages=2, num_warps=4
  triton_mm_2545 3.4724 ms 88.9% ACC_TYPE='tl.int32', ALLOW_TF32=False, BLOCK_K=32, BLOCK_M=64, BLOCK_N=128, EVEN_K=True, GROUP_M=8, USE_FAST_ACCUM=False, num_stages=4, num_warps=8
  triton_mm_2549 3.8615 ms 79.9% ACC_TYPE='tl.int32', ALLOW_TF32=False, BLOCK_K=32, BLOCK_M=128, BLOCK_N=128, EVEN_K=True, GROUP_M=8, USE_FAST_ACCUM=False, num_stages=2, num_warps=8
SingleProcess AUTOTUNE benchmarking takes 0.7113 seconds and 0.0015 seconds precompiling for 12 choices
AUTOTUNE int_mm(16384x2048, 2048x4096)
strides: [2048, 1], [1, 2048]
dtypes: torch.int8, torch.int8
  triton_mm_2502 2.0582 ms 100.0% ACC_TYPE='tl.int32', ALLOW_TF32=False, BLOCK_K=64, BLOCK_M=64, BLOCK_N=64, EVEN_K=True, GROUP_M=8, USE_FAST_ACCUM=False, num_stages=3, num_warps=8
  triton_mm_2494 2.1555 ms 95.5% ACC_TYPE='tl.int32', ALLOW_TF32=False, BLOCK_K=32, BLOCK_M=64, BLOCK_N=64, EVEN_K=True, GROUP_M=8, USE_FAST_ACCUM=False, num_stages=2, num_warps=4
  triton_mm_2496 2.1606 ms 95.3% ACC_TYPE='tl.int32', ALLOW_TF32=False, BLOCK_K=32, BLOCK_M=128, BLOCK_N=64, EVEN_K=True, GROUP_M=8, USE_FAST_ACCUM=False, num_stages=3, num_warps=4
  triton_mm_2497 2.1678 ms 94.9% ACC_TYPE='tl.int32', ALLOW_TF32=False, BLOCK_K=32, BLOCK_M=64, BLOCK_N=128, EVEN_K=True, GROUP_M=8, USE_FAST_ACCUM=False, num_stages=4, num_warps=8
  triton_mm_2498 2.1955 ms 93.7% ACC_TYPE='tl.int32', ALLOW_TF32=False, BLOCK_K=32, BLOCK_M=128, BLOCK_N=64, EVEN_K=True, GROUP_M=8, USE_FAST_ACCUM=False, num_stages=4, num_warps=8
  triton_mm_2495 2.1965 ms 93.7% ACC_TYPE='tl.int32', ALLOW_TF32=False, BLOCK_K=32, BLOCK_M=64, BLOCK_N=128, EVEN_K=True, GROUP_M=8, USE_FAST_ACCUM=False, num_stages=3, num_warps=4
  triton_mm_2503 2.1985 ms 93.6% ACC_TYPE='tl.int32', ALLOW_TF32=False, BLOCK_K=128, BLOCK_M=128, BLOCK_N=256, EVEN_K=True, GROUP_M=8, USE_FAST_ACCUM=False, num_stages=3, num_warps=8
  triton_mm_2504 2.2108 ms 93.1% ACC_TYPE='tl.int32', ALLOW_TF32=False, BLOCK_K=128, BLOCK_M=256, BLOCK_N=128, EVEN_K=True, GROUP_M=8, USE_FAST_ACCUM=False, num_stages=3, num_warps=8
  _int_mm 2.2661 ms 90.8% 
  triton_mm_2501 2.5272 ms 81.4% ACC_TYPE='tl.int32', ALLOW_TF32=False, BLOCK_K=32, BLOCK_M=128, BLOCK_N=128, EVEN_K=True, GROUP_M=8, USE_FAST_ACCUM=False, num_stages=2, num_warps=8
SingleProcess AUTOTUNE benchmarking takes 0.6021 seconds and 0.0010 seconds precompiling for 12 choices
AUTOTUNE int_mm(16384x2048, 2048x2048)
strides: [2048, 1], [1, 2048]
dtypes: torch.int8, torch.int8
  triton_mm_2528 1.0383 ms 100.0% ACC_TYPE='tl.int32', ALLOW_TF32=False, BLOCK_K=64, BLOCK_M=64, BLOCK_N=64, EVEN_K=True, GROUP_M=8, USE_FAST_ACCUM=False, num_stages=3, num_warps=8
  triton_mm_2521 1.0762 ms 96.5% ACC_TYPE='tl.int32', ALLOW_TF32=False, BLOCK_K=32, BLOCK_M=64, BLOCK_N=128, EVEN_K=True, GROUP_M=8, USE_FAST_ACCUM=False, num_stages=3, num_warps=4
  triton_mm_2522 1.0865 ms 95.6% ACC_TYPE='tl.int32', ALLOW_TF32=False, BLOCK_K=32, BLOCK_M=128, BLOCK_N=64, EVEN_K=True, GROUP_M=8, USE_FAST_ACCUM=False, num_stages=3, num_warps=4
  triton_mm_2520 1.0936 ms 94.9% ACC_TYPE='tl.int32', ALLOW_TF32=False, BLOCK_K=32, BLOCK_M=64, BLOCK_N=64, EVEN_K=True, GROUP_M=8, USE_FAST_ACCUM=False, num_stages=2, num_warps=4
  triton_mm_2524 1.0957 ms 94.8% ACC_TYPE='tl.int32', ALLOW_TF32=False, BLOCK_K=32, BLOCK_M=128, BLOCK_N=64, EVEN_K=True, GROUP_M=8, USE_FAST_ACCUM=False, num_stages=4, num_warps=8
  triton_mm_2523 1.1080 ms 93.7% ACC_TYPE='tl.int32', ALLOW_TF32=False, BLOCK_K=32, BLOCK_M=64, BLOCK_N=128, EVEN_K=True, GROUP_M=8, USE_FAST_ACCUM=False, num_stages=4, num_warps=8
  triton_mm_2529 1.1336 ms 91.6% ACC_TYPE='tl.int32', ALLOW_TF32=False, BLOCK_K=128, BLOCK_M=128, BLOCK_N=256, EVEN_K=True, GROUP_M=8, USE_FAST_ACCUM=False, num_stages=3, num_warps=8
  triton_mm_2530 1.1387 ms 91.2% ACC_TYPE='tl.int32', ALLOW_TF32=False, BLOCK_K=128, BLOCK_M=256, BLOCK_N=128, EVEN_K=True, GROUP_M=8, USE_FAST_ACCUM=False, num_stages=3, num_warps=8
  _int_mm 1.1981 ms 86.7% 
  triton_mm_2527 1.2513 ms 83.0% ACC_TYPE='tl.int32', ALLOW_TF32=False, BLOCK_K=32, BLOCK_M=128, BLOCK_N=128, EVEN_K=True, GROUP_M=8, USE_FAST_ACCUM=False, num_stages=2, num_warps=8
SingleProcess AUTOTUNE benchmarking takes 0.5182 seconds and 0.0011 seconds precompiling for 12 choices
AUTOTUNE int_mm(16384x2048, 2048x12288)
strides: [2048, 1], [1, 2048]
dtypes: torch.int8, torch.int8
  triton_mm_2539 6.1409 ms 100.0% ACC_TYPE='tl.int32', ALLOW_TF32=False, BLOCK_K=64, BLOCK_M=64, BLOCK_N=64, EVEN_K=True, GROUP_M=8, USE_FAST_ACCUM=False, num_stages=3, num_warps=8
  triton_mm_2531 6.4379 ms 95.4% ACC_TYPE='tl.int32', ALLOW_TF32=False, BLOCK_K=32, BLOCK_M=64, BLOCK_N=64, EVEN_K=True, GROUP_M=8, USE_FAST_ACCUM=False, num_stages=2, num_warps=4
  triton_mm_2540 6.4389 ms 95.4% ACC_TYPE='tl.int32', ALLOW_TF32=False, BLOCK_K=128, BLOCK_M=128, BLOCK_N=256, EVEN_K=True, GROUP_M=8, USE_FAST_ACCUM=False, num_stages=3, num_warps=8
  triton_mm_2541 6.4614 ms 95.0% ACC_TYPE='tl.int32', ALLOW_TF32=False, BLOCK_K=128, BLOCK_M=256, BLOCK_N=128, EVEN_K=True, GROUP_M=8, USE_FAST_ACCUM=False, num_stages=3, num_warps=8
  _int_mm 6.5352 ms 94.0% 
  triton_mm_2533 6.5976 ms 93.1% ACC_TYPE='tl.int32', ALLOW_TF32=False, BLOCK_K=32, BLOCK_M=128, BLOCK_N=64, EVEN_K=True, GROUP_M=8, USE_FAST_ACCUM=False, num_stages=3, num_warps=4
  triton_mm_2534 6.6386 ms 92.5% ACC_TYPE='tl.int32', ALLOW_TF32=False, BLOCK_K=32, BLOCK_M=64, BLOCK_N=128, EVEN_K=True, GROUP_M=8, USE_FAST_ACCUM=False, num_stages=4, num_warps=8
  triton_mm_2532 6.7574 ms 90.9% ACC_TYPE='tl.int32', ALLOW_TF32=False, BLOCK_K=32, BLOCK_M=64, BLOCK_N=128, EVEN_K=True, GROUP_M=8, USE_FAST_ACCUM=False, num_stages=3, num_warps=4
  triton_mm_2535 6.8147 ms 90.1% ACC_TYPE='tl.int32', ALLOW_TF32=False, BLOCK_K=32, BLOCK_M=128, BLOCK_N=64, EVEN_K=True, GROUP_M=8, USE_FAST_ACCUM=False, num_stages=4, num_warps=8
  triton_mm_2538 7.6605 ms 80.2% ACC_TYPE='tl.int32', ALLOW_TF32=False, BLOCK_K=32, BLOCK_M=128, BLOCK_N=128, EVEN_K=True, GROUP_M=8, USE_FAST_ACCUM=False, num_stages=2, num_warps=8
SingleProcess AUTOTUNE benchmarking takes 0.9457 seconds and 0.0011 seconds precompiling for 12 choices
AUTOTUNE int_mm(16384x6144, 6144x2048)
strides: [6144, 1], [1, 6144]
dtypes: torch.int8, torch.int8
  triton_mm_2550 3.0874 ms 100.0% ACC_TYPE='tl.int32', ALLOW_TF32=False, BLOCK_K=64, BLOCK_M=64, BLOCK_N=64, EVEN_K=True, GROUP_M=8, USE_FAST_ACCUM=False, num_stages=3, num_warps=8
  triton_mm_2546 3.2215 ms 95.8% ACC_TYPE='tl.int32', ALLOW_TF32=False, BLOCK_K=32, BLOCK_M=128, BLOCK_N=64, EVEN_K=True, GROUP_M=8, USE_FAST_ACCUM=False, num_stages=4, num_warps=8
  triton_mm_2551 3.2225 ms 95.8% ACC_TYPE='tl.int32', ALLOW_TF32=False, BLOCK_K=128, BLOCK_M=128, BLOCK_N=256, EVEN_K=True, GROUP_M=8, USE_FAST_ACCUM=False, num_stages=3, num_warps=8
  _int_mm 3.2297 ms 95.6% 
  triton_mm_2552 3.2799 ms 94.1% ACC_TYPE='tl.int32', ALLOW_TF32=False, BLOCK_K=128, BLOCK_M=256, BLOCK_N=128, EVEN_K=True, GROUP_M=8, USE_FAST_ACCUM=False, num_stages=3, num_warps=8
  triton_mm_2544 3.3423 ms 92.4% ACC_TYPE='tl.int32', ALLOW_TF32=False, BLOCK_K=32, BLOCK_M=128, BLOCK_N=64, EVEN_K=True, GROUP_M=8, USE_FAST_ACCUM=False, num_stages=3, num_warps=4
  triton_mm_2543 3.3956 ms 90.9% ACC_TYPE='tl.int32', ALLOW_TF32=False, BLOCK_K=32, BLOCK_M=64, BLOCK_N=128, EVEN_K=True, GROUP_M=8, USE_FAST_ACCUM=False, num_stages=3, num_warps=4
  triton_mm_2542 3.4611 ms 89.2% ACC_TYPE='tl.int32', ALLOW_TF32=False, BLOCK_K=32, BLOCK_M=64, BLOCK_N=64, EVEN_K=True, GROUP_M=8, USE_FAST_ACCUM=False, num_stages=2, num_warps=4
  triton_mm_2545 3.4765 ms 88.8% ACC_TYPE='tl.int32', ALLOW_TF32=False, BLOCK_K=32, BLOCK_M=64, BLOCK_N=128, EVEN_K=True, GROUP_M=8, USE_FAST_ACCUM=False, num_stages=4, num_warps=8
  triton_mm_2549 3.8564 ms 80.1% ACC_TYPE='tl.int32', ALLOW_TF32=False, BLOCK_K=32, BLOCK_M=128, BLOCK_N=128, EVEN_K=True, GROUP_M=8, USE_FAST_ACCUM=False, num_stages=2, num_warps=8
SingleProcess AUTOTUNE benchmarking takes 0.7022 seconds and 0.0015 seconds precompiling for 12 choices
[manual-ma] RESULT {"variant": "manual-ma", "gpu": "NVIDIA A10G", "build_warmup_s": 1268.9, "dnll": {"wikitext": 0.012805597856640816, "mbpp": 0.0019786890929307395, "gsm8k": 0.003908541286364198}, "speedup": {"16": 1.6747028121890546, "32": 1.5884022223234369, "64": 1.533045715907098}, "ms": {"16": 142.05644989013672, "32": 280.07269287109375, "64": 557.0216979980469}, "profile_b64": {"bf16": {"triton": 91.25514399999938, "gemm": 703.9011829999997, "attention": 59.11483400000023}, "variant": {"triton": 142.3324109999998, "gemm": 369.025579, "attention": 44.36382199999984}}, "speedup_geomean": 1.5976603130081086}
Stopping app - user stopped from CLI.
| variant | b16 x | b32 x | b64 x | geomean x | dNLL wikitext | mbpp | gsm8k | build s |
|---|---|---|---|---|---|---|---|---|
| torchao-ma | ERROR  |
| manual-ma | 1.675 | 1.588 | 1.533 | **1.598** | +0.0128 | +0.0020 | +0.0039 | 1269 |
| triton-ma | 1.514 | 1.519 | 1.507 | **1.514** | +0.0132 | +0.0022 | +0.0138 | 386 |
| triton | 1.456 | 1.470 | 1.441 | **1.456** | +0.0132 | +0.0022 | +0.0138 | 336 |
manual-ma b64 GPU ms bf16: {'triton': 91, 'gemm': 704, 'attention': 59} -> variant: {'triton': 142, 'gemm': 369, 'attention': 44}
triton-ma b64 GPU ms bf16: {'triton': 100, 'gemm': 638, 'attention': 76} -> variant: {'triton': 127, 'rmsnorm_quant': 12, 'gemm': 350, 'attention': 46}
triton b64 GPU ms bf16: {'triton': 97, 'gemm': 614, 'attention': 74} -> variant: {'triton': 136, 'rmsnorm_quant': 12, 'gemm': 354, 'attention': 46}
Runner terminated.
[modal-client] 2026-10-08T13:36:27-0700 Timed out waiting for final app logs.
✓ App completed. View run at 
https://modal.com/apps/softgeek23/main/ap-adTg4wFhScC0Y4QFlZH8sj
EXIT=0
