✓ Initialized. View run at 
https://modal.com/apps/softgeek23/main/ap-XgSx11CTy9yx1tffTaDGqr
✓ Created objects.
├── ✓ Uploaded /Users/mokshnirvaan/Desktop/ThirdMoment/pilot/ref_experiment.py
└── ✓ Created Function evaluate.
`torch_dtype` is deprecated! Use `dtype` instead!
`torch_dtype` is deprecated! Use `dtype` instead!
`torch_dtype` is deprecated! Use `dtype` instead!
`torch_dtype` is deprecated! Use `dtype` instead!
`torch_dtype` is deprecated! Use `dtype` instead!
`torch_dtype` is deprecated! Use `dtype` instead!
`torch_dtype` is deprecated! Use `dtype` instead!
/usr/local/lib/python3.12/site-packages/torch/_inductor/compile_fx.py:282: UserWarning: TensorFloat32 tensor cores for float32 matrix multiplication available but not enabled. Consider setting `torch.set_float32_matmul_precision('high')` for better performance.
  warnings.warn(
/usr/local/lib/python3.12/site-packages/torch/_inductor/compile_fx.py:282: UserWarning: TensorFloat32 tensor cores for float32 matrix multiplication available but not enabled. Consider setting `torch.set_float32_matmul_precision('high')` for better performance.
  warnings.warn(
/usr/local/lib/python3.12/site-packages/torch/_inductor/compile_fx.py:282: UserWarning: TensorFloat32 tensor cores for float32 matrix multiplication available but not enabled. Consider setting `torch.set_float32_matmul_precision('high')` for better performance.
  warnings.warn(
/usr/local/lib/python3.12/site-packages/torch/_inductor/compile_fx.py:282: UserWarning: TensorFloat32 tensor cores for float32 matrix multiplication available but not enabled. Consider setting `torch.set_float32_matmul_precision('high')` for better performance.
  warnings.warn(
/usr/local/lib/python3.12/site-packages/torch/_inductor/compile_fx.py:282: UserWarning: TensorFloat32 tensor cores for float32 matrix multiplication available but not enabled. Consider setting `torch.set_float32_matmul_precision('high')` for better performance.
  warnings.warn(
/usr/local/lib/python3.12/site-packages/torch/_inductor/compile_fx.py:282: UserWarning: TensorFloat32 tensor cores for float32 matrix multiplication available but not enabled. Consider setting `torch.set_float32_matmul_precision('high')` for better performance.
  warnings.warn(
/usr/local/lib/python3.12/site-packages/torch/_inductor/compile_fx.py:282: UserWarning: TensorFloat32 tensor cores for float32 matrix multiplication available but not enabled. Consider setting `torch.set_float32_matmul_precision('high')` for better performance.
  warnings.warn(
AUTOTUNE mm(64x1, 1x256)
strides: [1, 1], [0, 1]
dtypes: torch.float32, torch.float32
  triton_mm_22 0.0184 ms 100.0% ACC_TYPE='tl.float32', ALLOW_TF32=False, BLOCK_K=16, BLOCK_M=64, BLOCK_N=64, EVEN_K=False, GROUP_M=8, USE_FAST_ACCUM=False, num_stages=3, num_warps=4
  triton_mm_11 0.0195 ms 94.7% ACC_TYPE='tl.float32', ALLOW_TF32=False, BLOCK_K=16, BLOCK_M=32, BLOCK_N=32, EVEN_K=False, GROUP_M=8, USE_FAST_ACCUM=False, num_stages=1, num_warps=2
  triton_mm_12 0.0195 ms 94.7% ACC_TYPE='tl.float32', ALLOW_TF32=False, BLOCK_K=16, BLOCK_M=32, BLOCK_N=32, EVEN_K=False, GROUP_M=8, USE_FAST_ACCUM=False, num_stages=2, num_warps=4
  triton_mm_13 0.0195 ms 94.7% ACC_TYPE='tl.float32', ALLOW_TF32=False, BLOCK_K=16, BLOCK_M=32, BLOCK_N=64, EVEN_K=False, GROUP_M=8, USE_FAST_ACCUM=False, num_stages=5, num_warps=8
  triton_mm_14 0.0195 ms 94.7% ACC_TYPE='tl.float32', ALLOW_TF32=False, BLOCK_K=16, BLOCK_M=64, BLOCK_N=32, EVEN_K=False, GROUP_M=8, USE_FAST_ACCUM=False, num_stages=5, num_warps=8
  triton_mm_15 0.0195 ms 94.7% ACC_TYPE='tl.float32', ALLOW_TF32=False, BLOCK_K=16, BLOCK_M=64, BLOCK_N=32, EVEN_K=False, GROUP_M=8, USE_FAST_ACCUM=False, num_stages=5, num_warps=4
  triton_mm_17 0.0195 ms 94.7% ACC_TYPE='tl.float32', ALLOW_TF32=False, BLOCK_K=16, BLOCK_M=64, BLOCK_N=64, EVEN_K=False, GROUP_M=8, USE_FAST_ACCUM=False, num_stages=3, num_warps=8
  triton_mm_19 0.0195 ms 94.7% ACC_TYPE='tl.float32', ALLOW_TF32=False, BLOCK_K=16, BLOCK_M=64, BLOCK_N=128, EVEN_K=False, GROUP_M=8, USE_FAST_ACCUM=False, num_stages=3, num_warps=4
  triton_mm_25 0.0195 ms 94.7% ACC_TYPE='tl.float32', ALLOW_TF32=False, BLOCK_K=16, BLOCK_M=64, BLOCK_N=128, EVEN_K=False, GROUP_M=8, USE_FAST_ACCUM=False, num_stages=5, num_warps=8
  triton_mm_21 0.0204 ms 90.4% ACC_TYPE='tl.float32', ALLOW_TF32=False, BLOCK_K=16, BLOCK_M=64, BLOCK_N=128, EVEN_K=False, GROUP_M=8, USE_FAST_ACCUM=False, num_stages=4, num_warps=4
SingleProcess AUTOTUNE benchmarking takes 0.2726 seconds and 0.0004 seconds precompiling for 16 choices
AUTOTUNE int_mm(4096x2048, 2048x4096)
strides: [2048, 1], [1, 2048]
dtypes: torch.int8, torch.int8
  triton_mm_10 0.4424 ms 100.0% ACC_TYPE='tl.int32', ALLOW_TF32=False, BLOCK_K=128, BLOCK_M=256, BLOCK_N=128, EVEN_K=True, GROUP_M=8, USE_FAST_ACCUM=False, num_stages=3, num_warps=8
  _int_mm 0.4475 ms 98.9% 
  triton_mm_9 0.4608 ms 96.0% ACC_TYPE='tl.int32', ALLOW_TF32=False, BLOCK_K=128, BLOCK_M=128, BLOCK_N=256, EVEN_K=True, GROUP_M=8, USE_FAST_ACCUM=False, num_stages=3, num_warps=8
  triton_mm_1 0.5263 ms 84.0% ACC_TYPE='tl.int32', ALLOW_TF32=False, BLOCK_K=32, BLOCK_M=64, BLOCK_N=128, EVEN_K=True, GROUP_M=8, USE_FAST_ACCUM=False, num_stages=3, num_warps=4
  triton_mm_2 0.5263 ms 84.0% ACC_TYPE='tl.int32', ALLOW_TF32=False, BLOCK_K=32, BLOCK_M=128, BLOCK_N=64, EVEN_K=True, GROUP_M=8, USE_FAST_ACCUM=False, num_stages=3, num_warps=4
  triton_mm_8 0.5325 ms 83.1% ACC_TYPE='tl.int32', ALLOW_TF32=False, BLOCK_K=64, BLOCK_M=64, BLOCK_N=64, EVEN_K=True, GROUP_M=8, USE_FAST_ACCUM=False, num_stages=3, num_warps=8
  triton_mm_3 0.5571 ms 79.4% ACC_TYPE='tl.int32', ALLOW_TF32=False, BLOCK_K=32, BLOCK_M=64, BLOCK_N=128, EVEN_K=True, GROUP_M=8, USE_FAST_ACCUM=False, num_stages=4, num_warps=8
  triton_mm_4 0.5704 ms 77.6% ACC_TYPE='tl.int32', ALLOW_TF32=False, BLOCK_K=32, BLOCK_M=128, BLOCK_N=64, EVEN_K=True, GROUP_M=8, USE_FAST_ACCUM=False, num_stages=4, num_warps=8
  triton_mm_7 0.6072 ms 72.8% ACC_TYPE='tl.int32', ALLOW_TF32=False, BLOCK_K=32, BLOCK_M=128, BLOCK_N=128, EVEN_K=True, GROUP_M=8, USE_FAST_ACCUM=False, num_stages=2, num_warps=8
  triton_mm_0 0.6564 ms 67.4% ACC_TYPE='tl.int32', ALLOW_TF32=False, BLOCK_K=32, BLOCK_M=64, BLOCK_N=64, EVEN_K=True, GROUP_M=8, USE_FAST_ACCUM=False, num_stages=2, num_warps=4
SingleProcess AUTOTUNE benchmarking takes 0.4782 seconds and 0.0008 seconds precompiling for 12 choices
AUTOTUNE int_mm(4096x2048, 2048x2048)
strides: [2048, 1], [1, 2048]
dtypes: torch.int8, torch.int8
  _int_mm 0.2232 ms 100.0% 
  triton_mm_36 0.2355 ms 94.8% ACC_TYPE='tl.int32', ALLOW_TF32=False, BLOCK_K=128, BLOCK_M=256, BLOCK_N=128, EVEN_K=True, GROUP_M=8, USE_FAST_ACCUM=False, num_stages=3, num_warps=8
  triton_mm_35 0.2488 ms 89.7% ACC_TYPE='tl.int32', ALLOW_TF32=False, BLOCK_K=128, BLOCK_M=128, BLOCK_N=256, EVEN_K=True, GROUP_M=8, USE_FAST_ACCUM=False, num_stages=3, num_warps=8
  triton_mm_27 0.2580 ms 86.5% ACC_TYPE='tl.int32', ALLOW_TF32=False, BLOCK_K=32, BLOCK_M=64, BLOCK_N=128, EVEN_K=True, GROUP_M=8, USE_FAST_ACCUM=False, num_stages=3, num_warps=4
  triton_mm_34 0.2703 ms 82.6% ACC_TYPE='tl.int32', ALLOW_TF32=False, BLOCK_K=64, BLOCK_M=64, BLOCK_N=64, EVEN_K=True, GROUP_M=8, USE_FAST_ACCUM=False, num_stages=3, num_warps=8
  triton_mm_28 0.2744 ms 81.3% ACC_TYPE='tl.int32', ALLOW_TF32=False, BLOCK_K=32, BLOCK_M=128, BLOCK_N=64, EVEN_K=True, GROUP_M=8, USE_FAST_ACCUM=False, num_stages=3, num_warps=4
  triton_mm_29 0.2785 ms 80.1% ACC_TYPE='tl.int32', ALLOW_TF32=False, BLOCK_K=32, BLOCK_M=64, BLOCK_N=128, EVEN_K=True, GROUP_M=8, USE_FAST_ACCUM=False, num_stages=4, num_warps=8
  triton_mm_33 0.2990 ms 74.6% ACC_TYPE='tl.int32', ALLOW_TF32=False, BLOCK_K=32, BLOCK_M=128, BLOCK_N=128, EVEN_K=True, GROUP_M=8, USE_FAST_ACCUM=False, num_stages=2, num_warps=8
  triton_mm_30 0.3021 ms 73.9% ACC_TYPE='tl.int32', ALLOW_TF32=False, BLOCK_K=32, BLOCK_M=128, BLOCK_N=64, EVEN_K=True, GROUP_M=8, USE_FAST_ACCUM=False, num_stages=4, num_warps=8
  triton_mm_26 0.3246 ms 68.8% ACC_TYPE='tl.int32', ALLOW_TF32=False, BLOCK_K=32, BLOCK_M=64, BLOCK_N=64, EVEN_K=True, GROUP_M=8, USE_FAST_ACCUM=False, num_stages=2, num_warps=4
SingleProcess AUTOTUNE benchmarking takes 0.4591 seconds and 0.0005 seconds precompiling for 12 choices
AUTOTUNE int_mm(4096x2048, 2048x12288)
strides: [2048, 1], [1, 2048]
dtypes: torch.int8, torch.int8
  triton_mm_46 1.2431 ms 100.0% ACC_TYPE='tl.int32', ALLOW_TF32=False, BLOCK_K=128, BLOCK_M=128, BLOCK_N=256, EVEN_K=True, GROUP_M=8, USE_FAST_ACCUM=False, num_stages=3, num_warps=8
  _int_mm 1.2974 ms 95.8% 
  triton_mm_47 1.3834 ms 89.9% ACC_TYPE='tl.int32', ALLOW_TF32=False, BLOCK_K=128, BLOCK_M=256, BLOCK_N=128, EVEN_K=True, GROUP_M=8, USE_FAST_ACCUM=False, num_stages=3, num_warps=8
  triton_mm_45 1.5350 ms 81.0% ACC_TYPE='tl.int32', ALLOW_TF32=False, BLOCK_K=64, BLOCK_M=64, BLOCK_N=64, EVEN_K=True, GROUP_M=8, USE_FAST_ACCUM=False, num_stages=3, num_warps=8
  triton_mm_39 1.5729 ms 79.0% ACC_TYPE='tl.int32', ALLOW_TF32=False, BLOCK_K=32, BLOCK_M=128, BLOCK_N=64, EVEN_K=True, GROUP_M=8, USE_FAST_ACCUM=False, num_stages=3, num_warps=4
  triton_mm_38 1.6916 ms 73.5% ACC_TYPE='tl.int32', ALLOW_TF32=False, BLOCK_K=32, BLOCK_M=64, BLOCK_N=128, EVEN_K=True, GROUP_M=8, USE_FAST_ACCUM=False, num_stages=3, num_warps=4
  triton_mm_40 1.7295 ms 71.9% ACC_TYPE='tl.int32', ALLOW_TF32=False, BLOCK_K=32, BLOCK_M=64, BLOCK_N=128, EVEN_K=True, GROUP_M=8, USE_FAST_ACCUM=False, num_stages=4, num_warps=8
  triton_mm_44 1.7500 ms 71.0% ACC_TYPE='tl.int32', ALLOW_TF32=False, BLOCK_K=32, BLOCK_M=128, BLOCK_N=128, EVEN_K=True, GROUP_M=8, USE_FAST_ACCUM=False, num_stages=2, num_warps=8
  triton_mm_41 1.7992 ms 69.1% ACC_TYPE='tl.int32', ALLOW_TF32=False, BLOCK_K=32, BLOCK_M=128, BLOCK_N=64, EVEN_K=True, GROUP_M=8, USE_FAST_ACCUM=False, num_stages=4, num_warps=8
  triton_mm_37 1.8432 ms 67.4% ACC_TYPE='tl.int32', ALLOW_TF32=False, BLOCK_K=32, BLOCK_M=64, BLOCK_N=64, EVEN_K=True, GROUP_M=8, USE_FAST_ACCUM=False, num_stages=2, num_warps=4
SingleProcess AUTOTUNE benchmarking takes 0.5681 seconds and 0.0004 seconds precompiling for 12 choices
AUTOTUNE int_mm(4096x6144, 6144x2048)
strides: [6144, 1], [1, 6144]
dtypes: torch.int8, torch.int8
  _int_mm 0.5437 ms 100.0% 
  triton_mm_58 0.6052 ms 89.8% ACC_TYPE='tl.int32', ALLOW_TF32=False, BLOCK_K=128, BLOCK_M=256, BLOCK_N=128, EVEN_K=True, GROUP_M=8, USE_FAST_ACCUM=False, num_stages=3, num_warps=8
  triton_mm_57 0.6595 ms 82.4% ACC_TYPE='tl.int32', ALLOW_TF32=False, BLOCK_K=128, BLOCK_M=128, BLOCK_N=256, EVEN_K=True, GROUP_M=8, USE_FAST_ACCUM=False, num_stages=3, num_warps=8
  triton_mm_56 0.8192 ms 66.4% ACC_TYPE='tl.int32', ALLOW_TF32=False, BLOCK_K=64, BLOCK_M=64, BLOCK_N=64, EVEN_K=True, GROUP_M=8, USE_FAST_ACCUM=False, num_stages=3, num_warps=8
  triton_mm_49 0.8755 ms 62.1% ACC_TYPE='tl.int32', ALLOW_TF32=False, BLOCK_K=32, BLOCK_M=64, BLOCK_N=128, EVEN_K=True, GROUP_M=8, USE_FAST_ACCUM=False, num_stages=3, num_warps=4
  triton_mm_50 0.8765 ms 62.0% ACC_TYPE='tl.int32', ALLOW_TF32=False, BLOCK_K=32, BLOCK_M=128, BLOCK_N=64, EVEN_K=True, GROUP_M=8, USE_FAST_ACCUM=False, num_stages=3, num_warps=4
  triton_mm_52 0.9155 ms 59.4% ACC_TYPE='tl.int32', ALLOW_TF32=False, BLOCK_K=32, BLOCK_M=128, BLOCK_N=64, EVEN_K=True, GROUP_M=8, USE_FAST_ACCUM=False, num_stages=4, num_warps=8
  triton_mm_51 0.9349 ms 58.2% ACC_TYPE='tl.int32', ALLOW_TF32=False, BLOCK_K=32, BLOCK_M=64, BLOCK_N=128, EVEN_K=True, GROUP_M=8, USE_FAST_ACCUM=False, num_stages=4, num_warps=8
  triton_mm_55 0.9359 ms 58.1% ACC_TYPE='tl.int32', ALLOW_TF32=False, BLOCK_K=32, BLOCK_M=128, BLOCK_N=128, EVEN_K=True, GROUP_M=8, USE_FAST_ACCUM=False, num_stages=2, num_warps=8
  triton_mm_48 1.0056 ms 54.1% ACC_TYPE='tl.int32', ALLOW_TF32=False, BLOCK_K=32, BLOCK_M=64, BLOCK_N=64, EVEN_K=True, GROUP_M=8, USE_FAST_ACCUM=False, num_stages=2, num_warps=4
SingleProcess AUTOTUNE benchmarking takes 0.4899 seconds and 0.0004 seconds precompiling for 12 choices
AUTOTUNE int_mm(8192x2048, 2048x4096)
strides: [2048, 1], [1, 2048]
dtypes: torch.int8, torch.int8
  triton_mm_1257 0.8284 ms 100.0% ACC_TYPE='tl.int32', ALLOW_TF32=False, BLOCK_K=128, BLOCK_M=256, BLOCK_N=128, EVEN_K=True, GROUP_M=8, USE_FAST_ACCUM=False, num_stages=3, num_warps=8
  _int_mm 0.8479 ms 97.7% 
  triton_mm_1256 0.8632 ms 96.0% ACC_TYPE='tl.int32', ALLOW_TF32=False, BLOCK_K=128, BLOCK_M=128, BLOCK_N=256, EVEN_K=True, GROUP_M=8, USE_FAST_ACCUM=False, num_stages=3, num_warps=8
  triton_mm_1248 1.0383 ms 79.8% ACC_TYPE='tl.int32', ALLOW_TF32=False, BLOCK_K=32, BLOCK_M=64, BLOCK_N=128, EVEN_K=True, GROUP_M=8, USE_FAST_ACCUM=False, num_stages=3, num_warps=4
  triton_mm_1255 1.0414 ms 79.5% ACC_TYPE='tl.int32', ALLOW_TF32=False, BLOCK_K=64, BLOCK_M=64, BLOCK_N=64, EVEN_K=True, GROUP_M=8, USE_FAST_ACCUM=False, num_stages=3, num_warps=8
  triton_mm_1249 1.0435 ms 79.4% ACC_TYPE='tl.int32', ALLOW_TF32=False, BLOCK_K=32, BLOCK_M=128, BLOCK_N=64, EVEN_K=True, GROUP_M=8, USE_FAST_ACCUM=False, num_stages=3, num_warps=4
  triton_mm_1250 1.1121 ms 74.5% ACC_TYPE='tl.int32', ALLOW_TF32=False, BLOCK_K=32, BLOCK_M=64, BLOCK_N=128, EVEN_K=True, GROUP_M=8, USE_FAST_ACCUM=False, num_stages=4, num_warps=8
  triton_mm_1251 1.1397 ms 72.7% ACC_TYPE='tl.int32', ALLOW_TF32=False, BLOCK_K=32, BLOCK_M=128, BLOCK_N=64, EVEN_K=True, GROUP_M=8, USE_FAST_ACCUM=False, num_stages=4, num_warps=8
  triton_mm_1254 1.1592 ms 71.5% ACC_TYPE='tl.int32', ALLOW_TF32=False, BLOCK_K=32, BLOCK_M=128, BLOCK_N=128, EVEN_K=True, GROUP_M=8, USE_FAST_ACCUM=False, num_stages=2, num_warps=8
  triton_mm_1247 1.2708 ms 65.2% ACC_TYPE='tl.int32', ALLOW_TF32=False, BLOCK_K=32, BLOCK_M=64, BLOCK_N=64, EVEN_K=True, GROUP_M=8, USE_FAST_ACCUM=False, num_stages=2, num_warps=4
SingleProcess AUTOTUNE benchmarking takes 0.5162 seconds and 0.0004 seconds precompiling for 12 choices
AUTOTUNE int_mm(8192x2048, 2048x2048)
strides: [2048, 1], [1, 2048]
dtypes: torch.int8, torch.int8
  triton_mm_1283 0.4434 ms 100.0% ACC_TYPE='tl.int32', ALLOW_TF32=False, BLOCK_K=128, BLOCK_M=256, BLOCK_N=128, EVEN_K=True, GROUP_M=8, USE_FAST_ACCUM=False, num_stages=3, num_warps=8
  _int_mm 0.4536 ms 97.7% 
  triton_mm_1282 0.4598 ms 96.4% ACC_TYPE='tl.int32', ALLOW_TF32=False, BLOCK_K=128, BLOCK_M=128, BLOCK_N=256, EVEN_K=True, GROUP_M=8, USE_FAST_ACCUM=False, num_stages=3, num_warps=8
  triton_mm_1274 0.5048 ms 87.8% ACC_TYPE='tl.int32', ALLOW_TF32=False, BLOCK_K=32, BLOCK_M=64, BLOCK_N=128, EVEN_K=True, GROUP_M=8, USE_FAST_ACCUM=False, num_stages=3, num_warps=4
  triton_mm_1275 0.5079 ms 87.3% ACC_TYPE='tl.int32', ALLOW_TF32=False, BLOCK_K=32, BLOCK_M=128, BLOCK_N=64, EVEN_K=True, GROUP_M=8, USE_FAST_ACCUM=False, num_stages=3, num_warps=4
  triton_mm_1281 0.5540 ms 80.0% ACC_TYPE='tl.int32', ALLOW_TF32=False, BLOCK_K=64, BLOCK_M=64, BLOCK_N=64, EVEN_K=True, GROUP_M=8, USE_FAST_ACCUM=False, num_stages=3, num_warps=8
  triton_mm_1276 0.5632 ms 78.7% ACC_TYPE='tl.int32', ALLOW_TF32=False, BLOCK_K=32, BLOCK_M=64, BLOCK_N=128, EVEN_K=True, GROUP_M=8, USE_FAST_ACCUM=False, num_stages=4, num_warps=8
  triton_mm_1277 0.5714 ms 77.6% ACC_TYPE='tl.int32', ALLOW_TF32=False, BLOCK_K=32, BLOCK_M=128, BLOCK_N=64, EVEN_K=True, GROUP_M=8, USE_FAST_ACCUM=False, num_stages=4, num_warps=8
  triton_mm_1280 0.6072 ms 73.0% ACC_TYPE='tl.int32', ALLOW_TF32=False, BLOCK_K=32, BLOCK_M=128, BLOCK_N=128, EVEN_K=True, GROUP_M=8, USE_FAST_ACCUM=False, num_stages=2, num_warps=8
  triton_mm_1273 0.6564 ms 67.6% ACC_TYPE='tl.int32', ALLOW_TF32=False, BLOCK_K=32, BLOCK_M=64, BLOCK_N=64, EVEN_K=True, GROUP_M=8, USE_FAST_ACCUM=False, num_stages=2, num_warps=4
SingleProcess AUTOTUNE benchmarking takes 0.4742 seconds and 0.0004 seconds precompiling for 12 choices
AUTOTUNE int_mm(8192x2048, 2048x12288)
strides: [2048, 1], [1, 2048]
dtypes: torch.int8, torch.int8
  triton_mm_1293 2.3591 ms 100.0% ACC_TYPE='tl.int32', ALLOW_TF32=False, BLOCK_K=128, BLOCK_M=128, BLOCK_N=256, EVEN_K=True, GROUP_M=8, USE_FAST_ACCUM=False, num_stages=3, num_warps=8
  _int_mm 2.5917 ms 91.0% 
  triton_mm_1294 2.9972 ms 78.7% ACC_TYPE='tl.int32', ALLOW_TF32=False, BLOCK_K=128, BLOCK_M=256, BLOCK_N=128, EVEN_K=True, GROUP_M=8, USE_FAST_ACCUM=False, num_stages=3, num_warps=8
  triton_mm_1292 3.0126 ms 78.3% ACC_TYPE='tl.int32', ALLOW_TF32=False, BLOCK_K=64, BLOCK_M=64, BLOCK_N=64, EVEN_K=True, GROUP_M=8, USE_FAST_ACCUM=False, num_stages=3, num_warps=8
  triton_mm_1286 3.2082 ms 73.5% ACC_TYPE='tl.int32', ALLOW_TF32=False, BLOCK_K=32, BLOCK_M=128, BLOCK_N=64, EVEN_K=True, GROUP_M=8, USE_FAST_ACCUM=False, num_stages=3, num_warps=4
  triton_mm_1285 3.3208 ms 71.0% ACC_TYPE='tl.int32', ALLOW_TF32=False, BLOCK_K=32, BLOCK_M=64, BLOCK_N=128, EVEN_K=True, GROUP_M=8, USE_FAST_ACCUM=False, num_stages=3, num_warps=4
  triton_mm_1287 3.4232 ms 68.9% ACC_TYPE='tl.int32', ALLOW_TF32=False, BLOCK_K=32, BLOCK_M=64, BLOCK_N=128, EVEN_K=True, GROUP_M=8, USE_FAST_ACCUM=False, num_stages=4, num_warps=8
  triton_mm_1291 3.4642 ms 68.1% ACC_TYPE='tl.int32', ALLOW_TF32=False, BLOCK_K=32, BLOCK_M=128, BLOCK_N=128, EVEN_K=True, GROUP_M=8, USE_FAST_ACCUM=False, num_stages=2, num_warps=8
  triton_mm_1284 3.4662 ms 68.1% ACC_TYPE='tl.int32', ALLOW_TF32=False, BLOCK_K=32, BLOCK_M=64, BLOCK_N=64, EVEN_K=True, GROUP_M=8, USE_FAST_ACCUM=False, num_stages=2, num_warps=4
  triton_mm_1288 3.5574 ms 66.3% ACC_TYPE='tl.int32', ALLOW_TF32=False, BLOCK_K=32, BLOCK_M=128, BLOCK_N=64, EVEN_K=True, GROUP_M=8, USE_FAST_ACCUM=False, num_stages=4, num_warps=8
SingleProcess AUTOTUNE benchmarking takes 0.7148 seconds and 0.0005 seconds precompiling for 12 choices
AUTOTUNE int_mm(8192x6144, 6144x2048)
strides: [6144, 1], [1, 6144]
dtypes: torch.int8, torch.int8
  _int_mm 1.0916 ms 100.0% 
  triton_mm_1305 1.1878 ms 91.9% ACC_TYPE='tl.int32', ALLOW_TF32=False, BLOCK_K=128, BLOCK_M=256, BLOCK_N=128, EVEN_K=True, GROUP_M=8, USE_FAST_ACCUM=False, num_stages=3, num_warps=8
  triton_mm_1304 1.2012 ms 90.9% ACC_TYPE='tl.int32', ALLOW_TF32=False, BLOCK_K=128, BLOCK_M=128, BLOCK_N=256, EVEN_K=True, GROUP_M=8, USE_FAST_ACCUM=False, num_stages=3, num_warps=8
  triton_mm_1303 1.5852 ms 68.9% ACC_TYPE='tl.int32', ALLOW_TF32=False, BLOCK_K=64, BLOCK_M=64, BLOCK_N=64, EVEN_K=True, GROUP_M=8, USE_FAST_ACCUM=False, num_stages=3, num_warps=8
  triton_mm_1297 1.7644 ms 61.9% ACC_TYPE='tl.int32', ALLOW_TF32=False, BLOCK_K=32, BLOCK_M=128, BLOCK_N=64, EVEN_K=True, GROUP_M=8, USE_FAST_ACCUM=False, num_stages=3, num_warps=4
  triton_mm_1296 1.7674 ms 61.8% ACC_TYPE='tl.int32', ALLOW_TF32=False, BLOCK_K=32, BLOCK_M=64, BLOCK_N=128, EVEN_K=True, GROUP_M=8, USE_FAST_ACCUM=False, num_stages=3, num_warps=4
  triton_mm_1298 1.8002 ms 60.6% ACC_TYPE='tl.int32', ALLOW_TF32=False, BLOCK_K=32, BLOCK_M=64, BLOCK_N=128, EVEN_K=True, GROUP_M=8, USE_FAST_ACCUM=False, num_stages=4, num_warps=8
  triton_mm_1299 1.8012 ms 60.6% ACC_TYPE='tl.int32', ALLOW_TF32=False, BLOCK_K=32, BLOCK_M=128, BLOCK_N=64, EVEN_K=True, GROUP_M=8, USE_FAST_ACCUM=False, num_stages=4, num_warps=8
  triton_mm_1302 1.8842 ms 57.9% ACC_TYPE='tl.int32', ALLOW_TF32=False, BLOCK_K=32, BLOCK_M=128, BLOCK_N=128, EVEN_K=True, GROUP_M=8, USE_FAST_ACCUM=False, num_stages=2, num_warps=8
  triton_mm_1295 1.9180 ms 56.9% ACC_TYPE='tl.int32', ALLOW_TF32=False, BLOCK_K=32, BLOCK_M=64, BLOCK_N=64, EVEN_K=True, GROUP_M=8, USE_FAST_ACCUM=False, num_stages=2, num_warps=4
SingleProcess AUTOTUNE benchmarking takes 0.5672 seconds and 0.0004 seconds precompiling for 12 choices
[fused-bf16] geomean 1.035x dnll {'mbpp': -0.001626356103555943, 'gsm8k': 8.463171812204215e-05}
AUTOTUNE int_mm(16384x2048, 2048x4096)
strides: [2048, 1], [1, 2048]
dtypes: torch.int8, torch.int8
  triton_mm_2503 1.6333 ms 100.0% ACC_TYPE='tl.int32', ALLOW_TF32=False, BLOCK_K=128, BLOCK_M=128, BLOCK_N=256, EVEN_K=True, GROUP_M=8, USE_FAST_ACCUM=False, num_stages=3, num_warps=8
  _int_mm 1.6476 ms 99.1% 
  triton_mm_2504 1.8186 ms 89.8% ACC_TYPE='tl.int32', ALLOW_TF32=False, BLOCK_K=128, BLOCK_M=256, BLOCK_N=128, EVEN_K=True, GROUP_M=8, USE_FAST_ACCUM=False, num_stages=3, num_warps=8
  triton_mm_2495 2.0081 ms 81.3% ACC_TYPE='tl.int32', ALLOW_TF32=False, BLOCK_K=32, BLOCK_M=64, BLOCK_N=128, EVEN_K=True, GROUP_M=8, USE_FAST_ACCUM=False, num_stages=3, num_warps=4
  triton_mm_2496 2.0470 ms 79.8% ACC_TYPE='tl.int32', ALLOW_TF32=False, BLOCK_K=32, BLOCK_M=128, BLOCK_N=64, EVEN_K=True, GROUP_M=8, USE_FAST_ACCUM=False, num_stages=3, num_warps=4
  triton_mm_2502 2.0552 ms 79.5% ACC_TYPE='tl.int32', ALLOW_TF32=False, BLOCK_K=64, BLOCK_M=64, BLOCK_N=64, EVEN_K=True, GROUP_M=8, USE_FAST_ACCUM=False, num_stages=3, num_warps=8
  triton_mm_2497 2.2344 ms 73.1% ACC_TYPE='tl.int32', ALLOW_TF32=False, BLOCK_K=32, BLOCK_M=64, BLOCK_N=128, EVEN_K=True, GROUP_M=8, USE_FAST_ACCUM=False, num_stages=4, num_warps=8
  triton_mm_2501 2.2917 ms 71.3% ACC_TYPE='tl.int32', ALLOW_TF32=False, BLOCK_K=32, BLOCK_M=128, BLOCK_N=128, EVEN_K=True, GROUP_M=8, USE_FAST_ACCUM=False, num_stages=2, num_warps=8
  triton_mm_2498 2.3122 ms 70.6% ACC_TYPE='tl.int32', ALLOW_TF32=False, BLOCK_K=32, BLOCK_M=128, BLOCK_N=64, EVEN_K=True, GROUP_M=8, USE_FAST_ACCUM=False, num_stages=4, num_warps=8
  triton_mm_2494 2.4914 ms 65.6% ACC_TYPE='tl.int32', ALLOW_TF32=False, BLOCK_K=32, BLOCK_M=64, BLOCK_N=64, EVEN_K=True, GROUP_M=8, USE_FAST_ACCUM=False, num_stages=2, num_warps=4
SingleProcess AUTOTUNE benchmarking takes 0.6245 seconds and 0.0004 seconds precompiling for 12 choices
AUTOTUNE int_mm(16384x2048, 2048x2048)
strides: [2048, 1], [1, 2048]
dtypes: torch.int8, torch.int8
  triton_mm_2529 0.8192 ms 100.0% ACC_TYPE='tl.int32', ALLOW_TF32=False, BLOCK_K=128, BLOCK_M=128, BLOCK_N=256, EVEN_K=True, GROUP_M=8, USE_FAST_ACCUM=False, num_stages=3, num_warps=8
  triton_mm_2530 0.8468 ms 96.7% ACC_TYPE='tl.int32', ALLOW_TF32=False, BLOCK_K=128, BLOCK_M=256, BLOCK_N=128, EVEN_K=True, GROUP_M=8, USE_FAST_ACCUM=False, num_stages=3, num_warps=8
  _int_mm 0.8653 ms 94.7% 
  triton_mm_2521 1.0076 ms 81.3% ACC_TYPE='tl.int32', ALLOW_TF32=False, BLOCK_K=32, BLOCK_M=64, BLOCK_N=128, EVEN_K=True, GROUP_M=8, USE_FAST_ACCUM=False, num_stages=3, num_warps=4
  triton_mm_2522 1.0240 ms 80.0% ACC_TYPE='tl.int32', ALLOW_TF32=False, BLOCK_K=32, BLOCK_M=128, BLOCK_N=64, EVEN_K=True, GROUP_M=8, USE_FAST_ACCUM=False, num_stages=3, num_warps=4
  triton_mm_2528 1.0271 ms 79.8% ACC_TYPE='tl.int32', ALLOW_TF32=False, BLOCK_K=64, BLOCK_M=64, BLOCK_N=64, EVEN_K=True, GROUP_M=8, USE_FAST_ACCUM=False, num_stages=3, num_warps=8
  triton_mm_2523 1.0813 ms 75.8% ACC_TYPE='tl.int32', ALLOW_TF32=False, BLOCK_K=32, BLOCK_M=64, BLOCK_N=128, EVEN_K=True, GROUP_M=8, USE_FAST_ACCUM=False, num_stages=4, num_warps=8
  triton_mm_2524 1.1172 ms 73.3% ACC_TYPE='tl.int32', ALLOW_TF32=False, BLOCK_K=32, BLOCK_M=128, BLOCK_N=64, EVEN_K=True, GROUP_M=8, USE_FAST_ACCUM=False, num_stages=4, num_warps=8
  triton_mm_2527 1.1681 ms 70.1% ACC_TYPE='tl.int32', ALLOW_TF32=False, BLOCK_K=32, BLOCK_M=128, BLOCK_N=128, EVEN_K=True, GROUP_M=8, USE_FAST_ACCUM=False, num_stages=2, num_warps=8
  triton_mm_2520 1.2575 ms 65.1% ACC_TYPE='tl.int32', ALLOW_TF32=False, BLOCK_K=32, BLOCK_M=64, BLOCK_N=64, EVEN_K=True, GROUP_M=8, USE_FAST_ACCUM=False, num_stages=2, num_warps=4
SingleProcess AUTOTUNE benchmarking takes 0.5179 seconds and 0.0005 seconds precompiling for 12 choices
AUTOTUNE int_mm(16384x2048, 2048x12288)
strides: [2048, 1], [1, 2048]
dtypes: torch.int8, torch.int8
  triton_mm_2540 4.5773 ms 100.0% ACC_TYPE='tl.int32', ALLOW_TF32=False, BLOCK_K=128, BLOCK_M=128, BLOCK_N=256, EVEN_K=True, GROUP_M=8, USE_FAST_ACCUM=False, num_stages=3, num_warps=8
  _int_mm 5.1487 ms 88.9% 
  triton_mm_2541 6.1993 ms 73.8% ACC_TYPE='tl.int32', ALLOW_TF32=False, BLOCK_K=128, BLOCK_M=256, BLOCK_N=128, EVEN_K=True, GROUP_M=8, USE_FAST_ACCUM=False, num_stages=3, num_warps=8
  triton_mm_2533 6.2403 ms 73.4% ACC_TYPE='tl.int32', ALLOW_TF32=False, BLOCK_K=32, BLOCK_M=128, BLOCK_N=64, EVEN_K=True, GROUP_M=8, USE_FAST_ACCUM=False, num_stages=3, num_warps=4
  triton_mm_2539 6.3191 ms 72.4% ACC_TYPE='tl.int32', ALLOW_TF32=False, BLOCK_K=64, BLOCK_M=64, BLOCK_N=64, EVEN_K=True, GROUP_M=8, USE_FAST_ACCUM=False, num_stages=3, num_warps=8
  triton_mm_2532 6.5935 ms 69.4% ACC_TYPE='tl.int32', ALLOW_TF32=False, BLOCK_K=32, BLOCK_M=64, BLOCK_N=128, EVEN_K=True, GROUP_M=8, USE_FAST_ACCUM=False, num_stages=3, num_warps=4
  triton_mm_2531 6.8966 ms 66.4% ACC_TYPE='tl.int32', ALLOW_TF32=False, BLOCK_K=32, BLOCK_M=64, BLOCK_N=64, EVEN_K=True, GROUP_M=8, USE_FAST_ACCUM=False, num_stages=2, num_warps=4
  triton_mm_2538 6.9315 ms 66.0% ACC_TYPE='tl.int32', ALLOW_TF32=False, BLOCK_K=32, BLOCK_M=128, BLOCK_N=128, EVEN_K=True, GROUP_M=8, USE_FAST_ACCUM=False, num_stages=2, num_warps=8
  triton_mm_2534 6.9427 ms 65.9% ACC_TYPE='tl.int32', ALLOW_TF32=False, BLOCK_K=32, BLOCK_M=64, BLOCK_N=128, EVEN_K=True, GROUP_M=8, USE_FAST_ACCUM=False, num_stages=4, num_warps=8
  triton_mm_2535 7.0287 ms 65.1% ACC_TYPE='tl.int32', ALLOW_TF32=False, BLOCK_K=32, BLOCK_M=128, BLOCK_N=64, EVEN_K=True, GROUP_M=8, USE_FAST_ACCUM=False, num_stages=4, num_warps=8
SingleProcess AUTOTUNE benchmarking takes 1.0208 seconds and 0.0005 seconds precompiling for 12 choices
AUTOTUNE int_mm(16384x6144, 6144x2048)
strides: [6144, 1], [1, 6144]
dtypes: torch.int8, torch.int8
  _int_mm 2.0562 ms 100.0% 
  triton_mm_2552 2.2538 ms 91.2% ACC_TYPE='tl.int32', ALLOW_TF32=False, BLOCK_K=128, BLOCK_M=256, BLOCK_N=128, EVEN_K=True, GROUP_M=8, USE_FAST_ACCUM=False, num_stages=3, num_warps=8
  triton_mm_2551 2.2949 ms 89.6% ACC_TYPE='tl.int32', ALLOW_TF32=False, BLOCK_K=128, BLOCK_M=128, BLOCK_N=256, EVEN_K=True, GROUP_M=8, USE_FAST_ACCUM=False, num_stages=3, num_warps=8
  triton_mm_2550 3.1528 ms 65.2% ACC_TYPE='tl.int32', ALLOW_TF32=False, BLOCK_K=64, BLOCK_M=64, BLOCK_N=64, EVEN_K=True, GROUP_M=8, USE_FAST_ACCUM=False, num_stages=3, num_warps=8
  triton_mm_2543 3.5185 ms 58.4% ACC_TYPE='tl.int32', ALLOW_TF32=False, BLOCK_K=32, BLOCK_M=64, BLOCK_N=128, EVEN_K=True, GROUP_M=8, USE_FAST_ACCUM=False, num_stages=3, num_warps=4
  triton_mm_2544 3.5318 ms 58.2% ACC_TYPE='tl.int32', ALLOW_TF32=False, BLOCK_K=32, BLOCK_M=128, BLOCK_N=64, EVEN_K=True, GROUP_M=8, USE_FAST_ACCUM=False, num_stages=3, num_warps=4
  triton_mm_2549 3.5656 ms 57.7% ACC_TYPE='tl.int32', ALLOW_TF32=False, BLOCK_K=32, BLOCK_M=128, BLOCK_N=128, EVEN_K=True, GROUP_M=8, USE_FAST_ACCUM=False, num_stages=2, num_warps=8
  triton_mm_2546 3.5953 ms 57.2% ACC_TYPE='tl.int32', ALLOW_TF32=False, BLOCK_K=32, BLOCK_M=128, BLOCK_N=64, EVEN_K=True, GROUP_M=8, USE_FAST_ACCUM=False, num_stages=4, num_warps=8
  triton_mm_2545 3.6649 ms 56.1% ACC_TYPE='tl.int32', ALLOW_TF32=False, BLOCK_K=32, BLOCK_M=64, BLOCK_N=128, EVEN_K=True, GROUP_M=8, USE_FAST_ACCUM=False, num_stages=4, num_warps=8
  triton_mm_2542 3.9352 ms 52.3% ACC_TYPE='tl.int32', ALLOW_TF32=False, BLOCK_K=32, BLOCK_M=64, BLOCK_N=64, EVEN_K=True, GROUP_M=8, USE_FAST_ACCUM=False, num_stages=2, num_warps=4
SingleProcess AUTOTUNE benchmarking takes 0.7121 seconds and 0.0005 seconds precompiling for 12 choices
[fused-int8-sq0.5-cg] geomean 1.498x dnll {'mbpp': -0.001449659830186425, 'gsm8k': 0.0063602980385478744}
[fused-int8-sq0.8] geomean 1.495x dnll {'mbpp': -0.007150769233703613, 'gsm8k': -0.030848532915115356}
[fused-int8] geomean 1.495x dnll {'mbpp': 0.011905261898428445, 'gsm8k': 0.01898099800460359}
[fused-int8-sq0.5] geomean 1.488x dnll {'mbpp': -0.001449659830186425, 'gsm8k': 0.0063602980385478744}
[fused-int8-sq0.5-ma] geomean 1.530x dnll {'mbpp': -0.0018830813043485813, 'gsm8k': 0.006381327270442604}
[hf-int8] geomean 1.439x dnll {'mbpp': 0.008239099892174325, 'gsm8k': 0.018834912369393896}
Stopping app - uncaught exception raised locally: KeyError('wikitext').
╭───────────────────── Traceback (most recent call last) ──────────────────────╮
│ /Users/mokshnirvaan/Desktop/ThirdMoment/pilot/ref_experiment.py:284 in main  │
│                                                                              │
│   283 │   │   lines.append(f"| {v} | {s[16]:.3f} | {s[32]:.3f} | {s[64]:.3f} │
│ ❱ 284 │   │   │   │   │    f"{d['wikitext']:+.4f} | {d['mbpp']:+.4f} | {d['g │
│   285 │   │   │   │   │    + " -> ".join("/".join(f"{p.get(c, 0):.0f}" for c │
╰──────────────────────────────────────────────────────────────────────────────╯
KeyError: 'wikitext'
EXIT=1
