  1/1 Dnll_Worst: 0.012 ━━━━━━━━━━━━━━━━━━━━━━━━━━━━━━━━━━━━━━━━ 0:08:00 0:00:00
adhoc • oracle
┏━━━━━━━━┳━━━━━━━━┳━━━━━━━━┳━━━━━━━━┳━━━━━━━━┳━━━━━━━━┳━━━━━━━┳━━━━━━━━┳━━━━━━━┓
┃ Trials ┃ Excep… ┃ Dnll_… ┃ Keep_… ┃ Quali… ┃ Reward ┃ Spea… ┃ Speed… ┃ Spee… ┃
┡━━━━━━━━╇━━━━━━━━╇━━━━━━━━╇━━━━━━━━╇━━━━━━━━╇━━━━━━━━╇━━━━━━━╇━━━━━━━━╇━━━━━━━┩
│      1 │      0 │  0.012 │  0.992 │  0.882 │  0.333 │ 0.999 │  0.377 │ 1.713 │
└────────┴────────┴────────┴────────┴────────┴────────┴───────┴────────┴───────┘

┏━━━━━━━━━┳━━━━━━━┓
┃ Reward  ┃ Count ┃
┡━━━━━━━━━╇━━━━━━━┩
│ 0.33302 │     1 │
│ 1.7132  │     1 │
│ 0.01235 │     1 │
│ 0.8824  │     1 │
│ 0.99915 │     1 │
│ 0.9922  │     1 │
│ 0.3774  │     1 │
└─────────┴───────┘

Job Info
Total runtime: 8m 0s
Results written to jobs/ref-qrt-oracle-20261008-135932/result.json
Inspect results by running `harbor view jobs`
Share results by running `harbor upload jobs/ref-qrt-oracle-20261008-135932`

EXIT=0
