✓ Initialized. View run at 
https://modal.com/apps/softgeek23/main/ap-VHVwN98258XIedHNvKKBbz
Building image im-Ld9dcnmyWVAonrxySiUEgC

=> Step 0: FROM base

=> Step 1: ENV HF_HOME=/cache/hf

=> Step 2: ENV HF_HUB_OFFLINE=1

=> Step 3: ENV TORCHINDUCTOR_CACHE_DIR=/cache/inductor-cache
Saving image...
Image saved, took 862.57ms

Built image im-Ld9dcnmyWVAonrxySiUEgC in 1.39s


✓ Created objects.
├── ✓ Uploaded /Users/mokshnirvaan/Desktop/ThirdMoment/pilot/ref_experiment.py
└── ✓ Created Function evaluate.
`torch_dtype` is deprecated! Use `dtype` instead!
`torch_dtype` is deprecated! Use `dtype` instead!
`torch_dtype` is deprecated! Use `dtype` instead!
`torch_dtype` is deprecated! Use `dtype` instead!
`torch_dtype` is deprecated! Use `dtype` instead!
`torch_dtype` is deprecated! Use `dtype` instead!
`torch_dtype` is deprecated! Use `dtype` instead!
/usr/local/lib/python3.12/site-packages/torch/_inductor/compile_fx.py:282: UserWarning: TensorFloat32 tensor cores for float32 matrix multiplication available but not enabled. Consider setting `torch.set_float32_matmul_precision('high')` for better performance.
  warnings.warn(
/usr/local/lib/python3.12/site-packages/torch/_inductor/compile_fx.py:282: UserWarning: TensorFloat32 tensor cores for float32 matrix multiplication available but not enabled. Consider setting `torch.set_float32_matmul_precision('high')` for better performance.
  warnings.warn(
/usr/local/lib/python3.12/site-packages/torch/_inductor/compile_fx.py:282: UserWarning: TensorFloat32 tensor cores for float32 matrix multiplication available but not enabled. Consider setting `torch.set_float32_matmul_precision('high')` for better performance.
  warnings.warn(
/usr/local/lib/python3.12/site-packages/torch/_inductor/compile_fx.py:282: UserWarning: TensorFloat32 tensor cores for float32 matrix multiplication available but not enabled. Consider setting `torch.set_float32_matmul_precision('high')` for better performance.
  warnings.warn(
W1008 19:20:52.378000 2 site-packages/torch/_inductor/utils.py:1436] [0/0] Not enough SMs to use max_autotune_gemm mode
/usr/local/lib/python3.12/site-packages/torch/_inductor/compile_fx.py:282: UserWarning: TensorFloat32 tensor cores for float32 matrix multiplication available but not enabled. Consider setting `torch.set_float32_matmul_precision('high')` for better performance.
  warnings.warn(
W1008 19:20:54.476000 2 site-packages/torch/_inductor/utils.py:1436] [0/0] Not enough SMs to use max_autotune_gemm mode
/usr/local/lib/python3.12/site-packages/torch/_inductor/compile_fx.py:282: UserWarning: TensorFloat32 tensor cores for float32 matrix multiplication available but not enabled. Consider setting `torch.set_float32_matmul_precision('high')` for better performance.
  warnings.warn(
W1008 19:20:56.533000 2 site-packages/torch/_inductor/utils.py:1436] [0/0] Not enough SMs to use max_autotune_gemm mode
W1008 19:20:58.267000 2 site-packages/torch/_inductor/utils.py:1436] [0/0] Not enough SMs to use max_autotune_gemm mode
W1008 19:20:59.746000 2 site-packages/torch/_inductor/utils.py:1436] [0/0] Not enough SMs to use max_autotune_gemm mode
W1008 19:21:02.644000 2 site-packages/torch/_inductor/utils.py:1436] [0/0] Not enough SMs to use max_autotune_gemm mode
/usr/local/lib/python3.12/site-packages/torch/_inductor/compile_fx.py:282: UserWarning: TensorFloat32 tensor cores for float32 matrix multiplication available but not enabled. Consider setting `torch.set_float32_matmul_precision('high')` for better performance.
  warnings.warn(
W1008 19:21:10.593000 2 site-packages/torch/_inductor/utils.py:1436] [0/0] Not enough SMs to use max_autotune_gemm mode
`torch_dtype` is deprecated! Use `dtype` instead!
/usr/local/lib/python3.12/site-packages/torch/_inductor/compile_fx.py:282: UserWarning: TensorFloat32 tensor cores for float32 matrix multiplication available but not enabled. Consider setting `torch.set_float32_matmul_precision('high')` for better performance.
  warnings.warn(
W1008 19:25:46.671000 2 site-packages/torch/_inductor/utils.py:1436] [1/0] Not enough SMs to use max_autotune_gemm mode
