✓ Initialized. View run at 
https://modal.com/apps/softgeek23/main/ap-qQHNdKRKTdxYQZ4UCLDiRs
Building image im-Fk97mV5Z9wyvRVJ8Rw62EN

=> Step 0: FROM base

=> Step 1: RUN python -m pip install datasets==4.1.1 huggingface-hub==0.35.3 numpy==2.3.3 torch==2.8.0 torchao==0.13.0 transformers==4.56.2
Looking in indexes: http://pypi-mirror.modal.local:5555/simple
Collecting datasets==4.1.1
  Downloading http://pypi-mirror.modal.local:5555/simple/datasets/datasets-4.1.1-py3-none-any.whl.metadata (18 kB)
Collecting huggingface-hub==0.35.3
  Downloading http://pypi-mirror.modal.local:5555/simple/huggingface-hub/huggingface_hub-0.35.3-py3-none-any.whl.metadata (14 kB)
Collecting numpy==2.3.3
  Downloading http://pypi-mirror.modal.local:5555/simple/numpy/numpy-2.3.3-cp312-cp312-manylinux_2_27_x86_64.manylinux_2_28_x86_64.whl.metadata (62 kB)
Collecting torch==2.8.0
  Downloading http://pypi-mirror.modal.local:5555/simple/torch/torch-2.8.0-cp312-cp312-manylinux_2_28_x86_64.whl.metadata (30 kB)
Collecting torchao==0.13.0
  Downloading http://pypi-mirror.modal.local:5555/simple/torchao/torchao-0.13.0-1-cp39-abi3-manylinux_2_24_x86_64.manylinux_2_28_x86_64.whl.metadata (19 kB)
Collecting transformers==4.56.2
  Downloading http://pypi-mirror.modal.local:5555/simple/transformers/transformers-4.56.2-py3-none-any.whl.metadata (40 kB)
Collecting filelock (from datasets==4.1.1)
  Downloading http://pypi-mirror.modal.local:5555/simple/filelock/filelock-4.0.12-py3-none-any.whl.metadata (2.0 kB)
Collecting pyarrow>=21.0.0 (from datasets==4.1.1)
  Downloading http://pypi-mirror.modal.local:5555/simple/pyarrow/pyarrow-25.0.1-cp312-cp312-manylinux_2_28_x86_64.whl.metadata (3.0 kB)
Collecting dill<0.4.1,>=0.3.0 (from datasets==4.1.1)
  Downloading http://pypi-mirror.modal.local:5555/simple/dill/dill-0.4.0-py3-none-any.whl.metadata (10 kB)
Collecting pandas (from datasets==4.1.1)
  Downloading http://pypi-mirror.modal.local:5555/simple/pandas/pandas-3.0.6-cp312-cp312-manylinux_2_24_x86_64.manylinux_2_28_x86_64.whl.metadata (79 kB)
Collecting requests>=2.32.2 (from datasets==4.1.1)
  Downloading http://pypi-mirror.modal.local:5555/simple/requests/requests-2.34.2-py3-none-any.whl.metadata (4.8 kB)
Collecting tqdm>=4.66.3 (from datasets==4.1.1)
  Downloading http://pypi-mirror.modal.local:5555/simple/tqdm/tqdm-4.70.1-py3-none-any.whl.metadata (57 kB)
Collecting xxhash (from datasets==4.1.1)
  Downloading http://pypi-mirror.modal.local:5555/simple/xxhash/xxhash-4.0.1-cp312-cp312-manylinux2014_x86_64.manylinux_2_17_x86_64.manylinux_2_28_x86_64.whl.metadata (17 kB)
Collecting multiprocess<0.70.17 (from datasets==4.1.1)
  Downloading http://pypi-mirror.modal.local:5555/simple/multiprocess/multiprocess-0.70.16-py312-none-any.whl.metadata (7.2 kB)
Collecting fsspec<=2025.9.0,>=2023.1.0 (from fsspec[http]<=2025.9.0,>=2023.1.0->datasets==4.1.1)
  Downloading http://pypi-mirror.modal.local:5555/simple/fsspec/fsspec-2025.9.0-py3-none-any.whl.metadata (10 kB)
Collecting packaging (from datasets==4.1.1)
  Downloading http://pypi-mirror.modal.local:5555/simple/packaging/packaging-26.3-py3-none-any.whl.metadata (3.5 kB)
Collecting pyyaml>=5.1 (from datasets==4.1.1)
  Downloading http://pypi-mirror.modal.local:5555/simple/pyyaml/pyyaml-6.0.3-cp312-cp312-manylinux2014_x86_64.manylinux_2_17_x86_64.manylinux_2_28_x86_64.whl.metadata (2.4 kB)
Collecting typing-extensions>=3.7.4.3 (from huggingface-hub==0.35.3)
  Downloading http://pypi-mirror.modal.local:5555/simple/typing-extensions/typing_extensions-4.16.0-py3-none-any.whl.metadata (3.3 kB)
Collecting hf-xet<2.0.0,>=1.1.3 (from huggingface-hub==0.35.3)
  Downloading http://pypi-mirror.modal.local:5555/simple/hf-xet/hf_xet-1.7.0-cp38-abi3-manylinux2014_x86_64.manylinux_2_17_x86_64.whl.metadata (4.9 kB)
Collecting setuptools (from torch==2.8.0)
  Downloading http://pypi-mirror.modal.local:5555/simple/setuptools/setuptools-84.0.0-py3-none-any.whl.metadata (6.6 kB)
Collecting sympy>=1.13.3 (from torch==2.8.0)
  Downloading http://pypi-mirror.modal.local:5555/simple/sympy/sympy-1.14.0-py3-none-any.whl.metadata (12 kB)
Collecting networkx (from torch==2.8.0)
  Downloading http://pypi-mirror.modal.local:5555/simple/networkx/networkx-3.7-py3-none-any.whl.metadata (6.7 kB)
Collecting jinja2 (from torch==2.8.0)
  Downloading http://pypi-mirror.modal.local:5555/simple/jinja2/jinja2-3.1.6-py3-none-any.whl.metadata (2.9 kB)
Collecting nvidia-cuda-nvrtc-cu12==12.8.93 (from torch==2.8.0)
  Downloading http://pypi-mirror.modal.local:5555/simple/nvidia-cuda-nvrtc-cu12/nvidia_cuda_nvrtc_cu12-12.8.93-py3-none-manylinux2010_x86_64.manylinux_2_12_x86_64.whl.metadata (1.7 kB)
Collecting nvidia-cuda-runtime-cu12==12.8.90 (from torch==2.8.0)
  Downloading http://pypi-mirror.modal.local:5555/simple/nvidia-cuda-runtime-cu12/nvidia_cuda_runtime_cu12-12.8.90-py3-none-manylinux2014_x86_64.manylinux_2_17_x86_64.whl.metadata (1.7 kB)
Collecting nvidia-cuda-cupti-cu12==12.8.90 (from torch==2.8.0)
  Downloading http://pypi-mirror.modal.local:5555/simple/nvidia-cuda-cupti-cu12/nvidia_cuda_cupti_cu12-12.8.90-py3-none-manylinux2014_x86_64.manylinux_2_17_x86_64.whl.metadata (1.7 kB)
Collecting nvidia-cudnn-cu12==9.10.2.21 (from torch==2.8.0)
  Downloading http://pypi-mirror.modal.local:5555/simple/nvidia-cudnn-cu12/nvidia_cudnn_cu12-9.10.2.21-py3-none-manylinux_2_27_x86_64.whl.metadata (1.8 kB)
Collecting nvidia-cublas-cu12==12.8.4.1 (from torch==2.8.0)
  Downloading http://pypi-mirror.modal.local:5555/simple/nvidia-cublas-cu12/nvidia_cublas_cu12-12.8.4.1-py3-none-manylinux_2_27_x86_64.whl.metadata (1.7 kB)
Collecting nvidia-cufft-cu12==11.3.3.83 (from torch==2.8.0)
  Downloading http://pypi-mirror.modal.local:5555/simple/nvidia-cufft-cu12/nvidia_cufft_cu12-11.3.3.83-py3-none-manylinux2014_x86_64.manylinux_2_17_x86_64.whl.metadata (1.7 kB)
Collecting nvidia-curand-cu12==10.3.9.90 (from torch==2.8.0)
  Downloading http://pypi-mirror.modal.local:5555/simple/nvidia-curand-cu12/nvidia_curand_cu12-10.3.9.90-py3-none-manylinux_2_27_x86_64.whl.metadata (1.7 kB)
Collecting nvidia-cusolver-cu12==11.7.3.90 (from torch==2.8.0)
  Downloading http://pypi-mirror.modal.local:5555/simple/nvidia-cusolver-cu12/nvidia_cusolver_cu12-11.7.3.90-py3-none-manylinux_2_27_x86_64.whl.metadata (1.8 kB)
Collecting nvidia-cusparse-cu12==12.5.8.93 (from torch==2.8.0)
  Downloading http://pypi-mirror.modal.local:5555/simple/nvidia-cusparse-cu12/nvidia_cusparse_cu12-12.5.8.93-py3-none-manylinux2014_x86_64.manylinux_2_17_x86_64.whl.metadata (1.8 kB)
Collecting nvidia-cusparselt-cu12==0.7.1 (from torch==2.8.0)
  Downloading http://pypi-mirror.modal.local:5555/simple/nvidia-cusparselt-cu12/nvidia_cusparselt_cu12-0.7.1-py3-none-manylinux2014_x86_64.whl.metadata (7.0 kB)
Collecting nvidia-nccl-cu12==2.27.3 (from torch==2.8.0)
  Downloading http://pypi-mirror.modal.local:5555/simple/nvidia-nccl-cu12/nvidia_nccl_cu12-2.27.3-py3-none-manylinux2014_x86_64.manylinux_2_17_x86_64.whl.metadata (2.0 kB)
Collecting nvidia-nvtx-cu12==12.8.90 (from torch==2.8.0)
  Downloading http://pypi-mirror.modal.local:5555/simple/nvidia-nvtx-cu12/nvidia_nvtx_cu12-12.8.90-py3-none-manylinux2014_x86_64.manylinux_2_17_x86_64.whl.metadata (1.8 kB)
Collecting nvidia-nvjitlink-cu12==12.8.93 (from torch==2.8.0)
  Downloading http://pypi-mirror.modal.local:5555/simple/nvidia-nvjitlink-cu12/nvidia_nvjitlink_cu12-12.8.93-py3-none-manylinux2010_x86_64.manylinux_2_12_x86_64.whl.metadata (1.7 kB)
Collecting nvidia-cufile-cu12==1.13.1.3 (from torch==2.8.0)
  Downloading http://pypi-mirror.modal.local:5555/simple/nvidia-cufile-cu12/nvidia_cufile_cu12-1.13.1.3-py3-none-manylinux2014_x86_64.manylinux_2_17_x86_64.whl.metadata (1.7 kB)
Collecting triton==3.4.0 (from torch==2.8.0)
  Downloading http://pypi-mirror.modal.local:5555/simple/triton/triton-3.4.0-cp312-cp312-manylinux_2_27_x86_64.manylinux_2_28_x86_64.whl.metadata (1.7 kB)
Collecting regex!=2019.12.17 (from transformers==4.56.2)
  Downloading http://pypi-mirror.modal.local:5555/simple/regex/regex-2026.9.29-cp312-cp312-manylinux2014_x86_64.manylinux_2_17_x86_64.manylinux_2_28_x86_64.whl.metadata (40 kB)
Collecting tokenizers<=0.23.0,>=0.22.0 (from transformers==4.56.2)
  Downloading http://pypi-mirror.modal.local:5555/simple/tokenizers/tokenizers-0.22.2-cp39-abi3-manylinux_2_17_x86_64.manylinux2014_x86_64.whl.metadata (7.3 kB)
Collecting safetensors>=0.4.3 (from transformers==4.56.2)
  Downloading http://pypi-mirror.modal.local:5555/simple/safetensors/safetensors-0.8.0-cp310-abi3-manylinux_2_17_x86_64.manylinux2014_x86_64.whl.metadata (4.2 kB)
Collecting aiohttp!=4.0.0a0,!=4.0.0a1 (from fsspec[http]<=2025.9.0,>=2023.1.0->datasets==4.1.1)
  Downloading http://pypi-mirror.modal.local:5555/simple/aiohttp/aiohttp-3.14.4-cp312-cp312-manylinux2014_x86_64.manylinux_2_17_x86_64.manylinux_2_28_x86_64.whl.metadata (8.3 kB)
Collecting aiohappyeyeballs>=2.5.0 (from aiohttp!=4.0.0a0,!=4.0.0a1->fsspec[http]<=2025.9.0,>=2023.1.0->datasets==4.1.1)
  Downloading http://pypi-mirror.modal.local:5555/simple/aiohappyeyeballs/aiohappyeyeballs-2.7.1-py3-none-any.whl.metadata (5.9 kB)
Collecting aiosignal>=1.4.0 (from aiohttp!=4.0.0a0,!=4.0.0a1->fsspec[http]<=2025.9.0,>=2023.1.0->datasets==4.1.1)
  Downloading http://pypi-mirror.modal.local:5555/simple/aiosignal/aiosignal-1.4.0-py3-none-any.whl.metadata (3.7 kB)
Collecting attrs>=17.3.0 (from aiohttp!=4.0.0a0,!=4.0.0a1->fsspec[http]<=2025.9.0,>=2023.1.0->datasets==4.1.1)
  Downloading http://pypi-mirror.modal.local:5555/simple/attrs/attrs-26.1.0-py3-none-any.whl.metadata (8.8 kB)
Collecting frozenlist>=1.1.1 (from aiohttp!=4.0.0a0,!=4.0.0a1->fsspec[http]<=2025.9.0,>=2023.1.0->datasets==4.1.1)
  Downloading http://pypi-mirror.modal.local:5555/simple/frozenlist/frozenlist-1.8.0-cp312-cp312-manylinux1_x86_64.manylinux_2_28_x86_64.manylinux_2_5_x86_64.whl.metadata (20 kB)
Collecting multidict<7.0,>=4.5 (from aiohttp!=4.0.0a0,!=4.0.0a1->fsspec[http]<=2025.9.0,>=2023.1.0->datasets==4.1.1)
  Downloading http://pypi-mirror.modal.local:5555/simple/multidict/multidict-6.9.1-cp312-cp312-manylinux2014_x86_64.manylinux_2_17_x86_64.manylinux_2_28_x86_64.whl.metadata (5.3 kB)
Collecting propcache>=0.2.0 (from aiohttp!=4.0.0a0,!=4.0.0a1->fsspec[http]<=2025.9.0,>=2023.1.0->datasets==4.1.1)
  Downloading http://pypi-mirror.modal.local:5555/simple/propcache/propcache-0.5.4-cp312-cp312-manylinux2014_x86_64.manylinux_2_17_x86_64.manylinux_2_28_x86_64.whl.metadata (25 kB)
Collecting yarl<2.0,>=1.25.1 (from aiohttp!=4.0.0a0,!=4.0.0a1->fsspec[http]<=2025.9.0,>=2023.1.0->datasets==4.1.1)
  Downloading http://pypi-mirror.modal.local:5555/simple/yarl/yarl-1.25.1-cp312-cp312-manylinux2014_x86_64.manylinux_2_17_x86_64.manylinux_2_28_x86_64.whl.metadata (111 kB)
Collecting idna>=2.0 (from yarl<2.0,>=1.25.1->aiohttp!=4.0.0a0,!=4.0.0a1->fsspec[http]<=2025.9.0,>=2023.1.0->datasets==4.1.1)
  Downloading http://pypi-mirror.modal.local:5555/simple/idna/idna-3.20-py3-none-any.whl.metadata (7.2 kB)
Collecting charset_normalizer<4,>=2 (from requests>=2.32.2->datasets==4.1.1)
  Downloading http://pypi-mirror.modal.local:5555/simple/charset-normalizer/charset_normalizer-3.5.2-cp312-cp312-manylinux2014_x86_64.manylinux_2_17_x86_64.manylinux_2_28_x86_64.whl.metadata (46 kB)
Collecting urllib3<3,>=1.26 (from requests>=2.32.2->datasets==4.1.1)
  Downloading http://pypi-mirror.modal.local:5555/simple/urllib3/urllib3-2.8.0-py3-none-any.whl.metadata (7.4 kB)
Collecting certifi>=2023.5.7 (from requests>=2.32.2->datasets==4.1.1)
  Downloading http://pypi-mirror.modal.local:5555/simple/certifi/certifi-2026.7.22-py3-none-any.whl.metadata (2.5 kB)
Collecting mpmath<1.4,>=1.1.0 (from sympy>=1.13.3->torch==2.8.0)
  Downloading http://pypi-mirror.modal.local:5555/simple/mpmath/mpmath-1.3.0-py3-none-any.whl.metadata (8.6 kB)
Collecting MarkupSafe>=2.0 (from jinja2->torch==2.8.0)
  Downloading http://pypi-mirror.modal.local:5555/simple/markupsafe/markupsafe-3.0.4-cp312-cp312-manylinux2014_x86_64.manylinux_2_17_x86_64.manylinux_2_28_x86_64.whl.metadata (2.7 kB)
Collecting python-dateutil>=2.8.2 (from pandas->datasets==4.1.1)
  Downloading http://pypi-mirror.modal.local:5555/simple/python-dateutil/python_dateutil-2.9.0.post0-py2.py3-none-any.whl.metadata (8.4 kB)
Collecting six>=1.5 (from python-dateutil>=2.8.2->pandas->datasets==4.1.1)
  Downloading http://pypi-mirror.modal.local:5555/simple/six/six-1.17.0-py2.py3-none-any.whl.metadata (1.7 kB)
Downloading http://pypi-mirror.modal.local:5555/simple/datasets/datasets-4.1.1-py3-none-any.whl (503 kB)
Downloading http://pypi-mirror.modal.local:5555/simple/huggingface-hub/huggingface_hub-0.35.3-py3-none-any.whl (564 kB)
   ━━━━━━━━━━━━━━━━━━━━━━━━━━━━━━━━━━━━━━━ 564.3/564.3 kB 932.2 MB/s eta 0:00:00
Downloading http://pypi-mirror.modal.local:5555/simple/numpy/numpy-2.3.3-cp312-cp312-manylinux_2_27_x86_64.manylinux_2_28_x86_64.whl (16.6 MB)
   ━━━━━━━━━━━━━━━━━━━━━━━━━━━━━━━━━━━━━━━━ 16.6/16.6 MB 681.5 MB/s eta 0:00:00
Downloading http://pypi-mirror.modal.local:5555/simple/torch/torch-2.8.0-cp312-cp312-manylinux_2_28_x86_64.whl (887.9 MB)
   ━━━━━━━━━━━━━━━━━━━━━━━━━━━━━━━━━━━━━━━ 887.9/887.9 MB 673.9 MB/s eta 0:00:00
Downloading http://pypi-mirror.modal.local:5555/simple/torchao/torchao-0.13.0-1-cp39-abi3-manylinux_2_24_x86_64.manylinux_2_28_x86_64.whl (6.9 MB)
   ━━━━━━━━━━━━━━━━━━━━━━━━━━━━━━━━━━━━━━━━ 6.9/6.9 MB 73.5 MB/s eta 0:00:00
Downloading http://pypi-mirror.modal.local:5555/simple/transformers/transformers-4.56.2-py3-none-any.whl (11.6 MB)
   ━━━━━━━━━━━━━━━━━━━━━━━━━━━━━━━━━━━━━━━━ 11.6/11.6 MB 286.2 MB/s eta 0:00:00
Downloading http://pypi-mirror.modal.local:5555/simple/nvidia-cublas-cu12/nvidia_cublas_cu12-12.8.4.1-py3-none-manylinux_2_27_x86_64.whl (594.3 MB)
   ━━━━━━━━━━━━━━━━━━━━━━━━━━━━━━━━━━━━━━━ 594.3/594.3 MB 831.7 MB/s eta 0:00:00
Downloading http://pypi-mirror.modal.local:5555/simple/nvidia-cuda-cupti-cu12/nvidia_cuda_cupti_cu12-12.8.90-py3-none-manylinux2014_x86_64.manylinux_2_17_x86_64.whl (10.2 MB)
   ━━━━━━━━━━━━━━━━━━━━━━━━━━━━━━━━━━━━━━━━ 10.2/10.2 MB 774.6 MB/s eta 0:00:00
Downloading http://pypi-mirror.modal.local:5555/simple/nvidia-cuda-nvrtc-cu12/nvidia_cuda_nvrtc_cu12-12.8.93-py3-none-manylinux2010_x86_64.manylinux_2_12_x86_64.whl (88.0 MB)
   ━━━━━━━━━━━━━━━━━━━━━━━━━━━━━━━━━━━━━━━━ 88.0/88.0 MB 810.6 MB/s eta 0:00:00
Downloading http://pypi-mirror.modal.local:5555/simple/nvidia-cuda-runtime-cu12/nvidia_cuda_runtime_cu12-12.8.90-py3-none-manylinux2014_x86_64.manylinux_2_17_x86_64.whl (954 kB)
   ━━━━━━━━━━━━━━━━━━━━━━━━━━━━━━━━━━━━━━━━ 954.8/954.8 kB 1.1 GB/s eta 0:00:00
Downloading http://pypi-mirror.modal.local:5555/simple/nvidia-cudnn-cu12/nvidia_cudnn_cu12-9.10.2.21-py3-none-manylinux_2_27_x86_64.whl (706.8 MB)
   ━━━━━━━━━━━━━━━━━━━━━━━━━━━━━━━━━━━━━━━ 706.8/706.8 MB 840.1 MB/s eta 0:00:00
Downloading http://pypi-mirror.modal.local:5555/simple/nvidia-cufft-cu12/nvidia_cufft_cu12-11.3.3.83-py3-none-manylinux2014_x86_64.manylinux_2_17_x86_64.whl (193.1 MB)
   ━━━━━━━━━━━━━━━━━━━━━━━━━━━━━━━━━━━━━━━ 193.1/193.1 MB 808.7 MB/s eta 0:00:00
Downloading http://pypi-mirror.modal.local:5555/simple/nvidia-cufile-cu12/nvidia_cufile_cu12-1.13.1.3-py3-none-manylinux2014_x86_64.manylinux_2_17_x86_64.whl (1.2 MB)
   ━━━━━━━━━━━━━━━━━━━━━━━━━━━━━━━━━━━━━━━━ 1.2/1.2 MB 846.2 MB/s eta 0:00:00
Downloading http://pypi-mirror.modal.local:5555/simple/nvidia-curand-cu12/nvidia_curand_cu12-10.3.9.90-py3-none-manylinux_2_27_x86_64.whl (63.6 MB)
   ━━━━━━━━━━━━━━━━━━━━━━━━━━━━━━━━━━━━━━━━ 63.6/63.6 MB 842.2 MB/s eta 0:00:00
Downloading http://pypi-mirror.modal.local:5555/simple/nvidia-cusolver-cu12/nvidia_cusolver_cu12-11.7.3.90-py3-none-manylinux_2_27_x86_64.whl (267.5 MB)
   ━━━━━━━━━━━━━━━━━━━━━━━━━━━━━━━━━━━━━━━ 267.5/267.5 MB 849.7 MB/s eta 0:00:00
Downloading http://pypi-mirror.modal.local:5555/simple/nvidia-cusparse-cu12/nvidia_cusparse_cu12-12.5.8.93-py3-none-manylinux2014_x86_64.manylinux_2_17_x86_64.whl (288.2 MB)
   ━━━━━━━━━━━━━━━━━━━━━━━━━━━━━━━━━━━━━━━ 288.2/288.2 MB 837.5 MB/s eta 0:00:00
Downloading http://pypi-mirror.modal.local:5555/simple/nvidia-cusparselt-cu12/nvidia_cusparselt_cu12-0.7.1-py3-none-manylinux2014_x86_64.whl (287.2 MB)
   ━━━━━━━━━━━━━━━━━━━━━━━━━━━━━━━━━━━━━━━ 287.2/287.2 MB 827.9 MB/s eta 0:00:00
Downloading http://pypi-mirror.modal.local:5555/simple/nvidia-nccl-cu12/nvidia_nccl_cu12-2.27.3-py3-none-manylinux2014_x86_64.manylinux_2_17_x86_64.whl (322.4 MB)
   ━━━━━━━━━━━━━━━━━━━━━━━━━━━━━━━━━━━━━━━ 322.4/322.4 MB 857.7 MB/s eta 0:00:00
Downloading http://pypi-mirror.modal.local:5555/simple/nvidia-nvjitlink-cu12/nvidia_nvjitlink_cu12-12.8.93-py3-none-manylinux2010_x86_64.manylinux_2_12_x86_64.whl (39.3 MB)
   ━━━━━━━━━━━━━━━━━━━━━━━━━━━━━━━━━━━━━━━━ 39.3/39.3 MB 897.9 MB/s eta 0:00:00
Downloading http://pypi-mirror.modal.local:5555/simple/nvidia-nvtx-cu12/nvidia_nvtx_cu12-12.8.90-py3-none-manylinux2014_x86_64.manylinux_2_17_x86_64.whl (89 kB)
Downloading http://pypi-mirror.modal.local:5555/simple/triton/triton-3.4.0-cp312-cp312-manylinux_2_27_x86_64.manylinux_2_28_x86_64.whl (155.6 MB)
   ━━━━━━━━━━━━━━━━━━━━━━━━━━━━━━━━━━━━━━━ 155.6/155.6 MB 852.1 MB/s eta 0:00:00
Downloading http://pypi-mirror.modal.local:5555/simple/dill/dill-0.4.0-py3-none-any.whl (119 kB)
Downloading http://pypi-mirror.modal.local:5555/simple/fsspec/fsspec-2025.9.0-py3-none-any.whl (199 kB)
Downloading http://pypi-mirror.modal.local:5555/simple/hf-xet/hf_xet-1.7.0-cp38-abi3-manylinux2014_x86_64.manylinux_2_17_x86_64.whl (4.2 MB)
   ━━━━━━━━━━━━━━━━━━━━━━━━━━━━━━━━━━━━━━━━ 4.2/4.2 MB 1.1 GB/s eta 0:00:00
Downloading http://pypi-mirror.modal.local:5555/simple/multiprocess/multiprocess-0.70.16-py312-none-any.whl (146 kB)
Downloading http://pypi-mirror.modal.local:5555/simple/tokenizers/tokenizers-0.22.2-cp39-abi3-manylinux_2_17_x86_64.manylinux2014_x86_64.whl (3.3 MB)
   ━━━━━━━━━━━━━━━━━━━━━━━━━━━━━━━━━━━━━━━━ 3.3/3.3 MB 1.1 GB/s eta 0:00:00
Downloading http://pypi-mirror.modal.local:5555/simple/aiohttp/aiohttp-3.14.4-cp312-cp312-manylinux2014_x86_64.manylinux_2_17_x86_64.manylinux_2_28_x86_64.whl (1.9 MB)
   ━━━━━━━━━━━━━━━━━━━━━━━━━━━━━━━━━━━━━━━━ 1.9/1.9 MB 1.0 GB/s eta 0:00:00
Downloading http://pypi-mirror.modal.local:5555/simple/multidict/multidict-6.9.1-cp312-cp312-manylinux2014_x86_64.manylinux_2_17_x86_64.manylinux_2_28_x86_64.whl (336 kB)
Downloading http://pypi-mirror.modal.local:5555/simple/yarl/yarl-1.25.1-cp312-cp312-manylinux2014_x86_64.manylinux_2_17_x86_64.manylinux_2_28_x86_64.whl (117 kB)
Downloading http://pypi-mirror.modal.local:5555/simple/aiohappyeyeballs/aiohappyeyeballs-2.7.1-py3-none-any.whl (15 kB)
Downloading http://pypi-mirror.modal.local:5555/simple/aiosignal/aiosignal-1.4.0-py3-none-any.whl (7.5 kB)
Downloading http://pypi-mirror.modal.local:5555/simple/attrs/attrs-26.1.0-py3-none-any.whl (67 kB)
Downloading http://pypi-mirror.modal.local:5555/simple/frozenlist/frozenlist-1.8.0-cp312-cp312-manylinux1_x86_64.manylinux_2_28_x86_64.manylinux_2_5_x86_64.whl (242 kB)
Downloading http://pypi-mirror.modal.local:5555/simple/idna/idna-3.20-py3-none-any.whl (69 kB)
Downloading http://pypi-mirror.modal.local:5555/simple/packaging/packaging-26.3-py3-none-any.whl (129 kB)
Downloading http://pypi-mirror.modal.local:5555/simple/propcache/propcache-0.5.4-cp312-cp312-manylinux2014_x86_64.manylinux_2_17_x86_64.manylinux_2_28_x86_64.whl (250 kB)
Downloading http://pypi-mirror.modal.local:5555/simple/pyarrow/pyarrow-25.0.1-cp312-cp312-manylinux_2_28_x86_64.whl (50.1 MB)
   ━━━━━━━━━━━━━━━━━━━━━━━━━━━━━━━━━━━━━━━━ 50.1/50.1 MB 924.9 MB/s eta 0:00:00
Downloading http://pypi-mirror.modal.local:5555/simple/pyyaml/pyyaml-6.0.3-cp312-cp312-manylinux2014_x86_64.manylinux_2_17_x86_64.manylinux_2_28_x86_64.whl (807 kB)
   ━━━━━━━━━━━━━━━━━━━━━━━━━━━━━━━━━━━━━━━━ 807.9/807.9 kB 1.1 GB/s eta 0:00:00
Downloading http://pypi-mirror.modal.local:5555/simple/regex/regex-2026.9.29-cp312-cp312-manylinux2014_x86_64.manylinux_2_17_x86_64.manylinux_2_28_x86_64.whl (807 kB)
   ━━━━━━━━━━━━━━━━━━━━━━━━━━━━━━━━━━━━━━━━ 807.8/807.8 kB 1.1 GB/s eta 0:00:00
Downloading http://pypi-mirror.modal.local:5555/simple/requests/requests-2.34.2-py3-none-any.whl (73 kB)
Downloading http://pypi-mirror.modal.local:5555/simple/charset-normalizer/charset_normalizer-3.5.2-cp312-cp312-manylinux2014_x86_64.manylinux_2_17_x86_64.manylinux_2_28_x86_64.whl (257 kB)
Downloading http://pypi-mirror.modal.local:5555/simple/urllib3/urllib3-2.8.0-py3-none-any.whl (135 kB)
Downloading http://pypi-mirror.modal.local:5555/simple/certifi/certifi-2026.7.22-py3-none-any.whl (136 kB)
Downloading http://pypi-mirror.modal.local:5555/simple/safetensors/safetensors-0.8.0-cp310-abi3-manylinux_2_17_x86_64.manylinux2014_x86_64.whl (516 kB)
Downloading http://pypi-mirror.modal.local:5555/simple/setuptools/setuptools-84.0.0-py3-none-any.whl (818 kB)
   ━━━━━━━━━━━━━━━━━━━━━━━━━━━━━━━━━━━━━━━━ 818.2/818.2 kB 1.2 GB/s eta 0:00:00
Downloading http://pypi-mirror.modal.local:5555/simple/sympy/sympy-1.14.0-py3-none-any.whl (6.3 MB)
   ━━━━━━━━━━━━━━━━━━━━━━━━━━━━━━━━━━━━━━━━ 6.3/6.3 MB 976.8 MB/s eta 0:00:00
Downloading http://pypi-mirror.modal.local:5555/simple/mpmath/mpmath-1.3.0-py3-none-any.whl (536 kB)
   ━━━━━━━━━━━━━━━━━━━━━━━━━━━━━━━━━━━━━━━━ 536.2/536.2 kB 1.0 GB/s eta 0:00:00
Downloading http://pypi-mirror.modal.local:5555/simple/tqdm/tqdm-4.70.1-py3-none-any.whl (80 kB)
Downloading http://pypi-mirror.modal.local:5555/simple/typing-extensions/typing_extensions-4.16.0-py3-none-any.whl (45 kB)
Downloading http://pypi-mirror.modal.local:5555/simple/filelock/filelock-4.0.12-py3-none-any.whl (111 kB)
Downloading http://pypi-mirror.modal.local:5555/simple/jinja2/jinja2-3.1.6-py3-none-any.whl (134 kB)
Downloading http://pypi-mirror.modal.local:5555/simple/markupsafe/markupsafe-3.0.4-cp312-cp312-manylinux2014_x86_64.manylinux_2_17_x86_64.manylinux_2_28_x86_64.whl (22 kB)
Downloading http://pypi-mirror.modal.local:5555/simple/networkx/networkx-3.7-py3-none-any.whl (2.1 MB)
   ━━━━━━━━━━━━━━━━━━━━━━━━━━━━━━━━━━━━━━━━ 2.1/2.1 MB 1.2 GB/s eta 0:00:00
Downloading http://pypi-mirror.modal.local:5555/simple/pandas/pandas-3.0.6-cp312-cp312-manylinux_2_24_x86_64.manylinux_2_28_x86_64.whl (10.8 MB)
   ━━━━━━━━━━━━━━━━━━━━━━━━━━━━━━━━━━━━━━━━ 10.8/10.8 MB 889.3 MB/s eta 0:00:00
Downloading http://pypi-mirror.modal.local:5555/simple/python-dateutil/python_dateutil-2.9.0.post0-py2.py3-none-any.whl (229 kB)
Downloading http://pypi-mirror.modal.local:5555/simple/six/six-1.17.0-py2.py3-none-any.whl (11 kB)
Downloading http://pypi-mirror.modal.local:5555/simple/xxhash/xxhash-4.0.1-cp312-cp312-manylinux2014_x86_64.manylinux_2_17_x86_64.manylinux_2_28_x86_64.whl (261 kB)
Installing collected packages: torchao, nvidia-cusparselt-cu12, mpmath, xxhash, urllib3, typing-extensions, tqdm, sympy, six, setuptools, safetensors, regex, pyyaml, pyarrow, propcache, packaging, nvidia-nvtx-cu12, nvidia-nvjitlink-cu12, nvidia-nccl-cu12, nvidia-curand-cu12, nvidia-cufile-cu12, nvidia-cuda-runtime-cu12, nvidia-cuda-nvrtc-cu12, nvidia-cuda-cupti-cu12, nvidia-cublas-cu12, numpy, networkx, multidict, MarkupSafe, idna, hf-xet, fsspec, frozenlist, filelock, dill, charset_normalizer, certifi, attrs, aiohappyeyeballs, yarl, triton, requests, python-dateutil, nvidia-cusparse-cu12, nvidia-cufft-cu12, nvidia-cudnn-cu12, multiprocess, jinja2, aiosignal, pandas, nvidia-cusolver-cu12, huggingface-hub, aiohttp, torch, tokenizers, transformers, datasets

Successfully installed MarkupSafe-3.0.4 aiohappyeyeballs-2.7.1 aiohttp-3.14.4 aiosignal-1.4.0 attrs-26.1.0 certifi-2026.7.22 charset_normalizer-3.5.2 datasets-4.1.1 dill-0.4.0 filelock-4.0.12 frozenlist-1.8.0 fsspec-2025.9.0 hf-xet-1.7.0 huggingface-hub-0.35.3 idna-3.20 jinja2-3.1.6 mpmath-1.3.0 multidict-6.9.1 multiprocess-0.70.16 networkx-3.7 numpy-2.3.3 nvidia-cublas-cu12-12.8.4.1 nvidia-cuda-cupti-cu12-12.8.90 nvidia-cuda-nvrtc-cu12-12.8.93 nvidia-cuda-runtime-cu12-12.8.90 nvidia-cudnn-cu12-9.10.2.21 nvidia-cufft-cu12-11.3.3.83 nvidia-cufile-cu12-1.13.1.3 nvidia-curand-cu12-10.3.9.90 nvidia-cusolver-cu12-11.7.3.90 nvidia-cusparse-cu12-12.5.8.93 nvidia-cusparselt-cu12-0.7.1 nvidia-nccl-cu12-2.27.3 nvidia-nvjitlink-cu12-12.8.93 nvidia-nvtx-cu12-12.8.90 packaging-26.3 pandas-3.0.6 propcache-0.5.4 pyarrow-25.0.1 python-dateutil-2.9.0.post0 pyyaml-6.0.3 regex-2026.9.29 requests-2.34.2 safetensors-0.8.0 setuptools-84.0.0 six-1.17.0 sympy-1.14.0 tokenizers-0.22.2 torch-2.8.0 torchao-0.13.0 tqdm-4.70.1 transformers-4.56.2 triton-3.4.0 typing-extensions-4.16.0 urllib3-2.8.0 xxhash-4.0.1 yarl-1.25.1

[notice] A new release of pip is available: 25.1.1 -> 26.2.1
[notice] To update, run: pip install --upgrade pip
Saving image...
Image saved, took 2.97s

Built image im-Fk97mV5Z9wyvRVJ8Rw62EN in 66.90s


Building image im-Ihu3lt8j9IPO25JpeviqKi

=> Step 0: FROM base

=> Step 1: ENV HF_HOME=/cache/hf

=> Step 2: ENV TOKENIZERS_PARALLELISM=false
Saving image...
Image saved, took 986.25ms

Built image im-Ihu3lt8j9IPO25JpeviqKi in 1.79s


✓ Created objects.
├── ✓ Uploaded /Users/mokshnirvaan/Desktop/ThirdMoment/pilot/pilot.py
├── ✓ Created Function prepare.
├── ✓ Created Function evaluate.
└── ✓ Created Function sensitivity.

[1AFetching 10 files:   0%|          | 0/10 [00:00<?, ?it/s]
[1AFetching 10 files:  80%|████████  | 8/10 [00:00<00:00, 10.83it/s]
[1AFetching 10 files: 100%|██████████| 10/10 [00:10<00:00,  1.02s/it]

[1AGenerating test split:   0%|          | 0/4358 [00:00<?, ? examples/s]
[1AGenerating test split: 100%|██████████| 4358/4358 [00:00<00:00, 91885.93 examples/s]

[1AGenerating train split:   0%|          | 0/36718 [00:00<?, ? examples/s]Generating train split: 100%|██████████| 36718/36718 [00:00<00:00, 388579.41 examples/s]

[1AGenerating validation split:   0%|          | 0/3760 [00:00<?, ? examples/s]Generating validation split: 100%|██████████| 3760/3760 [00:00<00:00, 129544.21 examples/s]
Token indices sequence length is longer than the specified maximum sequence length for this model (298938 > 131072). Running this sequence through the model will result in indexing errors

[1AGenerating train split:   0%|          | 0/374 [00:00<?, ? examples/s]
[1AGenerating train split: 100%|██████████| 374/374 [00:00<00:00, 28893.20 examples/s]

[1AGenerating test split:   0%|          | 0/500 [00:00<?, ? examples/s]
[1AGenerating test split: 100%|██████████| 500/500 [00:00<00:00, 46201.93 examples/s]

[1AGenerating validation split:   0%|          | 0/90 [00:00<?, ? examples/s]
[1AGenerating validation split: 100%|██████████| 90/90 [00:00<00:00, 11596.44 examples/s]

[1AGenerating prompt split:   0%|          | 0/10 [00:00<?, ? examples/s]
[1AGenerating prompt split: 100%|██████████| 10/10 [00:00<00:00, 1402.36 examples/s]

[1AGenerating train split:   0%|          | 0/7473 [00:00<?, ? examples/s]
[1AGenerating train split: 100%|██████████| 7473/7473 [00:00<00:00, 74035.49 examples/s]
[1AGenerating train split: 100%|██████████| 7473/7473 [00:00<00:00, 73545.43 examples/s]

[1AGenerating test split:   0%|          | 0/1319 [00:00<?, ? examples/s]Generating test split: 100%|██████████| 1319/1319 [00:00<00:00, 116690.30 examples/s]
prepared: {'data_sha256': '76fcf24aba38c5e6b54040370a667e4cfd15b4f86ed163a3eaf97feac0b4bda5', 'n_eval': {'wikitext': 128, 'mbpp': 128, 'gsm8k': 128}, 'scored_tokens': {'wikitext': 32768, 'mbpp': 6720, 'gsm8k': 16596}}
`torch_dtype` is deprecated! Use `dtype` instead!
`torch_dtype` is deprecated! Use `dtype` instead!
`torch_dtype` is deprecated! Use `dtype` instead!
`torch_dtype` is deprecated! Use `dtype` instead!
`torch_dtype` is deprecated! Use `dtype` instead!
/usr/local/lib/python3.12/site-packages/torch/_inductor/compile_fx.py:282: UserWarning: TensorFloat32 tensor cores for float32 matrix multiplication available but not enabled. Consider setting `torch.set_float32_matmul_precision('high')` for better performance.
  warnings.warn(
/usr/local/lib/python3.12/site-packages/torch/_inductor/compile_fx.py:282: UserWarning: TensorFloat32 tensor cores for float32 matrix multiplication available but not enabled. Consider setting `torch.set_float32_matmul_precision('high')` for better performance.
  warnings.warn(
/usr/local/lib/python3.12/site-packages/torch/_inductor/compile_fx.py:282: UserWarning: TensorFloat32 tensor cores for float32 matrix multiplication available but not enabled. Consider setting `torch.set_float32_matmul_precision('high')` for better performance.
  warnings.warn(
W1008 17:39:31.984000 2 site-packages/torch/_inductor/utils.py:1436] [0/0] Not enough SMs to use max_autotune_gemm mode
W1008 17:39:33.109000 2 site-packages/torch/_inductor/utils.py:1436] [0/0] Not enough SMs to use max_autotune_gemm mode
W1008 17:39:36.098000 2 site-packages/torch/_inductor/utils.py:1436] [0/0] Not enough SMs to use max_autotune_gemm mode
[bf16] done: b1 25.66 ms, b16 14122 tok/s
Stopping app - user stopped from CLI.
Runner terminated.
╭───────────────────── Traceback (most recent call last) ──────────────────────╮
│ /Users/mokshnirvaan/Desktop/ThirdMoment/pilot/pilot.py:512 in main           │
│                                                                              │
│   511 │   stage1 = [{"name": "bf16", "mode": "bf16"}, {"name": "int8", "mode │
│ ❱ 512 │   results = {r["variant"]["name"]: r for r in evaluate.map(stage1)}  │
│   513 │   ranks = {m: h.get() for m, h in sens.items()}                      │
│                                                                              │
│ /Users/mokshnirvaan/.local/share/uv/tools/harbor/lib/python3.13/site-package │
│ s/modal/_utils/async_utils.py:856 in __iter__                                │
│                                                                              │
│    855 │   │   │   with Runner() as runner:                                  │
│ ❱  856 │   │   │   │   yield from run_async_gen(runner, self._async_iterable │
│    857 │   │   except NestedEventLoops:                                      │
│                                                                              │
│ /Users/mokshnirvaan/.local/share/uv/tools/harbor/lib/python3.13/site-package │
│ s/modal/_utils/async_utils.py:934 in run_async_gen                           │
│                                                                              │
│    933 │   │   │   else:                                                     │
│ ❱  934 │   │   │   │   next_yield = runner.run(gen.asend(next_send))  # type │
│    935 │   │   except KeyboardInterrupt as e:                                │
│                                                                              │
│ /opt/homebrew/Caskroom/miniconda/base/lib/python3.13/asyncio/base_events.py: │
│ 725 in run_until_complete                                                    │
│                                                                              │
│    724 │   │                                                                 │
│ ❱  725 │   │   return future.result()                                        │
│    726                                                                       │
│                                                                              │
│ /Users/mokshnirvaan/.local/share/uv/tools/harbor/lib/python3.13/site-package │
│ s/modal/_utils/async_utils.py:766 in asend                                   │
│                                                                              │
│    765 │   │   self.iterated = True                                          │
│ ❱  766 │   │   return await self.gen.asend(value)                            │
│    767                                                                       │
│                                                                              │
│ /Users/mokshnirvaan/.local/share/uv/tools/harbor/lib/python3.13/site-package │
│ s/modal/parallel_map.py:1042 in _map_async                                   │
│                                                                              │
│   1041 │   async_input_gen = async_zip(*[sync_or_async_iter(it) for it in in │
│ ❱ 1042 │   async for output in _map_helper(                                  │
│   1043 │   │   self,                                                         │
│                                                                              │
│ /Users/mokshnirvaan/.local/share/uv/tools/harbor/lib/python3.13/site-package │
│ s/modal/parallel_map.py:1015 in _map_helper                                  │
│                                                                              │
│   1014 │   ) as map_output_stream:                                           │
│ ❱ 1015 │   │   async for output in map_output_stream:                        │
│   1016 │   │   │   yield output                                              │
│                                                                              │
│ /Users/mokshnirvaan/.local/share/uv/tools/harbor/lib/python3.13/site-package │
│ s/modal/_utils/async_utils.py:1108 in async_merge                            │
│                                                                              │
│   1107 │   │   │   │   │   assert_type(item, ExceptionWrapper)               │
│ ❱ 1108 │   │   │   │   │   raise item.value                                  │
│   1109                                                                       │
│                                                                              │
│ /Users/mokshnirvaan/.local/share/uv/tools/harbor/lib/python3.13/site-package │
│ s/modal/_utils/async_utils.py:1087 in producer                               │
│                                                                              │
│   1086 │   │   │   async with aclosing(generator) as stream:                 │
│ ❱ 1087 │   │   │   │   async for item in stream:                             │
│   1088 │   │   │   │   │   await queue.put(ValueWrapper(item))               │
│                                                                              │
│ /Users/mokshnirvaan/.local/share/uv/tools/harbor/lib/python3.13/site-package │
│ s/modal/_object.py:61 in wrapped                                             │
│                                                                              │
│    60 │   │   async with aclosing(method(self, *args, **kwargs)) as stream:  │
│ ❱  61 │   │   │   async for item in stream:                                  │
│    62 │   │   │   │   yield item                                             │
│                                                                              │
│ /Users/mokshnirvaan/.local/share/uv/tools/harbor/lib/python3.13/site-package │
│ s/modal/_functions.py:1948 in _map                                           │
│                                                                              │
│   1947 │   │   │   ) as stream:                                              │
│ ❱ 1948 │   │   │   │   async for item in stream:                             │
│   1949 │   │   │   │   │   yield item                                        │
│                                                                              │
│ /Users/mokshnirvaan/.local/share/uv/tools/harbor/lib/python3.13/site-package │
│ s/modal/parallel_map.py:971 in _map_invocation_inputplane                    │
│                                                                              │
│    970 │   ) as merged:                                                      │
│ ❱  971 │   │   async for maybe_output in merged:                             │
│    972 │   │   │   if maybe_output is not None:  # ignore None sentinels     │
│                                                                              │
│ /Users/mokshnirvaan/.local/share/uv/tools/harbor/lib/python3.13/site-package │
│ s/modal/_utils/async_utils.py:1108 in async_merge                            │
│                                                                              │
│   1107 │   │   │   │   │   assert_type(item, ExceptionWrapper)               │
│ ❱ 1108 │   │   │   │   │   raise item.value                                  │
│   1109                                                                       │
│                                                                              │
│ /Users/mokshnirvaan/.local/share/uv/tools/harbor/lib/python3.13/site-package │
│ s/modal/_utils/async_utils.py:1087 in producer                               │
│                                                                              │
│   1086 │   │   │   async with aclosing(generator) as stream:                 │
│ ❱ 1087 │   │   │   │   async for item in stream:                             │
│   1088 │   │   │   │   │   await queue.put(ValueWrapper(item))               │
│                                                                              │
│ /Users/mokshnirvaan/.local/share/uv/tools/harbor/lib/python3.13/site-package │
│ s/modal/parallel_map.py:926 in poll_outputs                                  │
│                                                                              │
│    925 │   │   ) as streamer:                                                │
│ ❱  926 │   │   │   async for idx, output in streamer:                        │
│    927 │   │   │   │   if not order_outputs:                                 │
│                                                                              │
│ /Users/mokshnirvaan/.local/share/uv/tools/harbor/lib/python3.13/site-package │
│ s/modal/_utils/async_utils.py:1237 in async_map_ordered                      │
│                                                                              │
│   1236 │   async with aclosing(async_map(async_zip(counter(), input_generato │
│ ❱ 1237 │   │   async for output_idx, output_item in stream:                  │
│   1238 │   │   │   buffer[output_idx] = output_item                          │
│                                                                              │
│ /Users/mokshnirvaan/.local/share/uv/tools/harbor/lib/python3.13/site-package │
│ s/modal/_utils/async_utils.py:1213 in async_map                              │
│                                                                              │
│   1212 │   ) as stream:                                                      │
│ ❱ 1213 │   │   async for item in stream:                                     │
│   1214 │   │   │   yield item                                                │
│                                                                              │
│ /Users/mokshnirvaan/.local/share/uv/tools/harbor/lib/python3.13/site-package │
│ s/modal/_utils/async_utils.py:1108 in async_merge                            │
│                                                                              │
│   1107 │   │   │   │   │   assert_type(item, ExceptionWrapper)               │
│ ❱ 1108 │   │   │   │   │   raise item.value                                  │
│   1109                                                                       │
│                                                                              │
│ /Users/mokshnirvaan/.local/share/uv/tools/harbor/lib/python3.13/site-package │
│ s/modal/_utils/async_utils.py:1087 in producer                               │
│                                                                              │
│   1086 │   │   │   async with aclosing(generator) as stream:                 │
│ ❱ 1087 │   │   │   │   async for item in stream:                             │
│   1088 │   │   │   │   │   await queue.put(ValueWrapper(item))               │
│                                                                              │
│ /Users/mokshnirvaan/.local/share/uv/tools/harbor/lib/python3.13/site-package │
│ s/modal/_utils/async_utils.py:1202 in worker                                 │
│                                                                              │
│   1201 │   │   │   if isinstance(item, ValueWrapper):                        │
│ ❱ 1202 │   │   │   │   res = await prevent_cancellation_abortion(async_mappe │
│   1203 │   │   │   │   yield res                                             │
│                                                                              │
│ /Users/mokshnirvaan/.local/share/uv/tools/harbor/lib/python3.13/site-package │
│ s/modal/_utils/async_utils.py:1167 in prevent_cancellation_abortion          │
│                                                                              │
│   1166 │   try:                                                              │
│ ❱ 1167 │   │   return await asyncio.shield(t)                                │
│   1168 │   except asyncio.CancelledError:                                    │
│                                                                              │
│ /Users/mokshnirvaan/.local/share/uv/tools/harbor/lib/python3.13/site-package │
│ s/modal/_utils/async_utils.py:1226 in mapper_func_wrapper                    │
│                                                                              │
│   1225 │   async def mapper_func_wrapper(tup: tuple[int, T]) -> tuple[int, V │
│ ❱ 1226 │   │   return (tup[0], await async_mapper_func(tup[1]))              │
│   1227                                                                       │
│                                                                              │
│ /Users/mokshnirvaan/.local/share/uv/tools/harbor/lib/python3.13/site-package │
│ s/modal/parallel_map.py:915 in fetch_output                                  │
│                                                                              │
│    914 │   │   │   else:                                                     │
│ ❱  915 │   │   │   │   raise e                                               │
│    916 │   │   return (item.idx, output)                                     │
│                                                                              │
│ /Users/mokshnirvaan/.local/share/uv/tools/harbor/lib/python3.13/site-package │
│ s/modal/parallel_map.py:910 in fetch_output                                  │
│                                                                              │
│    909 │   │   try:                                                          │
│ ❱  910 │   │   │   output = await _process_result(item.result, item.data_for │
│    911 │   │   except Exception as e:                                        │
│                                                                              │
│ /Users/mokshnirvaan/.local/share/uv/tools/harbor/lib/python3.13/site-package │
│ s/modal/_utils/function_utils.py:574 in _process_result                      │
│                                                                              │
│   573 │   │                                                                  │
│ ❱ 574 │   │   raise RemoteError(result.exception)                            │
│   575                                                                        │
╰──────────────────────────────────────────────────────────────────────────────╯
RemoteError
EXIT=1
